[+] Containers:
 |- [+] Container: /Game/Levels/AND_OR_Tutorial
 |   |- [+] ActorDescs:
 |   |   |- Guid:0B7AB5124E41FD563495D29700C525CF BaseClass:/Game/Objects/BP_Wire.BP_Wire_C NativeClass:/Script/Engine.Actor Name:BP_Wire_C_UAID_7085C2CB42D7E91D02_1703916150 Label:BP_Wire2 SpatiallyLoaded:1 Bounds:IsValid=true, Min=(X=3067.500 Y=1561.250 Z=-2.500), Max=(X=3072.500 Y=2398.750 Z=2.500) RuntimeGrid:None EditorOnly:0 RuntimeOnly:0 HLODRelevant:0
 |   |   |- Guid:245DE648469D2A7A2D46A4A26392BA7C BaseClass: NativeClass:/Script/Engine.StaticMeshActor Name:StaticMeshActor_UAID_7085C2CB42D7E91D02_1377397142 Label:Wall_400x304 SpatiallyLoaded:1 Bounds:IsValid=true, Min=(X=1190.000 Y=2090.000 Z=0.000), Max=(X=2490.000 Y=2110.000 Z=300.000) RuntimeGrid:None EditorOnly:0 RuntimeOnly:0 HLODRelevant:1
 |   |   |- Guid:29CF4B3F4FF2C2EFA5A6C9BA7E7E4E44 BaseClass: NativeClass:/Script/Engine.StaticMeshActor Name:StaticMeshActor_UAID_7085C2CB42D7E81D02_1290014956 Label:Wall_Door_400x300 SpatiallyLoaded:1 Bounds:IsValid=true, Min=(X=1190.000 Y=1610.000 Z=0.000), Max=(X=1210.000 Y=2110.000 Z=353.250) RuntimeGrid:None EditorOnly:0 RuntimeOnly:0 HLODRelevant:1
 |   |   |- Guid:2C5CDC054FC90642870E3E9BD614DFD9 BaseClass: NativeClass:/Script/Engine.StaticMeshActor Name:StaticMeshActor_UAID_7085C2CB42D7D71B02_1430799865 Label:SM_ChamferCube SpatiallyLoaded:1 Bounds:IsValid=true, Min=(X=500.000 Y=930.000 Z=160.013), Max=(X=600.000 Y=1030.000 Z=260.013) RuntimeGrid:None EditorOnly:0 RuntimeOnly:0 HLODRelevant:0
 |   |   |- Guid:330EE27E41469DC0BFCDE5BCF7E8E759 BaseClass: NativeClass:/Script/Engine.ExponentialHeightFog Name:ExponentialHeightFog_UAID_7085C2CB42D7D71B02_1430806871 Label:ExponentialHeightFog SpatiallyLoaded:0 Bounds:IsValid=true, Min=(X=-5600.000 Y=-50.000 Z=-6850.000), Max=(X=-5600.000 Y=-50.000 Z=-6850.000) RuntimeGrid:None EditorOnly:0 RuntimeOnly:0 HLODRelevant:0 FolderPath:Lighting FolderGuid:5635185844B0E190F74950934FE67D09
 |   |   |- Guid:3616EB3C47C465EB162A2690EC38688B BaseClass:/Game/Objects/BP_Wire.BP_Wire_C NativeClass:/Script/Engine.Actor Name:BP_Wire_C_UAID_7085C2CB42D7E91D02_1591879149 Label:BP_Wire SpatiallyLoaded:1 Bounds:IsValid=true, Min=(X=2468.125 Y=1567.500 Z=-2.500), Max=(X=3071.875 Y=1572.500 Z=2.500) RuntimeGrid:None EditorOnly:0 RuntimeOnly:0 HLODRelevant:0
 |   |   |- Guid:370C66C0486DA3F8988832A49C3C0CB6 BaseClass: NativeClass:/Script/Engine.StaticMeshActor Name:StaticMeshActor_UAID_7085C2CB42D7E91D02_1389460143 Label:Wall_Door_400x301 SpatiallyLoaded:1 Bounds:IsValid=true, Min=(X=1260.000 Y=2850.000 Z=0.000), Max=(X=1280.000 Y=3350.000 Z=353.250) RuntimeGrid:None EditorOnly:0 RuntimeOnly:0 HLODRelevant:1
 |   |   |- Guid:399CF52D4B267AE482DC1185673F52B5 BaseClass: NativeClass:/Script/Engine.StaticMeshActor Name:StaticMeshActor_UAID_7085C2CB42D7D71B02_1430798864 Label:SM_Cube3 SpatiallyLoaded:1 Bounds:IsValid=true, Min=(X=0.000 Y=4650.000 Z=0.000), Max=(X=3650.000 Y=4750.000 Z=1275.000) RuntimeGrid:None EditorOnly:0 RuntimeOnly:0 HLODRelevant:1 FolderPath:Playground FolderGuid:2A921B52439E7531AE5401AF45FD0EC0
 |   |   |- Guid:3A0C3C6B455BFF9D58B3AE8F79958EAC BaseClass: NativeClass:/Script/Engine.PostProcessVolume Name:PostProcessVolume_UAID_7085C2CB42D7D71B02_1430811875 Label:PostProcessVolume SpatiallyLoaded:0 Bounds:IsValid=true, Min=(X=0.000 Y=0.000 Z=400.000), Max=(X=200.000 Y=200.000 Z=600.000) RuntimeGrid:None EditorOnly:0 RuntimeOnly:0 HLODRelevant:0 FolderPath:Lighting FolderGuid:5635185844B0E190F74950934FE67D09
 |   |   |- Guid:3F2796534F658610C544FF81116A4EF6 BaseClass: NativeClass:/Script/Engine.DirectionalLight Name:DirectionalLight_UAID_7085C2CB42D7D71B02_1430817880 Label:DirectionalLight SpatiallyLoaded:0 Bounds:IsValid=true, Min=(X=-4398046511104.000 Y=-4398046511104.000 Z=-4398046511104.000), Max=(X=4398046511104.000 Y=4398046511104.000 Z=4398046511104.000) RuntimeGrid:None EditorOnly:0 RuntimeOnly:0 HLODRelevant:0 FolderPath:Lighting FolderGuid:5635185844B0E190F74950934FE67D09
 |   |   |- Guid:425C59CF4E0F3C37228DA3A0138DCCDD BaseClass:/Game/Objects/BP_Plate.BP_Plate_C NativeClass:/Script/Engine.Actor Name:BP_Plate_C_UAID_7085C2CB42D7E81D02_1964189960 Label:BP_Plate2 SpatiallyLoaded:1 Bounds:IsValid=true, Min=(X=1863.013 Y=1543.013 Z=-12.500), Max=(X=2496.987 Y=2176.987 Z=171.250) RuntimeGrid:None EditorOnly:0 RuntimeOnly:0 HLODRelevant:0
 |   |   |- Guid:43EA9A304325398EF6288495D8F7040A BaseClass: NativeClass:/Script/Engine.TextRenderActor Name:TextRenderActor_UAID_7085C2CB42D7D71B02_1430810874 Label:TextRenderActor SpatiallyLoaded:1 Bounds:IsValid=true, Min=(X=-0.100 Y=1100.000 Z=65.013), Max=(X=-0.100 Y=2392.308 Z=215.013) RuntimeGrid:None EditorOnly:0 RuntimeOnly:0 HLODRelevant:0
 |   |   |- Guid:54820E5D4F80AC077B56018F4665CD68 BaseClass:/Game/Objects/BP_Plate.BP_Plate_C NativeClass:/Script/Engine.Actor Name:BP_Plate_C_UAID_7085C2CB42D7E81D02_1929704959 Label:BP_Plate SpatiallyLoaded:1 Bounds:IsValid=true, Min=(X=1863.013 Y=733.013 Z=-12.500), Max=(X=2496.987 Y=1366.987 Z=171.250) RuntimeGrid:None EditorOnly:0 RuntimeOnly:0 HLODRelevant:0
 |   |   |- Guid:5892FC8C40850DE309B35D900BC0536B BaseClass:/Game/Objects/BP_Wire.BP_Wire_C NativeClass:/Script/Engine.Actor Name:BP_Wire_C_UAID_7085C2CB42D7E91D02_1762758152 Label:BP_Wire4 SpatiallyLoaded:1 Bounds:IsValid=true, Min=(X=2697.500 Y=2401.250 Z=-2.500), Max=(X=2702.500 Y=3198.750 Z=2.500) RuntimeGrid:None EditorOnly:0 RuntimeOnly:0 HLODRelevant:0
 |   |   |- Guid:59F3168A4A9F00B1F5F21DBDDCA447FD BaseClass: NativeClass:/Script/Engine.WorldDataLayers Name:WorldDataLayers Label:WorldDataLayers SpatiallyLoaded:0 Bounds:IsValid=true, Min=(X=0.000 Y=0.000 Z=0.000), Max=(X=0.000 Y=0.000 Z=0.000) RuntimeGrid:None EditorOnly:0 RuntimeOnly:0 HLODRelevant:0
 |   |   |- Guid:60411E504A1B21BE15AF5D8EAE0E3A4D BaseClass:/Game/Objects/BP_Wire.BP_Wire_C NativeClass:/Script/Engine.Actor Name:BP_Wire_C_UAID_7085C2CB42D7E91D02_1742243151 Label:BP_Wire3 SpatiallyLoaded:1 Bounds:IsValid=true, Min=(X=2336.875 Y=3197.500 Z=-2.500), Max=(X=2703.125 Y=3202.500 Z=2.500) RuntimeGrid:None EditorOnly:0 RuntimeOnly:0 HLODRelevant:0
 |   |   |- Guid:6573C9A14B4E6673CD8B699907F420BB BaseClass:/Game/Objects/BP_Wire.BP_Wire_C NativeClass:/Script/Engine.Actor Name:BP_Wire_C_UAID_7085C2CB42D7EA1D02_1137161303 Label:BP_Wire6 SpatiallyLoaded:1 Bounds:IsValid=true, Min=(X=3078.125 Y=2397.500 Z=-2.500), Max=(X=3621.875 Y=2402.500 Z=2.500) RuntimeGrid:None EditorOnly:0 RuntimeOnly:0 HLODRelevant:0
 |   |   |- Guid:746E3DF04BAFAB147FBFCBB2BC9F20EE BaseClass: NativeClass:/Script/Engine.StaticMeshActor Name:StaticMeshActor_UAID_7085C2CB42D7E91D02_1231137140 Label:Wall_400x204 SpatiallyLoaded:1 Bounds:IsValid=true, Min=(X=1190.000 Y=730.000 Z=0.000), Max=(X=1210.000 Y=1630.000 Z=350.000) RuntimeGrid:None EditorOnly:0 RuntimeOnly:0 HLODRelevant:1
 |   |   |- Guid:7D6556CF48C9E0945761329E1B851543 BaseClass: NativeClass:/Script/Engine.PlayerStart Name:PlayerStart_UAID_7085C2CB42D7D71B02_1430802868 Label:PlayerStart SpatiallyLoaded:0 Bounds:IsValid=true, Min=(X=690.000 Y=2400.000 Z=0.013), Max=(X=770.000 Y=2480.000 Z=184.013) RuntimeGrid:None EditorOnly:0 RuntimeOnly:0 HLODRelevant:0
 |   |   |- Guid:85C32F884A1DADEB5265D4B246C975A9 BaseClass: NativeClass:/Script/Engine.StaticMeshActor Name:StaticMeshActor_UAID_7085C2CB42D7D71B02_1430807872 Label:SM_Cube5 SpatiallyLoaded:1 Bounds:IsValid=true, Min=(X=-0.000 Y=100.000 Z=0.000), Max=(X=100.000 Y=4675.000 Z=1275.000) RuntimeGrid:None EditorOnly:0 RuntimeOnly:0 HLODRelevant:1 FolderPath:Playground FolderGuid:2A921B52439E7531AE5401AF45FD0EC0
 |   |   |- Guid:86147C53488DD423322750B40E3BEF4A BaseClass:/Game/Objects/BP_Wire.BP_Wire_C NativeClass:/Script/Engine.Actor Name:BP_Wire_C_UAID_7085C2CB42D7E91D02_1803175153 Label:BP_Wire5 SpatiallyLoaded:1 Bounds:IsValid=true, Min=(X=2701.875 Y=2397.500 Z=-2.500), Max=(X=3078.125 Y=2402.500 Z=2.500) RuntimeGrid:None EditorOnly:0 RuntimeOnly:0 HLODRelevant:0
 |   |   |- Guid:8A1BB58D49304B0E7406159508373344 BaseClass: NativeClass:/Script/Engine.StaticMeshActor Name:StaticMeshActor_UAID_7085C2CB42D7D71B02_1430796863 Label:SM_SkySphere SpatiallyLoaded:0 Bounds:IsValid=true, Min=(X=-1638400.000 Y=-1638400.000 Z=-1638400.000), Max=(X=1638400.000 Y=1638400.000 Z=1638400.000) RuntimeGrid:None EditorOnly:0 RuntimeOnly:0 HLODRelevant:1 FolderPath:Lighting FolderGuid:5635185844B0E190F74950934FE67D09
 |   |   |- Guid:8ECA520C40BECB66465D80A12E2F03BF BaseClass: NativeClass:/Script/Engine.StaticMeshActor Name:StaticMeshActor_UAID_7085C2CB42D7E91D02_1131856138 Label:Wall_400x301 SpatiallyLoaded:1 Bounds:IsValid=true, Min=(X=1260.000 Y=4130.000 Z=0.000), Max=(X=2360.000 Y=4150.000 Z=300.000) RuntimeGrid:None EditorOnly:0 RuntimeOnly:0 HLODRelevant:1
 |   |   |- Guid:8FC1B2114428D36E2CCF19A3702DFD57 BaseClass:/Game/LevelControllers/Test_DemoLogic.Test_DemoLogic_C NativeClass:/Script/Engine.Actor Name:Test_DemoLogic_C_UAID_7085C2CB42D7EA1D02_1794731304 Label:Test_DemoLogic SpatiallyLoaded:1 Bounds:IsValid=true, Min=(X=-230.000 Y=2610.000 Z=320.000), Max=(X=-130.000 Y=2710.000 Z=420.000) RuntimeGrid:None EditorOnly:0 RuntimeOnly:0 HLODRelevant:0
 |   |   |- Guid:92E14F2146C5DD3826D3C28E83EC6A97 BaseClass: NativeClass:/Script/Engine.StaticMeshActor Name:StaticMeshActor_UAID_7085C2CB42D7E71D02_1587153777 Label:Wall_400x201 SpatiallyLoaded:1 Bounds:IsValid=true, Min=(X=2480.000 Y=730.000 Z=0.000), Max=(X=2500.000 Y=2130.000 Z=350.000) RuntimeGrid:None EditorOnly:0 RuntimeOnly:0 HLODRelevant:1
 |   |   |- Guid:955E76764F6306612651F8A5BA8E6048 BaseClass: NativeClass:/Script/Engine.StaticMeshActor Name:StaticMeshActor_UAID_7085C2CB42D7E91D02_1412872144 Label:Wall_400x305 SpatiallyLoaded:1 Bounds:IsValid=true, Min=(X=1270.000 Y=3330.000 Z=0.000), Max=(X=1290.000 Y=4130.000 Z=300.000) RuntimeGrid:None EditorOnly:0 RuntimeOnly:0 HLODRelevant:1
 |   |   |- Guid:98BC552642CC349CDFF057A6DF97D9D0 BaseClass: NativeClass:/Script/Engine.StaticMeshActor Name:StaticMeshActor_UAID_7085C2CB42D7E81D02_1496240957 Label:Wall_400x203 SpatiallyLoaded:1 Bounds:IsValid=true, Min=(X=1190.000 Y=750.000 Z=0.000), Max=(X=2490.000 Y=770.000 Z=350.000) RuntimeGrid:None EditorOnly:0 RuntimeOnly:0 HLODRelevant:1
 |   |   |- Guid:9ECE907E45B906B94808539AA1B63A6A BaseClass: NativeClass:/Script/Engine.StaticMeshActor Name:StaticMeshActor_UAID_7085C2CB42D7D71B02_1430818881 Label:SM_ChamferCube2 SpatiallyLoaded:1 Bounds:IsValid=true, Min=(X=672.077 Y=2782.077 Z=0.013), Max=(X=787.923 Y=2897.923 Z=100.013) RuntimeGrid:None EditorOnly:0 RuntimeOnly:0 HLODRelevant:0
 |   |   |- Guid:AB2F115D416B0B6D97EAB0A313E536EA BaseClass: NativeClass:/Script/Engine.StaticMeshActor Name:StaticMeshActor_UAID_7085C2CB42D7E91D02_1140661139 Label:Wall_400x302 SpatiallyLoaded:1 Bounds:IsValid=true, Min=(X=2340.000 Y=2830.000 Z=0.000), Max=(X=2360.000 Y=4130.000 Z=300.000) RuntimeGrid:None EditorOnly:0 RuntimeOnly:0 HLODRelevant:1
 |   |   |- Guid:B155EEBA4BD2F11BF7F239823F6F83BB BaseClass: NativeClass:/Script/Engine.StaticMeshActor Name:StaticMeshActor_UAID_7085C2CB42D7E81D02_2086841961 Label:Wall_400x300 SpatiallyLoaded:1 Bounds:IsValid=true, Min=(X=1260.000 Y=2830.000 Z=0.000), Max=(X=2360.000 Y=2850.000 Z=300.000) RuntimeGrid:None EditorOnly:0 RuntimeOnly:0 HLODRelevant:1
 |   |   |- Guid:B46BDCB34F55CF687CA9E0A194407D6F BaseClass: NativeClass:/Script/Engine.StaticMeshActor Name:StaticMeshActor_UAID_7085C2CB42D7D71B02_1430801867 Label:SM_ChamferCube3 SpatiallyLoaded:1 Bounds:IsValid=true, Min=(X=481.699 Y=2271.699 Z=0.013), Max=(X=618.301 Y=2408.301 Z=100.013) RuntimeGrid:None EditorOnly:0 RuntimeOnly:0 HLODRelevant:0
 |   |   |- Guid:BFC458D44323E8E92E741E9D99B4B1B7 BaseClass: NativeClass:/Script/Engine.StaticMeshActor Name:StaticMeshActor_UAID_7085C2CB42D7D71B02_1430809873 Label:SM_Cube2 SpatiallyLoaded:1 Bounds:IsValid=true, Min=(X=0.000 Y=0.000 Z=0.000), Max=(X=3650.000 Y=100.000 Z=1275.000) RuntimeGrid:None EditorOnly:0 RuntimeOnly:0 HLODRelevant:1 FolderPath:Playground FolderGuid:2A921B52439E7531AE5401AF45FD0EC0
 |   |   |- Guid:C1367E5F4B1C64918F58ACA827CEEDBF BaseClass: NativeClass:/Script/Engine.VolumetricCloud Name:VolumetricCloud_UAID_7085C2CB42D7D71B02_1430814878 Label:VolumetricCloud SpatiallyLoaded:0 Bounds:IsValid=true, Min=(X=0.000 Y=0.000 Z=820.000), Max=(X=0.000 Y=0.000 Z=820.000) RuntimeGrid:None EditorOnly:0 RuntimeOnly:0 HLODRelevant:0 FolderPath:Lighting FolderGuid:5635185844B0E190F74950934FE67D09
 |   |   |- Guid:C3F9C283437339330A069F85601E7568 BaseClass: NativeClass:/Script/Engine.StaticMeshActor Name:StaticMeshActor_UAID_7085C2CB42D7D71B02_1430805870 Label:SM_Cube SpatiallyLoaded:1 Bounds:IsValid=true, Min=(X=0.000 Y=0.000 Z=-50.000), Max=(X=3650.000 Y=4750.000 Z=0.000) RuntimeGrid:None EditorOnly:0 RuntimeOnly:0 HLODRelevant:1 FolderPath:Playground FolderGuid:2A921B52439E7531AE5401AF45FD0EC0
 |   |   |- Guid:CC4ABC38488F42AE42E058890E915C5B BaseClass: NativeClass:/Script/Engine.StaticMeshActor Name:StaticMeshActor_UAID_7085C2CB42D7D71B02_1430812876 Label:SM_Cube6 SpatiallyLoaded:1 Bounds:IsValid=true, Min=(X=3540.000 Y=100.000 Z=0.000), Max=(X=3640.000 Y=4675.000 Z=1275.000) RuntimeGrid:None EditorOnly:0 RuntimeOnly:0 HLODRelevant:1 FolderPath:Playground FolderGuid:2A921B52439E7531AE5401AF45FD0EC0
 |   |   |- Guid:D03959A54DFB406E52A9DA8F55BA1D1E BaseClass:/Game/Objects/BP_BigBall.BP_BigBall_C NativeClass:/Script/Engine.Actor Name:BP_BigBall_C_UAID_7085C2CB42D7E91D02_1845246154 Label:BP_BigBall2 SpatiallyLoaded:1 Bounds:IsValid=true, Min=(X=1480.000 Y=3090.000 Z=140.000), Max=(X=1680.000 Y=3290.000 Z=340.000) RuntimeGrid:None EditorOnly:0 RuntimeOnly:0 HLODRelevant:0
 |   |   |- Guid:E0F435BF4AC0473C37C767A789E90CF4 BaseClass:/Game/Objects/BP_BigBall.BP_BigBall_C NativeClass:/Script/Engine.Actor Name:BP_BigBall_C_UAID_7085C2CB42D7E71D02_2067485778 Label:BP_BigBall SpatiallyLoaded:1 Bounds:IsValid=true, Min=(X=1480.000 Y=1520.000 Z=140.000), Max=(X=1680.000 Y=1720.000 Z=340.000) RuntimeGrid:None EditorOnly:0 RuntimeOnly:0 HLODRelevant:0
 |   |   |- Guid:E9183DBE4136EE7C36633F8F15D5BAB4 BaseClass: NativeClass:/Script/Engine.SkyLight Name:SkyLight_UAID_7085C2CB42D7D71B02_1430804869 Label:SkyLight SpatiallyLoaded:0 Bounds:IsValid=true, Min=(X=0.000 Y=0.000 Z=690.000), Max=(X=0.000 Y=0.000 Z=690.000) RuntimeGrid:None EditorOnly:0 RuntimeOnly:0 HLODRelevant:0 FolderPath:Lighting FolderGuid:5635185844B0E190F74950934FE67D09
 |   |   |- Guid:F69A67C341DEFCAF58618B966B6AE4F2 BaseClass: NativeClass:/Script/Engine.StaticMeshActor Name:StaticMeshActor_UAID_7085C2CB42D7E91D02_1327331141 Label:Wall_400x303 SpatiallyLoaded:1 Bounds:IsValid=true, Min=(X=1190.000 Y=730.000 Z=0.000), Max=(X=2490.000 Y=750.000 Z=300.000) RuntimeGrid:None EditorOnly:0 RuntimeOnly:0 HLODRelevant:1
 |   |   |- Guid:F6F859C24A1DE5622261BDBA09CA82CC BaseClass: NativeClass:/Script/Engine.SkyAtmosphere Name:SkyAtmosphere_UAID_7085C2CB42D7D71B02_1430816879 Label:SkyAtmosphere SpatiallyLoaded:0 Bounds:IsValid=true, Min=(X=0.000 Y=0.000 Z=1020.000), Max=(X=0.000 Y=0.000 Z=1020.000) RuntimeGrid:None EditorOnly:0 RuntimeOnly:0 HLODRelevant:0 FolderPath:Lighting FolderGuid:5635185844B0E190F74950934FE67D09
 |   |   |- Guid:F8D40DDB4BAB99C875A7A2A11841E027 BaseClass: NativeClass:/Script/Engine.StaticMeshActor Name:StaticMeshActor_UAID_7085C2CB42D7E81D02_1230851955 Label:Wall_400x202 SpatiallyLoaded:1 Bounds:IsValid=true, Min=(X=1190.000 Y=2110.000 Z=0.000), Max=(X=2490.000 Y=2130.000 Z=350.000) RuntimeGrid:None EditorOnly:0 RuntimeOnly:0 HLODRelevant:1
 |   |   |- Guid:FC0D2B644FB8E7C46EA9359D86DCF88E BaseClass:/Game/Objects/BP_Plate.BP_Plate_C NativeClass:/Script/Engine.Actor Name:BP_Plate_C_UAID_7085C2CB42D7E91D02_1430359145 Label:BP_Plate3 SpatiallyLoaded:1 Bounds:IsValid=true, Min=(X=1813.013 Y=3573.013 Z=-12.500), Max=(X=2446.987 Y=4206.987 Z=171.250) RuntimeGrid:None EditorOnly:0 RuntimeOnly:0 HLODRelevant:0
 |   |- [+] Clusters:
 |   |   |- [+] [  0]
 |   |   |   |- Guid:C1367E5F4B1C64918F58ACA827CEEDBF BaseClass: NativeClass:/Script/Engine.VolumetricCloud Name:VolumetricCloud_UAID_7085C2CB42D7D71B02_1430814878 Label:VolumetricCloud SpatiallyLoaded:0 Bounds:IsValid=true, Min=(X=0.000 Y=0.000 Z=820.000), Max=(X=0.000 Y=0.000 Z=820.000) RuntimeGrid:None EditorOnly:0 RuntimeOnly:0 HLODRelevant:0 FolderPath:Lighting FolderGuid:5635185844B0E190F74950934FE67D09
 |   |   |- [+] [  1]
 |   |   |   |- Guid:399CF52D4B267AE482DC1185673F52B5 BaseClass: NativeClass:/Script/Engine.StaticMeshActor Name:StaticMeshActor_UAID_7085C2CB42D7D71B02_1430798864 Label:SM_Cube3 SpatiallyLoaded:1 Bounds:IsValid=true, Min=(X=0.000 Y=4650.000 Z=0.000), Max=(X=3650.000 Y=4750.000 Z=1275.000) RuntimeGrid:None EditorOnly:0 RuntimeOnly:0 HLODRelevant:1 FolderPath:Playground FolderGuid:2A921B52439E7531AE5401AF45FD0EC0
 |   |   |- [+] [  2]
 |   |   |   |- Guid:FC0D2B644FB8E7C46EA9359D86DCF88E BaseClass:/Game/Objects/BP_Plate.BP_Plate_C NativeClass:/Script/Engine.Actor Name:BP_Plate_C_UAID_7085C2CB42D7E91D02_1430359145 Label:BP_Plate3 SpatiallyLoaded:1 Bounds:IsValid=true, Min=(X=1813.013 Y=3573.013 Z=-12.500), Max=(X=2446.987 Y=4206.987 Z=171.250) RuntimeGrid:None EditorOnly:0 RuntimeOnly:0 HLODRelevant:0
 |   |   |- [+] [  3]
 |   |   |   |- Guid:2C5CDC054FC90642870E3E9BD614DFD9 BaseClass: NativeClass:/Script/Engine.StaticMeshActor Name:StaticMeshActor_UAID_7085C2CB42D7D71B02_1430799865 Label:SM_ChamferCube SpatiallyLoaded:1 Bounds:IsValid=true, Min=(X=500.000 Y=930.000 Z=160.013), Max=(X=600.000 Y=1030.000 Z=260.013) RuntimeGrid:None EditorOnly:0 RuntimeOnly:0 HLODRelevant:0
 |   |   |- [+] [  4]
 |   |   |   |- Guid:F69A67C341DEFCAF58618B966B6AE4F2 BaseClass: NativeClass:/Script/Engine.StaticMeshActor Name:StaticMeshActor_UAID_7085C2CB42D7E91D02_1327331141 Label:Wall_400x303 SpatiallyLoaded:1 Bounds:IsValid=true, Min=(X=1190.000 Y=730.000 Z=0.000), Max=(X=2490.000 Y=750.000 Z=300.000) RuntimeGrid:None EditorOnly:0 RuntimeOnly:0 HLODRelevant:1
 |   |   |- [+] [  5]
 |   |   |   |- Guid:F6F859C24A1DE5622261BDBA09CA82CC BaseClass: NativeClass:/Script/Engine.SkyAtmosphere Name:SkyAtmosphere_UAID_7085C2CB42D7D71B02_1430816879 Label:SkyAtmosphere SpatiallyLoaded:0 Bounds:IsValid=true, Min=(X=0.000 Y=0.000 Z=1020.000), Max=(X=0.000 Y=0.000 Z=1020.000) RuntimeGrid:None EditorOnly:0 RuntimeOnly:0 HLODRelevant:0 FolderPath:Lighting FolderGuid:5635185844B0E190F74950934FE67D09
 |   |   |- [+] [  6]
 |   |   |   |- Guid:92E14F2146C5DD3826D3C28E83EC6A97 BaseClass: NativeClass:/Script/Engine.StaticMeshActor Name:StaticMeshActor_UAID_7085C2CB42D7E71D02_1587153777 Label:Wall_400x201 SpatiallyLoaded:1 Bounds:IsValid=true, Min=(X=2480.000 Y=730.000 Z=0.000), Max=(X=2500.000 Y=2130.000 Z=350.000) RuntimeGrid:None EditorOnly:0 RuntimeOnly:0 HLODRelevant:1
 |   |   |- [+] [  7]
 |   |   |   |- Guid:0B7AB5124E41FD563495D29700C525CF BaseClass:/Game/Objects/BP_Wire.BP_Wire_C NativeClass:/Script/Engine.Actor Name:BP_Wire_C_UAID_7085C2CB42D7E91D02_1703916150 Label:BP_Wire2 SpatiallyLoaded:1 Bounds:IsValid=true, Min=(X=3067.500 Y=1561.250 Z=-2.500), Max=(X=3072.500 Y=2398.750 Z=2.500) RuntimeGrid:None EditorOnly:0 RuntimeOnly:0 HLODRelevant:0
 |   |   |- [+] [  8]
 |   |   |   |- Guid:29CF4B3F4FF2C2EFA5A6C9BA7E7E4E44 BaseClass: NativeClass:/Script/Engine.StaticMeshActor Name:StaticMeshActor_UAID_7085C2CB42D7E81D02_1290014956 Label:Wall_Door_400x300 SpatiallyLoaded:1 Bounds:IsValid=true, Min=(X=1190.000 Y=1610.000 Z=0.000), Max=(X=1210.000 Y=2110.000 Z=353.250) RuntimeGrid:None EditorOnly:0 RuntimeOnly:0 HLODRelevant:1
 |   |   |- [+] [  9]
 |   |   |   |- Guid:AB2F115D416B0B6D97EAB0A313E536EA BaseClass: NativeClass:/Script/Engine.StaticMeshActor Name:StaticMeshActor_UAID_7085C2CB42D7E91D02_1140661139 Label:Wall_400x302 SpatiallyLoaded:1 Bounds:IsValid=true, Min=(X=2340.000 Y=2830.000 Z=0.000), Max=(X=2360.000 Y=4130.000 Z=300.000) RuntimeGrid:None EditorOnly:0 RuntimeOnly:0 HLODRelevant:1
 |   |   |- [+] [ 10]
 |   |   |   |- Guid:330EE27E41469DC0BFCDE5BCF7E8E759 BaseClass: NativeClass:/Script/Engine.ExponentialHeightFog Name:ExponentialHeightFog_UAID_7085C2CB42D7D71B02_1430806871 Label:ExponentialHeightFog SpatiallyLoaded:0 Bounds:IsValid=true, Min=(X=-5600.000 Y=-50.000 Z=-6850.000), Max=(X=-5600.000 Y=-50.000 Z=-6850.000) RuntimeGrid:None EditorOnly:0 RuntimeOnly:0 HLODRelevant:0 FolderPath:Lighting FolderGuid:5635185844B0E190F74950934FE67D09
 |   |   |- [+] [ 11]
 |   |   |   |- Guid:E9183DBE4136EE7C36633F8F15D5BAB4 BaseClass: NativeClass:/Script/Engine.SkyLight Name:SkyLight_UAID_7085C2CB42D7D71B02_1430804869 Label:SkyLight SpatiallyLoaded:0 Bounds:IsValid=true, Min=(X=0.000 Y=0.000 Z=690.000), Max=(X=0.000 Y=0.000 Z=690.000) RuntimeGrid:None EditorOnly:0 RuntimeOnly:0 HLODRelevant:0 FolderPath:Lighting FolderGuid:5635185844B0E190F74950934FE67D09
 |   |   |- [+] [ 12]
 |   |   |   |- Guid:8A1BB58D49304B0E7406159508373344 BaseClass: NativeClass:/Script/Engine.StaticMeshActor Name:StaticMeshActor_UAID_7085C2CB42D7D71B02_1430796863 Label:SM_SkySphere SpatiallyLoaded:0 Bounds:IsValid=true, Min=(X=-1638400.000 Y=-1638400.000 Z=-1638400.000), Max=(X=1638400.000 Y=1638400.000 Z=1638400.000) RuntimeGrid:None EditorOnly:0 RuntimeOnly:0 HLODRelevant:1 FolderPath:Lighting FolderGuid:5635185844B0E190F74950934FE67D09
 |   |   |- [+] [ 13]
 |   |   |   |- Guid:7D6556CF48C9E0945761329E1B851543 BaseClass: NativeClass:/Script/Engine.PlayerStart Name:PlayerStart_UAID_7085C2CB42D7D71B02_1430802868 Label:PlayerStart SpatiallyLoaded:0 Bounds:IsValid=true, Min=(X=690.000 Y=2400.000 Z=0.013), Max=(X=770.000 Y=2480.000 Z=184.013) RuntimeGrid:None EditorOnly:0 RuntimeOnly:0 HLODRelevant:0
 |   |   |- [+] [ 14]
 |   |   |   |- Guid:B155EEBA4BD2F11BF7F239823F6F83BB BaseClass: NativeClass:/Script/Engine.StaticMeshActor Name:StaticMeshActor_UAID_7085C2CB42D7E81D02_2086841961 Label:Wall_400x300 SpatiallyLoaded:1 Bounds:IsValid=true, Min=(X=1260.000 Y=2830.000 Z=0.000), Max=(X=2360.000 Y=2850.000 Z=300.000) RuntimeGrid:None EditorOnly:0 RuntimeOnly:0 HLODRelevant:1
 |   |   |- [+] [ 15]
 |   |   |   |- Guid:3A0C3C6B455BFF9D58B3AE8F79958EAC BaseClass: NativeClass:/Script/Engine.PostProcessVolume Name:PostProcessVolume_UAID_7085C2CB42D7D71B02_1430811875 Label:PostProcessVolume SpatiallyLoaded:0 Bounds:IsValid=true, Min=(X=0.000 Y=0.000 Z=400.000), Max=(X=200.000 Y=200.000 Z=600.000) RuntimeGrid:None EditorOnly:0 RuntimeOnly:0 HLODRelevant:0 FolderPath:Lighting FolderGuid:5635185844B0E190F74950934FE67D09
 |   |   |- [+] [ 16]
 |   |   |   |- Guid:6573C9A14B4E6673CD8B699907F420BB BaseClass:/Game/Objects/BP_Wire.BP_Wire_C NativeClass:/Script/Engine.Actor Name:BP_Wire_C_UAID_7085C2CB42D7EA1D02_1137161303 Label:BP_Wire6 SpatiallyLoaded:1 Bounds:IsValid=true, Min=(X=3078.125 Y=2397.500 Z=-2.500), Max=(X=3621.875 Y=2402.500 Z=2.500) RuntimeGrid:None EditorOnly:0 RuntimeOnly:0 HLODRelevant:0
 |   |   |- [+] [ 17]
 |   |   |   |- Guid:D03959A54DFB406E52A9DA8F55BA1D1E BaseClass:/Game/Objects/BP_BigBall.BP_BigBall_C NativeClass:/Script/Engine.Actor Name:BP_BigBall_C_UAID_7085C2CB42D7E91D02_1845246154 Label:BP_BigBall2 SpatiallyLoaded:1 Bounds:IsValid=true, Min=(X=1480.000 Y=3090.000 Z=140.000), Max=(X=1680.000 Y=3290.000 Z=340.000) RuntimeGrid:None EditorOnly:0 RuntimeOnly:0 HLODRelevant:0
 |   |   |- [+] [ 18]
 |   |   |   |- Guid:CC4ABC38488F42AE42E058890E915C5B BaseClass: NativeClass:/Script/Engine.StaticMeshActor Name:StaticMeshActor_UAID_7085C2CB42D7D71B02_1430812876 Label:SM_Cube6 SpatiallyLoaded:1 Bounds:IsValid=true, Min=(X=3540.000 Y=100.000 Z=0.000), Max=(X=3640.000 Y=4675.000 Z=1275.000) RuntimeGrid:None EditorOnly:0 RuntimeOnly:0 HLODRelevant:1 FolderPath:Playground FolderGuid:2A921B52439E7531AE5401AF45FD0EC0
 |   |   |- [+] [ 19]
 |   |   |   |- Guid:60411E504A1B21BE15AF5D8EAE0E3A4D BaseClass:/Game/Objects/BP_Wire.BP_Wire_C NativeClass:/Script/Engine.Actor Name:BP_Wire_C_UAID_7085C2CB42D7E91D02_1742243151 Label:BP_Wire3 SpatiallyLoaded:1 Bounds:IsValid=true, Min=(X=2336.875 Y=3197.500 Z=-2.500), Max=(X=2703.125 Y=3202.500 Z=2.500) RuntimeGrid:None EditorOnly:0 RuntimeOnly:0 HLODRelevant:0
 |   |   |- [+] [ 20]
 |   |   |   |- Guid:3616EB3C47C465EB162A2690EC38688B BaseClass:/Game/Objects/BP_Wire.BP_Wire_C NativeClass:/Script/Engine.Actor Name:BP_Wire_C_UAID_7085C2CB42D7E91D02_1591879149 Label:BP_Wire SpatiallyLoaded:1 Bounds:IsValid=true, Min=(X=2468.125 Y=1567.500 Z=-2.500), Max=(X=3071.875 Y=1572.500 Z=2.500) RuntimeGrid:None EditorOnly:0 RuntimeOnly:0 HLODRelevant:0
 |   |   |- [+] [ 21]
 |   |   |   |- Guid:C3F9C283437339330A069F85601E7568 BaseClass: NativeClass:/Script/Engine.StaticMeshActor Name:StaticMeshActor_UAID_7085C2CB42D7D71B02_1430805870 Label:SM_Cube SpatiallyLoaded:1 Bounds:IsValid=true, Min=(X=0.000 Y=0.000 Z=-50.000), Max=(X=3650.000 Y=4750.000 Z=0.000) RuntimeGrid:None EditorOnly:0 RuntimeOnly:0 HLODRelevant:1 FolderPath:Playground FolderGuid:2A921B52439E7531AE5401AF45FD0EC0
 |   |   |- [+] [ 22]
 |   |   |   |- Guid:746E3DF04BAFAB147FBFCBB2BC9F20EE BaseClass: NativeClass:/Script/Engine.StaticMeshActor Name:StaticMeshActor_UAID_7085C2CB42D7E91D02_1231137140 Label:Wall_400x204 SpatiallyLoaded:1 Bounds:IsValid=true, Min=(X=1190.000 Y=730.000 Z=0.000), Max=(X=1210.000 Y=1630.000 Z=350.000) RuntimeGrid:None EditorOnly:0 RuntimeOnly:0 HLODRelevant:1
 |   |   |- [+] [ 23]
 |   |   |   |- Guid:E0F435BF4AC0473C37C767A789E90CF4 BaseClass:/Game/Objects/BP_BigBall.BP_BigBall_C NativeClass:/Script/Engine.Actor Name:BP_BigBall_C_UAID_7085C2CB42D7E71D02_2067485778 Label:BP_BigBall SpatiallyLoaded:1 Bounds:IsValid=true, Min=(X=1480.000 Y=1520.000 Z=140.000), Max=(X=1680.000 Y=1720.000 Z=340.000) RuntimeGrid:None EditorOnly:0 RuntimeOnly:0 HLODRelevant:0
 |   |   |- [+] [ 24]
 |   |   |   |- Guid:9ECE907E45B906B94808539AA1B63A6A BaseClass: NativeClass:/Script/Engine.StaticMeshActor Name:StaticMeshActor_UAID_7085C2CB42D7D71B02_1430818881 Label:SM_ChamferCube2 SpatiallyLoaded:1 Bounds:IsValid=true, Min=(X=672.077 Y=2782.077 Z=0.013), Max=(X=787.923 Y=2897.923 Z=100.013) RuntimeGrid:None EditorOnly:0 RuntimeOnly:0 HLODRelevant:0
 |   |   |- [+] [ 25]
 |   |   |   |- Guid:F8D40DDB4BAB99C875A7A2A11841E027 BaseClass: NativeClass:/Script/Engine.StaticMeshActor Name:StaticMeshActor_UAID_7085C2CB42D7E81D02_1230851955 Label:Wall_400x202 SpatiallyLoaded:1 Bounds:IsValid=true, Min=(X=1190.000 Y=2110.000 Z=0.000), Max=(X=2490.000 Y=2130.000 Z=350.000) RuntimeGrid:None EditorOnly:0 RuntimeOnly:0 HLODRelevant:1
 |   |   |- [+] [ 26]
 |   |   |   |- Guid:98BC552642CC349CDFF057A6DF97D9D0 BaseClass: NativeClass:/Script/Engine.StaticMeshActor Name:StaticMeshActor_UAID_7085C2CB42D7E81D02_1496240957 Label:Wall_400x203 SpatiallyLoaded:1 Bounds:IsValid=true, Min=(X=1190.000 Y=750.000 Z=0.000), Max=(X=2490.000 Y=770.000 Z=350.000) RuntimeGrid:None EditorOnly:0 RuntimeOnly:0 HLODRelevant:1
 |   |   |- [+] [ 27]
 |   |   |   |- Guid:3F2796534F658610C544FF81116A4EF6 BaseClass: NativeClass:/Script/Engine.DirectionalLight Name:DirectionalLight_UAID_7085C2CB42D7D71B02_1430817880 Label:DirectionalLight SpatiallyLoaded:0 Bounds:IsValid=true, Min=(X=-4398046511104.000 Y=-4398046511104.000 Z=-4398046511104.000), Max=(X=4398046511104.000 Y=4398046511104.000 Z=4398046511104.000) RuntimeGrid:None EditorOnly:0 RuntimeOnly:0 HLODRelevant:0 FolderPath:Lighting FolderGuid:5635185844B0E190F74950934FE67D09
 |   |   |- [+] [ 28]
 |   |   |   |- Guid:BFC458D44323E8E92E741E9D99B4B1B7 BaseClass: NativeClass:/Script/Engine.StaticMeshActor Name:StaticMeshActor_UAID_7085C2CB42D7D71B02_1430809873 Label:SM_Cube2 SpatiallyLoaded:1 Bounds:IsValid=true, Min=(X=0.000 Y=0.000 Z=0.000), Max=(X=3650.000 Y=100.000 Z=1275.000) RuntimeGrid:None EditorOnly:0 RuntimeOnly:0 HLODRelevant:1 FolderPath:Playground FolderGuid:2A921B52439E7531AE5401AF45FD0EC0
 |   |   |- [+] [ 29]
 |   |   |   |- Guid:54820E5D4F80AC077B56018F4665CD68 BaseClass:/Game/Objects/BP_Plate.BP_Plate_C NativeClass:/Script/Engine.Actor Name:BP_Plate_C_UAID_7085C2CB42D7E81D02_1929704959 Label:BP_Plate SpatiallyLoaded:1 Bounds:IsValid=true, Min=(X=1863.013 Y=733.013 Z=-12.500), Max=(X=2496.987 Y=1366.987 Z=171.250) RuntimeGrid:None EditorOnly:0 RuntimeOnly:0 HLODRelevant:0
 |   |   |- [+] [ 30]
 |   |   |   |- Guid:B46BDCB34F55CF687CA9E0A194407D6F BaseClass: NativeClass:/Script/Engine.StaticMeshActor Name:StaticMeshActor_UAID_7085C2CB42D7D71B02_1430801867 Label:SM_ChamferCube3 SpatiallyLoaded:1 Bounds:IsValid=true, Min=(X=481.699 Y=2271.699 Z=0.013), Max=(X=618.301 Y=2408.301 Z=100.013) RuntimeGrid:None EditorOnly:0 RuntimeOnly:0 HLODRelevant:0
 |   |   |- [+] [ 31]
 |   |   |   |- Guid:245DE648469D2A7A2D46A4A26392BA7C BaseClass: NativeClass:/Script/Engine.StaticMeshActor Name:StaticMeshActor_UAID_7085C2CB42D7E91D02_1377397142 Label:Wall_400x304 SpatiallyLoaded:1 Bounds:IsValid=true, Min=(X=1190.000 Y=2090.000 Z=0.000), Max=(X=2490.000 Y=2110.000 Z=300.000) RuntimeGrid:None EditorOnly:0 RuntimeOnly:0 HLODRelevant:1
 |   |   |- [+] [ 32]
 |   |   |   |- Guid:370C66C0486DA3F8988832A49C3C0CB6 BaseClass: NativeClass:/Script/Engine.StaticMeshActor Name:StaticMeshActor_UAID_7085C2CB42D7E91D02_1389460143 Label:Wall_Door_400x301 SpatiallyLoaded:1 Bounds:IsValid=true, Min=(X=1260.000 Y=2850.000 Z=0.000), Max=(X=1280.000 Y=3350.000 Z=353.250) RuntimeGrid:None EditorOnly:0 RuntimeOnly:0 HLODRelevant:1
 |   |   |- [+] [ 33]
 |   |   |   |- Guid:5892FC8C40850DE309B35D900BC0536B BaseClass:/Game/Objects/BP_Wire.BP_Wire_C NativeClass:/Script/Engine.Actor Name:BP_Wire_C_UAID_7085C2CB42D7E91D02_1762758152 Label:BP_Wire4 SpatiallyLoaded:1 Bounds:IsValid=true, Min=(X=2697.500 Y=2401.250 Z=-2.500), Max=(X=2702.500 Y=3198.750 Z=2.500) RuntimeGrid:None EditorOnly:0 RuntimeOnly:0 HLODRelevant:0
 |   |   |- [+] [ 34]
 |   |   |   |- Guid:955E76764F6306612651F8A5BA8E6048 BaseClass: NativeClass:/Script/Engine.StaticMeshActor Name:StaticMeshActor_UAID_7085C2CB42D7E91D02_1412872144 Label:Wall_400x305 SpatiallyLoaded:1 Bounds:IsValid=true, Min=(X=1270.000 Y=3330.000 Z=0.000), Max=(X=1290.000 Y=4130.000 Z=300.000) RuntimeGrid:None EditorOnly:0 RuntimeOnly:0 HLODRelevant:1
 |   |   |- [+] [ 35]
 |   |   |   |- Guid:43EA9A304325398EF6288495D8F7040A BaseClass: NativeClass:/Script/Engine.TextRenderActor Name:TextRenderActor_UAID_7085C2CB42D7D71B02_1430810874 Label:TextRenderActor SpatiallyLoaded:1 Bounds:IsValid=true, Min=(X=-0.100 Y=1100.000 Z=65.013), Max=(X=-0.100 Y=2392.308 Z=215.013) RuntimeGrid:None EditorOnly:0 RuntimeOnly:0 HLODRelevant:0
 |   |   |- [+] [ 36]
 |   |   |   |- Guid:59F3168A4A9F00B1F5F21DBDDCA447FD BaseClass: NativeClass:/Script/Engine.WorldDataLayers Name:WorldDataLayers Label:WorldDataLayers SpatiallyLoaded:0 Bounds:IsValid=true, Min=(X=0.000 Y=0.000 Z=0.000), Max=(X=0.000 Y=0.000 Z=0.000) RuntimeGrid:None EditorOnly:0 RuntimeOnly:0 HLODRelevant:0
 |   |   |- [+] [ 37]
 |   |   |   |- Guid:8ECA520C40BECB66465D80A12E2F03BF BaseClass: NativeClass:/Script/Engine.StaticMeshActor Name:StaticMeshActor_UAID_7085C2CB42D7E91D02_1131856138 Label:Wall_400x301 SpatiallyLoaded:1 Bounds:IsValid=true, Min=(X=1260.000 Y=4130.000 Z=0.000), Max=(X=2360.000 Y=4150.000 Z=300.000) RuntimeGrid:None EditorOnly:0 RuntimeOnly:0 HLODRelevant:1
 |   |   |- [+] [ 38]
 |   |   |   |- Guid:8FC1B2114428D36E2CCF19A3702DFD57 BaseClass:/Game/LevelControllers/Test_DemoLogic.Test_DemoLogic_C NativeClass:/Script/Engine.Actor Name:Test_DemoLogic_C_UAID_7085C2CB42D7EA1D02_1794731304 Label:Test_DemoLogic SpatiallyLoaded:1 Bounds:IsValid=true, Min=(X=-230.000 Y=2610.000 Z=320.000), Max=(X=-130.000 Y=2710.000 Z=420.000) RuntimeGrid:None EditorOnly:0 RuntimeOnly:0 HLODRelevant:0
 |   |   |- [+] [ 39]
 |   |   |   |- Guid:86147C53488DD423322750B40E3BEF4A BaseClass:/Game/Objects/BP_Wire.BP_Wire_C NativeClass:/Script/Engine.Actor Name:BP_Wire_C_UAID_7085C2CB42D7E91D02_1803175153 Label:BP_Wire5 SpatiallyLoaded:1 Bounds:IsValid=true, Min=(X=2701.875 Y=2397.500 Z=-2.500), Max=(X=3078.125 Y=2402.500 Z=2.500) RuntimeGrid:None EditorOnly:0 RuntimeOnly:0 HLODRelevant:0
 |   |   |- [+] [ 40]
 |   |   |   |- Guid:425C59CF4E0F3C37228DA3A0138DCCDD BaseClass:/Game/Objects/BP_Plate.BP_Plate_C NativeClass:/Script/Engine.Actor Name:BP_Plate_C_UAID_7085C2CB42D7E81D02_1964189960 Label:BP_Plate2 SpatiallyLoaded:1 Bounds:IsValid=true, Min=(X=1863.013 Y=1543.013 Z=-12.500), Max=(X=2496.987 Y=2176.987 Z=171.250) RuntimeGrid:None EditorOnly:0 RuntimeOnly:0 HLODRelevant:0
 |   |   |- [+] [ 41]
 |   |   |   |- Guid:85C32F884A1DADEB5265D4B246C975A9 BaseClass: NativeClass:/Script/Engine.StaticMeshActor Name:StaticMeshActor_UAID_7085C2CB42D7D71B02_1430807872 Label:SM_Cube5 SpatiallyLoaded:1 Bounds:IsValid=true, Min=(X=-0.000 Y=100.000 Z=0.000), Max=(X=100.000 Y=4675.000 Z=1275.000) RuntimeGrid:None EditorOnly:0 RuntimeOnly:0 HLODRelevant:1 FolderPath:Playground FolderGuid:2A921B52439E7531AE5401AF45FD0EC0
 |- ContainerInstances:
 |- [+] MainContainer:
 |   |-        ID: 0x0000000000000000
 |   |-    Bounds: IsValid=false, Min=(X=0.000 Y=0.000 Z=0.000), Max=(X=0.000 Y=0.000 Z=0.000)
 |   |- Transform: 0.000000,0.000000,0.000000|0.000000,0.000000,-0.000000|1.000000,1.000000,1.000000
 |   |- Container: /Game/Levels/AND_OR_Tutorial
----------------------------------------------------------------------------------------------------------------
AND_OR_Tutorial - Persistent Level
----------------------------------------------------------------------------------------------------------------
Always loaded Actor Count: 49 

----------------------------------------------------------------------------------------------------------------
AND_OR_Tutorial - Runtime Spatial Hash - Streaming Grid - MainGrid
----------------------------------------------------------------------------------------------------------------
            Origin: X=0.000 Y=0.000 Z=0.000
         Cell Size: 12800
      World Bounds: IsValid=false, Min=(X=0.000 Y=0.000 Z=0.000), Max=(X=0.000 Y=0.000 Z=0.000)
     Loading Range: 25600.00
Block Slow Loading: No
 ClientOnlyVisible: No

[+] Grid Levels: 1
 |- Level  0: Cell Count    0 | Cell Size   12800 | Actor Count    0 (0.0%)

[+] Content of Grid Level 0

