[+] Containers:
 |- [+] Container: /Game/Levels/AND_OR_Tutorial
 |   |- [+] ActorDescs:
 |   |   |- Guid:2C5CDC054FC90642870E3E9BD614DFD9 BaseClass: NativeClass:/Script/Engine.StaticMeshActor Name:StaticMeshActor_UAID_7085C2CB42D7D71B02_1430799865 Label:SM_ChamferCube SpatiallyLoaded:1 Bounds:IsValid=true, Min=(X=1100.000 Y=2000.000 Z=0.013), Max=(X=1200.000 Y=2100.000 Z=100.013) RuntimeGrid:None EditorOnly:0 RuntimeOnly:0 HLODRelevant:0
 |   |   |- Guid:330EE27E41469DC0BFCDE5BCF7E8E759 BaseClass: NativeClass:/Script/Engine.ExponentialHeightFog Name:ExponentialHeightFog_UAID_7085C2CB42D7D71B02_1430806871 Label:ExponentialHeightFog SpatiallyLoaded:0 Bounds:IsValid=true, Min=(X=-5600.000 Y=-50.000 Z=-6850.000), Max=(X=-5600.000 Y=-50.000 Z=-6850.000) RuntimeGrid:None EditorOnly:0 RuntimeOnly:0 HLODRelevant:0 FolderPath:Lighting FolderGuid:5635185844B0E190F74950934FE67D09
 |   |   |- Guid:399CF52D4B267AE482DC1185673F52B5 BaseClass: NativeClass:/Script/Engine.StaticMeshActor Name:StaticMeshActor_UAID_7085C2CB42D7D71B02_1430798864 Label:SM_Cube3 SpatiallyLoaded:1 Bounds:IsValid=true, Min=(X=0.000 Y=4650.000 Z=0.000), Max=(X=3000.000 Y=4750.000 Z=400.000) RuntimeGrid:None EditorOnly:0 RuntimeOnly:0 HLODRelevant:1 FolderPath:Playground FolderGuid:2A921B52439E7531AE5401AF45FD0EC0
 |   |   |- Guid:3A0C3C6B455BFF9D58B3AE8F79958EAC BaseClass: NativeClass:/Script/Engine.PostProcessVolume Name:PostProcessVolume_UAID_7085C2CB42D7D71B02_1430811875 Label:PostProcessVolume SpatiallyLoaded:0 Bounds:IsValid=true, Min=(X=0.000 Y=0.000 Z=400.000), Max=(X=200.000 Y=200.000 Z=600.000) RuntimeGrid:None EditorOnly:0 RuntimeOnly:0 HLODRelevant:0 FolderPath:Lighting FolderGuid:5635185844B0E190F74950934FE67D09
 |   |   |- Guid:3F2796534F658610C544FF81116A4EF6 BaseClass: NativeClass:/Script/Engine.DirectionalLight Name:DirectionalLight_UAID_7085C2CB42D7D71B02_1430817880 Label:DirectionalLight SpatiallyLoaded:0 Bounds:IsValid=true, Min=(X=-4398046511104.000 Y=-4398046511104.000 Z=-4398046511104.000), Max=(X=4398046511104.000 Y=4398046511104.000 Z=4398046511104.000) RuntimeGrid:None EditorOnly:0 RuntimeOnly:0 HLODRelevant:0 FolderPath:Lighting FolderGuid:5635185844B0E190F74950934FE67D09
 |   |   |- Guid:43EA9A304325398EF6288495D8F7040A BaseClass: NativeClass:/Script/Engine.TextRenderActor Name:TextRenderActor_UAID_7085C2CB42D7D71B02_1430810874 Label:TextRenderActor SpatiallyLoaded:1 Bounds:IsValid=true, Min=(X=-0.100 Y=1100.000 Z=65.013), Max=(X=-0.100 Y=2392.308 Z=215.013) RuntimeGrid:None EditorOnly:0 RuntimeOnly:0 HLODRelevant:0
 |   |   |- Guid:59F3168A4A9F00B1F5F21DBDDCA447FD BaseClass: NativeClass:/Script/Engine.WorldDataLayers Name:WorldDataLayers Label:WorldDataLayers SpatiallyLoaded:0 Bounds:IsValid=true, Min=(X=0.000 Y=0.000 Z=0.000), Max=(X=0.000 Y=0.000 Z=0.000) RuntimeGrid:None EditorOnly:0 RuntimeOnly:0 HLODRelevant:0
 |   |   |- Guid:7D6556CF48C9E0945761329E1B851543 BaseClass: NativeClass:/Script/Engine.PlayerStart Name:PlayerStart_UAID_7085C2CB42D7D71B02_1430802868 Label:PlayerStart SpatiallyLoaded:0 Bounds:IsValid=true, Min=(X=860.000 Y=1070.000 Z=0.013), Max=(X=940.000 Y=1150.000 Z=184.013) RuntimeGrid:None EditorOnly:0 RuntimeOnly:0 HLODRelevant:0
 |   |   |- Guid:85C32F884A1DADEB5265D4B246C975A9 BaseClass: NativeClass:/Script/Engine.StaticMeshActor Name:StaticMeshActor_UAID_7085C2CB42D7D71B02_1430807872 Label:SM_Cube5 SpatiallyLoaded:1 Bounds:IsValid=true, Min=(X=-0.000 Y=100.000 Z=0.000), Max=(X=100.000 Y=4675.000 Z=400.000) RuntimeGrid:None EditorOnly:0 RuntimeOnly:0 HLODRelevant:1 FolderPath:Playground FolderGuid:2A921B52439E7531AE5401AF45FD0EC0
 |   |   |- Guid:8A1BB58D49304B0E7406159508373344 BaseClass: NativeClass:/Script/Engine.StaticMeshActor Name:StaticMeshActor_UAID_7085C2CB42D7D71B02_1430796863 Label:SM_SkySphere SpatiallyLoaded:0 Bounds:IsValid=true, Min=(X=-1638400.000 Y=-1638400.000 Z=-1638400.000), Max=(X=1638400.000 Y=1638400.000 Z=1638400.000) RuntimeGrid:None EditorOnly:0 RuntimeOnly:0 HLODRelevant:1 FolderPath:Lighting FolderGuid:5635185844B0E190F74950934FE67D09
 |   |   |- Guid:92E14F2146C5DD3826D3C28E83EC6A97 BaseClass: NativeClass:/Script/Engine.StaticMeshActor Name:StaticMeshActor_UAID_7085C2CB42D7E71D02_1587153777 Label:Wall_400x201 SpatiallyLoaded:1 Bounds:IsValid=true, Min=(X=2480.000 Y=740.000 Z=0.000), Max=(X=2500.000 Y=2140.000 Z=350.000) RuntimeGrid:None EditorOnly:0 RuntimeOnly:0 HLODRelevant:1
 |   |   |- Guid:9ECE907E45B906B94808539AA1B63A6A BaseClass: NativeClass:/Script/Engine.StaticMeshActor Name:StaticMeshActor_UAID_7085C2CB42D7D71B02_1430818881 Label:SM_ChamferCube2 SpatiallyLoaded:1 Bounds:IsValid=true, Min=(X=992.077 Y=2692.077 Z=0.013), Max=(X=1107.923 Y=2807.923 Z=100.013) RuntimeGrid:None EditorOnly:0 RuntimeOnly:0 HLODRelevant:0
 |   |   |- Guid:A56142704B4AEA6058E3B78F6543AA6A BaseClass: NativeClass:/Script/Engine.StaticMeshActor Name:StaticMeshActor_UAID_7085C2CB42D7E71D02_1520122775 Label:Wall_400x200 SpatiallyLoaded:1 Bounds:IsValid=true, Min=(X=1900.000 Y=720.000 Z=0.000), Max=(X=2500.000 Y=740.000 Z=350.000) RuntimeGrid:None EditorOnly:0 RuntimeOnly:0 HLODRelevant:1
 |   |   |- Guid:ABA0D3374676AFD728DC028C87139A37 BaseClass:/Game/Objects/BP_BigBall.BP_BigBall_C NativeClass:/Script/Engine.Actor Name:BP_BigBall_C_UAID_7085C2CB42D7D71B02_1430800866 Label:BP_BigBall SpatiallyLoaded:1 Bounds:IsValid=true, Min=(X=1490.000 Y=1100.000 Z=140.000), Max=(X=1690.000 Y=1300.000 Z=340.000) RuntimeGrid:None EditorOnly:0 RuntimeOnly:0 HLODRelevant:0
 |   |   |- Guid:B46BDCB34F55CF687CA9E0A194407D6F BaseClass: NativeClass:/Script/Engine.StaticMeshActor Name:StaticMeshActor_UAID_7085C2CB42D7D71B02_1430801867 Label:SM_ChamferCube3 SpatiallyLoaded:1 Bounds:IsValid=true, Min=(X=481.699 Y=2271.699 Z=0.013), Max=(X=618.301 Y=2408.301 Z=100.013) RuntimeGrid:None EditorOnly:0 RuntimeOnly:0 HLODRelevant:0
 |   |   |- Guid:BFC458D44323E8E92E741E9D99B4B1B7 BaseClass: NativeClass:/Script/Engine.StaticMeshActor Name:StaticMeshActor_UAID_7085C2CB42D7D71B02_1430809873 Label:SM_Cube2 SpatiallyLoaded:1 Bounds:IsValid=true, Min=(X=0.000 Y=0.000 Z=0.000), Max=(X=3000.000 Y=100.000 Z=400.000) RuntimeGrid:None EditorOnly:0 RuntimeOnly:0 HLODRelevant:1 FolderPath:Playground FolderGuid:2A921B52439E7531AE5401AF45FD0EC0
 |   |   |- Guid:C1367E5F4B1C64918F58ACA827CEEDBF BaseClass: NativeClass:/Script/Engine.VolumetricCloud Name:VolumetricCloud_UAID_7085C2CB42D7D71B02_1430814878 Label:VolumetricCloud SpatiallyLoaded:0 Bounds:IsValid=true, Min=(X=0.000 Y=0.000 Z=820.000), Max=(X=0.000 Y=0.000 Z=820.000) RuntimeGrid:None EditorOnly:0 RuntimeOnly:0 HLODRelevant:0 FolderPath:Lighting FolderGuid:5635185844B0E190F74950934FE67D09
 |   |   |- Guid:C3F9C283437339330A069F85601E7568 BaseClass: NativeClass:/Script/Engine.StaticMeshActor Name:StaticMeshActor_UAID_7085C2CB42D7D71B02_1430805870 Label:SM_Cube SpatiallyLoaded:1 Bounds:IsValid=true, Min=(X=0.000 Y=0.000 Z=-50.000), Max=(X=3000.000 Y=4750.000 Z=0.000) RuntimeGrid:None EditorOnly:0 RuntimeOnly:0 HLODRelevant:1 FolderPath:Playground FolderGuid:2A921B52439E7531AE5401AF45FD0EC0
 |   |   |- Guid:CC4ABC38488F42AE42E058890E915C5B BaseClass: NativeClass:/Script/Engine.StaticMeshActor Name:StaticMeshActor_UAID_7085C2CB42D7D71B02_1430812876 Label:SM_Cube6 SpatiallyLoaded:1 Bounds:IsValid=true, Min=(X=2900.000 Y=100.000 Z=0.000), Max=(X=3000.000 Y=4675.000 Z=400.000) RuntimeGrid:None EditorOnly:0 RuntimeOnly:0 HLODRelevant:1 FolderPath:Playground FolderGuid:2A921B52439E7531AE5401AF45FD0EC0
 |   |   |- Guid:E0F435BF4AC0473C37C767A789E90CF4 BaseClass:/Game/Objects/BP_BigBall.BP_BigBall_C NativeClass:/Script/Engine.Actor Name:BP_BigBall_C_UAID_7085C2CB42D7E71D02_2067485778 Label:BP_BigBall2 SpatiallyLoaded:1 Bounds:IsValid=true, Min=(X=1490.000 Y=1520.000 Z=140.000), Max=(X=1690.000 Y=1720.000 Z=340.000) RuntimeGrid:None EditorOnly:0 RuntimeOnly:0 HLODRelevant:0
 |   |   |- Guid:E9183DBE4136EE7C36633F8F15D5BAB4 BaseClass: NativeClass:/Script/Engine.SkyLight Name:SkyLight_UAID_7085C2CB42D7D71B02_1430804869 Label:SkyLight SpatiallyLoaded:0 Bounds:IsValid=true, Min=(X=0.000 Y=0.000 Z=690.000), Max=(X=0.000 Y=0.000 Z=690.000) RuntimeGrid:None EditorOnly:0 RuntimeOnly:0 HLODRelevant:0 FolderPath:Lighting FolderGuid:5635185844B0E190F74950934FE67D09
 |   |   |- Guid:F6F859C24A1DE5622261BDBA09CA82CC BaseClass: NativeClass:/Script/Engine.SkyAtmosphere Name:SkyAtmosphere_UAID_7085C2CB42D7D71B02_1430816879 Label:SkyAtmosphere SpatiallyLoaded:0 Bounds:IsValid=true, Min=(X=0.000 Y=0.000 Z=1020.000), Max=(X=0.000 Y=0.000 Z=1020.000) RuntimeGrid:None EditorOnly:0 RuntimeOnly:0 HLODRelevant:0 FolderPath:Lighting FolderGuid:5635185844B0E190F74950934FE67D09
 |   |- [+] Clusters:
 |   |   |- [+] [  0]
 |   |   |   |- Guid:C1367E5F4B1C64918F58ACA827CEEDBF BaseClass: NativeClass:/Script/Engine.VolumetricCloud Name:VolumetricCloud_UAID_7085C2CB42D7D71B02_1430814878 Label:VolumetricCloud SpatiallyLoaded:0 Bounds:IsValid=true, Min=(X=0.000 Y=0.000 Z=820.000), Max=(X=0.000 Y=0.000 Z=820.000) RuntimeGrid:None EditorOnly:0 RuntimeOnly:0 HLODRelevant:0 FolderPath:Lighting FolderGuid:5635185844B0E190F74950934FE67D09
 |   |   |- [+] [  1]
 |   |   |   |- Guid:399CF52D4B267AE482DC1185673F52B5 BaseClass: NativeClass:/Script/Engine.StaticMeshActor Name:StaticMeshActor_UAID_7085C2CB42D7D71B02_1430798864 Label:SM_Cube3 SpatiallyLoaded:1 Bounds:IsValid=true, Min=(X=0.000 Y=4650.000 Z=0.000), Max=(X=3000.000 Y=4750.000 Z=400.000) RuntimeGrid:None EditorOnly:0 RuntimeOnly:0 HLODRelevant:1 FolderPath:Playground FolderGuid:2A921B52439E7531AE5401AF45FD0EC0
 |   |   |- [+] [  2]
 |   |   |   |- Guid:2C5CDC054FC90642870E3E9BD614DFD9 BaseClass: NativeClass:/Script/Engine.StaticMeshActor Name:StaticMeshActor_UAID_7085C2CB42D7D71B02_1430799865 Label:SM_ChamferCube SpatiallyLoaded:1 Bounds:IsValid=true, Min=(X=1100.000 Y=2000.000 Z=0.013), Max=(X=1200.000 Y=2100.000 Z=100.013) RuntimeGrid:None EditorOnly:0 RuntimeOnly:0 HLODRelevant:0
 |   |   |- [+] [  3]
 |   |   |   |- Guid:F6F859C24A1DE5622261BDBA09CA82CC BaseClass: NativeClass:/Script/Engine.SkyAtmosphere Name:SkyAtmosphere_UAID_7085C2CB42D7D71B02_1430816879 Label:SkyAtmosphere SpatiallyLoaded:0 Bounds:IsValid=true, Min=(X=0.000 Y=0.000 Z=1020.000), Max=(X=0.000 Y=0.000 Z=1020.000) RuntimeGrid:None EditorOnly:0 RuntimeOnly:0 HLODRelevant:0 FolderPath:Lighting FolderGuid:5635185844B0E190F74950934FE67D09
 |   |   |- [+] [  4]
 |   |   |   |- Guid:330EE27E41469DC0BFCDE5BCF7E8E759 BaseClass: NativeClass:/Script/Engine.ExponentialHeightFog Name:ExponentialHeightFog_UAID_7085C2CB42D7D71B02_1430806871 Label:ExponentialHeightFog SpatiallyLoaded:0 Bounds:IsValid=true, Min=(X=-5600.000 Y=-50.000 Z=-6850.000), Max=(X=-5600.000 Y=-50.000 Z=-6850.000) RuntimeGrid:None EditorOnly:0 RuntimeOnly:0 HLODRelevant:0 FolderPath:Lighting FolderGuid:5635185844B0E190F74950934FE67D09
 |   |   |- [+] [  5]
 |   |   |   |- Guid:E9183DBE4136EE7C36633F8F15D5BAB4 BaseClass: NativeClass:/Script/Engine.SkyLight Name:SkyLight_UAID_7085C2CB42D7D71B02_1430804869 Label:SkyLight SpatiallyLoaded:0 Bounds:IsValid=true, Min=(X=0.000 Y=0.000 Z=690.000), Max=(X=0.000 Y=0.000 Z=690.000) RuntimeGrid:None EditorOnly:0 RuntimeOnly:0 HLODRelevant:0 FolderPath:Lighting FolderGuid:5635185844B0E190F74950934FE67D09
 |   |   |- [+] [  6]
 |   |   |   |- Guid:A56142704B4AEA6058E3B78F6543AA6A BaseClass: NativeClass:/Script/Engine.StaticMeshActor Name:StaticMeshActor_UAID_7085C2CB42D7E71D02_1520122775 Label:Wall_400x200 SpatiallyLoaded:1 Bounds:IsValid=true, Min=(X=1900.000 Y=720.000 Z=0.000), Max=(X=2500.000 Y=740.000 Z=350.000) RuntimeGrid:None EditorOnly:0 RuntimeOnly:0 HLODRelevant:1
 |   |   |- [+] [  7]
 |   |   |   |- Guid:92E14F2146C5DD3826D3C28E83EC6A97 BaseClass: NativeClass:/Script/Engine.StaticMeshActor Name:StaticMeshActor_UAID_7085C2CB42D7E71D02_1587153777 Label:Wall_400x201 SpatiallyLoaded:1 Bounds:IsValid=true, Min=(X=2480.000 Y=740.000 Z=0.000), Max=(X=2500.000 Y=2140.000 Z=350.000) RuntimeGrid:None EditorOnly:0 RuntimeOnly:0 HLODRelevant:1
 |   |   |- [+] [  8]
 |   |   |   |- Guid:8A1BB58D49304B0E7406159508373344 BaseClass: NativeClass:/Script/Engine.StaticMeshActor Name:StaticMeshActor_UAID_7085C2CB42D7D71B02_1430796863 Label:SM_SkySphere SpatiallyLoaded:0 Bounds:IsValid=true, Min=(X=-1638400.000 Y=-1638400.000 Z=-1638400.000), Max=(X=1638400.000 Y=1638400.000 Z=1638400.000) RuntimeGrid:None EditorOnly:0 RuntimeOnly:0 HLODRelevant:1 FolderPath:Lighting FolderGuid:5635185844B0E190F74950934FE67D09
 |   |   |- [+] [  9]
 |   |   |   |- Guid:7D6556CF48C9E0945761329E1B851543 BaseClass: NativeClass:/Script/Engine.PlayerStart Name:PlayerStart_UAID_7085C2CB42D7D71B02_1430802868 Label:PlayerStart SpatiallyLoaded:0 Bounds:IsValid=true, Min=(X=860.000 Y=1070.000 Z=0.013), Max=(X=940.000 Y=1150.000 Z=184.013) RuntimeGrid:None EditorOnly:0 RuntimeOnly:0 HLODRelevant:0
 |   |   |- [+] [ 10]
 |   |   |   |- Guid:3A0C3C6B455BFF9D58B3AE8F79958EAC BaseClass: NativeClass:/Script/Engine.PostProcessVolume Name:PostProcessVolume_UAID_7085C2CB42D7D71B02_1430811875 Label:PostProcessVolume SpatiallyLoaded:0 Bounds:IsValid=true, Min=(X=0.000 Y=0.000 Z=400.000), Max=(X=200.000 Y=200.000 Z=600.000) RuntimeGrid:None EditorOnly:0 RuntimeOnly:0 HLODRelevant:0 FolderPath:Lighting FolderGuid:5635185844B0E190F74950934FE67D09
 |   |   |- [+] [ 11]
 |   |   |   |- Guid:CC4ABC38488F42AE42E058890E915C5B BaseClass: NativeClass:/Script/Engine.StaticMeshActor Name:StaticMeshActor_UAID_7085C2CB42D7D71B02_1430812876 Label:SM_Cube6 SpatiallyLoaded:1 Bounds:IsValid=true, Min=(X=2900.000 Y=100.000 Z=0.000), Max=(X=3000.000 Y=4675.000 Z=400.000) RuntimeGrid:None EditorOnly:0 RuntimeOnly:0 HLODRelevant:1 FolderPath:Playground FolderGuid:2A921B52439E7531AE5401AF45FD0EC0
 |   |   |- [+] [ 12]
 |   |   |   |- Guid:C3F9C283437339330A069F85601E7568 BaseClass: NativeClass:/Script/Engine.StaticMeshActor Name:StaticMeshActor_UAID_7085C2CB42D7D71B02_1430805870 Label:SM_Cube SpatiallyLoaded:1 Bounds:IsValid=true, Min=(X=0.000 Y=0.000 Z=-50.000), Max=(X=3000.000 Y=4750.000 Z=0.000) RuntimeGrid:None EditorOnly:0 RuntimeOnly:0 HLODRelevant:1 FolderPath:Playground FolderGuid:2A921B52439E7531AE5401AF45FD0EC0
 |   |   |- [+] [ 13]
 |   |   |   |- Guid:ABA0D3374676AFD728DC028C87139A37 BaseClass:/Game/Objects/BP_BigBall.BP_BigBall_C NativeClass:/Script/Engine.Actor Name:BP_BigBall_C_UAID_7085C2CB42D7D71B02_1430800866 Label:BP_BigBall SpatiallyLoaded:1 Bounds:IsValid=true, Min=(X=1490.000 Y=1100.000 Z=140.000), Max=(X=1690.000 Y=1300.000 Z=340.000) RuntimeGrid:None EditorOnly:0 RuntimeOnly:0 HLODRelevant:0
 |   |   |- [+] [ 14]
 |   |   |   |- Guid:E0F435BF4AC0473C37C767A789E90CF4 BaseClass:/Game/Objects/BP_BigBall.BP_BigBall_C NativeClass:/Script/Engine.Actor Name:BP_BigBall_C_UAID_7085C2CB42D7E71D02_2067485778 Label:BP_BigBall2 SpatiallyLoaded:1 Bounds:IsValid=true, Min=(X=1490.000 Y=1520.000 Z=140.000), Max=(X=1690.000 Y=1720.000 Z=340.000) RuntimeGrid:None EditorOnly:0 RuntimeOnly:0 HLODRelevant:0
 |   |   |- [+] [ 15]
 |   |   |   |- Guid:9ECE907E45B906B94808539AA1B63A6A BaseClass: NativeClass:/Script/Engine.StaticMeshActor Name:StaticMeshActor_UAID_7085C2CB42D7D71B02_1430818881 Label:SM_ChamferCube2 SpatiallyLoaded:1 Bounds:IsValid=true, Min=(X=992.077 Y=2692.077 Z=0.013), Max=(X=1107.923 Y=2807.923 Z=100.013) RuntimeGrid:None EditorOnly:0 RuntimeOnly:0 HLODRelevant:0
 |   |   |- [+] [ 16]
 |   |   |   |- Guid:3F2796534F658610C544FF81116A4EF6 BaseClass: NativeClass:/Script/Engine.DirectionalLight Name:DirectionalLight_UAID_7085C2CB42D7D71B02_1430817880 Label:DirectionalLight SpatiallyLoaded:0 Bounds:IsValid=true, Min=(X=-4398046511104.000 Y=-4398046511104.000 Z=-4398046511104.000), Max=(X=4398046511104.000 Y=4398046511104.000 Z=4398046511104.000) RuntimeGrid:None EditorOnly:0 RuntimeOnly:0 HLODRelevant:0 FolderPath:Lighting FolderGuid:5635185844B0E190F74950934FE67D09
 |   |   |- [+] [ 17]
 |   |   |   |- Guid:BFC458D44323E8E92E741E9D99B4B1B7 BaseClass: NativeClass:/Script/Engine.StaticMeshActor Name:StaticMeshActor_UAID_7085C2CB42D7D71B02_1430809873 Label:SM_Cube2 SpatiallyLoaded:1 Bounds:IsValid=true, Min=(X=0.000 Y=0.000 Z=0.000), Max=(X=3000.000 Y=100.000 Z=400.000) RuntimeGrid:None EditorOnly:0 RuntimeOnly:0 HLODRelevant:1 FolderPath:Playground FolderGuid:2A921B52439E7531AE5401AF45FD0EC0
 |   |   |- [+] [ 18]
 |   |   |   |- Guid:B46BDCB34F55CF687CA9E0A194407D6F BaseClass: NativeClass:/Script/Engine.StaticMeshActor Name:StaticMeshActor_UAID_7085C2CB42D7D71B02_1430801867 Label:SM_ChamferCube3 SpatiallyLoaded:1 Bounds:IsValid=true, Min=(X=481.699 Y=2271.699 Z=0.013), Max=(X=618.301 Y=2408.301 Z=100.013) RuntimeGrid:None EditorOnly:0 RuntimeOnly:0 HLODRelevant:0
 |   |   |- [+] [ 19]
 |   |   |   |- Guid:43EA9A304325398EF6288495D8F7040A BaseClass: NativeClass:/Script/Engine.TextRenderActor Name:TextRenderActor_UAID_7085C2CB42D7D71B02_1430810874 Label:TextRenderActor SpatiallyLoaded:1 Bounds:IsValid=true, Min=(X=-0.100 Y=1100.000 Z=65.013), Max=(X=-0.100 Y=2392.308 Z=215.013) RuntimeGrid:None EditorOnly:0 RuntimeOnly:0 HLODRelevant:0
 |   |   |- [+] [ 20]
 |   |   |   |- Guid:59F3168A4A9F00B1F5F21DBDDCA447FD BaseClass: NativeClass:/Script/Engine.WorldDataLayers Name:WorldDataLayers Label:WorldDataLayers SpatiallyLoaded:0 Bounds:IsValid=true, Min=(X=0.000 Y=0.000 Z=0.000), Max=(X=0.000 Y=0.000 Z=0.000) RuntimeGrid:None EditorOnly:0 RuntimeOnly:0 HLODRelevant:0
 |   |   |- [+] [ 21]
 |   |   |   |- Guid:85C32F884A1DADEB5265D4B246C975A9 BaseClass: NativeClass:/Script/Engine.StaticMeshActor Name:StaticMeshActor_UAID_7085C2CB42D7D71B02_1430807872 Label:SM_Cube5 SpatiallyLoaded:1 Bounds:IsValid=true, Min=(X=-0.000 Y=100.000 Z=0.000), Max=(X=100.000 Y=4675.000 Z=400.000) RuntimeGrid:None EditorOnly:0 RuntimeOnly:0 HLODRelevant:1 FolderPath:Playground FolderGuid:2A921B52439E7531AE5401AF45FD0EC0
 |- ContainerInstances:
 |- [+] MainContainer:
 |   |-        ID: 0x0000000000000000
 |   |-    Bounds: IsValid=false, Min=(X=0.000 Y=0.000 Z=0.000), Max=(X=0.000 Y=0.000 Z=0.000)
 |   |- Transform: 0.000000,0.000000,0.000000|0.000000,0.000000,-0.000000|1.000000,1.000000,1.000000
 |   |- Container: /Game/Levels/AND_OR_Tutorial
----------------------------------------------------------------------------------------------------------------
AND_OR_Tutorial - Persistent Level
----------------------------------------------------------------------------------------------------------------
Always loaded Actor Count: 29 

----------------------------------------------------------------------------------------------------------------
AND_OR_Tutorial - Runtime Spatial Hash - Streaming Grid - MainGrid
----------------------------------------------------------------------------------------------------------------
            Origin: X=0.000 Y=0.000 Z=0.000
         Cell Size: 12800
      World Bounds: IsValid=false, Min=(X=0.000 Y=0.000 Z=0.000), Max=(X=0.000 Y=0.000 Z=0.000)
     Loading Range: 25600.00
Block Slow Loading: No
 ClientOnlyVisible: No

[+] Grid Levels: 1
 |- Level  0: Cell Count    0 | Cell Size   12800 | Actor Count    0 (0.0%)

[+] Content of Grid Level 0

