[+] Containers:
 |- [+] Container: /Game/Levels/AndLevel
 |   |- [+] ActorDescs:
 |   |   |- Guid:01F28550446B21BABC8234A2CE5DD49E BaseClass: NativeClass:/Script/Engine.TextRenderActor Name:TextRenderActor_1 Label:TextRenderActor SpatiallyLoaded:1 Bounds:IsValid=true, Min=(X=-0.100 Y=1100.000 Z=65.013), Max=(X=-0.100 Y=2392.308 Z=215.013) RuntimeGrid:None EditorOnly:0 RuntimeOnly:0 HLODRelevant:0
 |   |   |- Guid:023D4C4142FE28AD485718AC8A6AB52F BaseClass: NativeClass:/Script/Engine.SkyAtmosphere Name:SkyAtmosphere_0 Label:SkyAtmosphere SpatiallyLoaded:0 Bounds:IsValid=true, Min=(X=0.000 Y=0.000 Z=1020.000), Max=(X=0.000 Y=0.000 Z=1020.000) RuntimeGrid:None EditorOnly:0 RuntimeOnly:0 HLODRelevant:0 FolderPath:Lighting FolderGuid:963EC3EB4002CCE9759E2EBA541A873A
 |   |   |- Guid:0506C0CB4EAFB3F831D254B0AFBFD542 BaseClass: NativeClass:/Script/Engine.VolumetricCloud Name:VolumetricCloud_0 Label:VolumetricCloud SpatiallyLoaded:0 Bounds:IsValid=true, Min=(X=0.000 Y=0.000 Z=820.000), Max=(X=0.000 Y=0.000 Z=820.000) RuntimeGrid:None EditorOnly:0 RuntimeOnly:0 HLODRelevant:0 FolderPath:Lighting FolderGuid:963EC3EB4002CCE9759E2EBA541A873A
 |   |   |- Guid:092199F945F071647B3C52A64957A7A4 BaseClass: NativeClass:/Script/Engine.StaticMeshActor Name:StaticMeshActor_UAID_F02F74190FD4F71F02_1530152705 Label:SM_Cube4 SpatiallyLoaded:1 Bounds:IsValid=true, Min=(X=1800.000 Y=10.000 Z=-50.000), Max=(X=3225.000 Y=3510.000 Z=0.000) RuntimeGrid:None EditorOnly:0 RuntimeOnly:0 HLODRelevant:1 FolderPath:Playground FolderGuid:C73F09FC4215536B1DCE2A9E0A830C70
 |   |   |- Guid:0A442E1D47DF1DF15D0CCB8D8A257973 BaseClass: NativeClass:/Script/Engine.StaticMeshActor Name:StaticMeshActor_UAID_F02F74F828823E2B02_1201899823 Label:SM_Cube22 SpatiallyLoaded:1 Bounds:IsValid=true, Min=(X=1800.000 Y=-1360.000 Z=-50.000), Max=(X=3225.000 Y=15.000 Z=0.000) RuntimeGrid:None EditorOnly:0 RuntimeOnly:0 HLODRelevant:1 FolderPath:Playground FolderGuid:C73F09FC4215536B1DCE2A9E0A830C70
 |   |   |- Guid:152699444197AA5182250FB8E5F1D8BC BaseClass: NativeClass:/Script/Engine.StaticMeshActor Name:StaticMeshActor_UAID_F02F74190FD4342002_1611473450 Label:SM_Cube17 SpatiallyLoaded:1 Bounds:IsValid=true, Min=(X=1800.000 Y=3415.000 Z=0.000), Max=(X=1900.000 Y=6940.000 Z=400.000) RuntimeGrid:None EditorOnly:0 RuntimeOnly:0 HLODRelevant:1 FolderPath:Playground FolderGuid:C73F09FC4215536B1DCE2A9E0A830C70
 |   |   |- Guid:17544FC1468D482C5A0B2197AC3D63BB BaseClass: NativeClass:/Script/Engine.StaticMeshActor Name:StaticMeshActor_UAID_F02F74F828823F2B02_1096894005 Label:Cube12 SpatiallyLoaded:1 Bounds:IsValid=true, Min=(X=3123.436 Y=-1830.000 Z=77.000), Max=(X=3130.186 Y=-480.000 Z=83.000) RuntimeGrid:None EditorOnly:0 RuntimeOnly:0 HLODRelevant:1
 |   |   |- Guid:1C9E2DA141A88B052B46F99EBB98AEAE BaseClass: NativeClass:/Script/Engine.TriggerBox Name:TriggerBox_UAID_F02F74190FD4352002_1092580629 Label:TriggerBox SpatiallyLoaded:1 Bounds:IsValid=true, Min=(X=2699.800 Y=1290.300 Z=-11.800), Max=(X=3000.200 Y=2289.700 Z=351.800) RuntimeGrid:None EditorOnly:0 RuntimeOnly:0 HLODRelevant:0
 |   |   |- Guid:1E3D833346A53B3CEA6B308258D60FFA BaseClass: NativeClass:/Script/Engine.StaticMeshActor Name:StaticMeshActor_UAID_F02F74190FD4342002_1611472449 Label:SM_Cube16 SpatiallyLoaded:1 Bounds:IsValid=true, Min=(X=2989.500 Y=3370.000 Z=0.000), Max=(X=3120.000 Y=3440.000 Z=400.000) RuntimeGrid:None EditorOnly:0 RuntimeOnly:0 HLODRelevant:1 FolderPath:Playground FolderGuid:C73F09FC4215536B1DCE2A9E0A830C70
 |   |   |- Guid:1EED308F42A2D943D0A283887640552C BaseClass: NativeClass:/Script/Engine.StaticMeshActor Name:StaticMeshActor_UAID_F02F74F82882712D02_1609046906 Label:Cube19 SpatiallyLoaded:1 Bounds:IsValid=true, Min=(X=3110.436 Y=3440.000 Z=77.000), Max=(X=3117.186 Y=4790.000 Z=83.000) RuntimeGrid:None EditorOnly:0 RuntimeOnly:0 HLODRelevant:1
 |   |   |- Guid:251434C146F9D5D886AF92B9A597A0BC BaseClass: NativeClass:/Script/Engine.StaticMeshActor Name:StaticMeshActor_UAID_F02F74F828823E2B02_1184461822 Label:Cube11 SpatiallyLoaded:1 Bounds:IsValid=true, Min=(X=3123.436 Y=-3180.000 Z=77.000), Max=(X=3130.186 Y=-1830.000 Z=83.000) RuntimeGrid:None EditorOnly:0 RuntimeOnly:0 HLODRelevant:1
 |   |   |- Guid:321C5733467361C24E4B6182F044E558 BaseClass: NativeClass:/Script/Engine.StaticMeshActor Name:StaticMeshActor_UAID_F02F74F828823E2B02_1378886825 Label:SM_Cube24 SpatiallyLoaded:1 Bounds:IsValid=true, Min=(X=1865.000 Y=3510.000 Z=-50.000), Max=(X=3115.000 Y=4760.000 Z=0.000) RuntimeGrid:None EditorOnly:0 RuntimeOnly:0 HLODRelevant:1 FolderPath:Playground FolderGuid:C73F09FC4215536B1DCE2A9E0A830C70
 |   |   |- Guid:36F4B04C46B736A58273F58CE4F5129A BaseClass: NativeClass:/Script/Engine.StaticMeshActor Name:StaticMeshActor_UAID_F02F74F82882712D02_1661017909 Label:Cube22 SpatiallyLoaded:1 Bounds:IsValid=true, Min=(X=2388.311 Y=6823.625 Z=77.000), Max=(X=3113.311 Y=6830.375 Z=83.000) RuntimeGrid:None EditorOnly:0 RuntimeOnly:0 HLODRelevant:1
 |   |   |- Guid:3D20820F4A2C384A539AD98FD72E6A85 BaseClass: NativeClass:/Script/Engine.PlayerStart Name:PlayerStart_0 Label:PlayerStart SpatiallyLoaded:0 Bounds:IsValid=true, Min=(X=370.000 Y=1760.000 Z=0.013), Max=(X=450.000 Y=1840.000 Z=184.013) RuntimeGrid:None EditorOnly:0 RuntimeOnly:0 HLODRelevant:0
 |   |   |- Guid:3D4D00E64A1436FB4D2750BC320B5FC0 BaseClass: NativeClass:/Script/Engine.StaticMeshActor Name:StaticMeshActor_UAID_F02F74190FD4342002_1611472448 Label:SM_Cube15 SpatiallyLoaded:1 Bounds:IsValid=true, Min=(X=3120.000 Y=3415.000 Z=0.000), Max=(X=3220.000 Y=6940.000 Z=400.000) RuntimeGrid:None EditorOnly:0 RuntimeOnly:0 HLODRelevant:1 FolderPath:Playground FolderGuid:C73F09FC4215536B1DCE2A9E0A830C70
 |   |   |- Guid:407E135642BB84805B53948E41E94128 BaseClass: NativeClass:/Script/Engine.StaticMeshActor Name:StaticMeshActor_UAID_F02F74F82882712D02_1403085903 Label:Cube16 SpatiallyLoaded:1 Bounds:IsValid=true, Min=(X=1811.514 Y=2399.789 Z=-13.289), Max=(X=3061.514 Y=2524.789 Z=411.711) RuntimeGrid:None EditorOnly:0 RuntimeOnly:0 HLODRelevant:1 FolderPath:Playground FolderGuid:C73F09FC4215536B1DCE2A9E0A830C70
 |   |   |- Guid:45F4772940758F30FBB10F9FC8AA1ADB BaseClass: NativeClass:/Script/Engine.KillZVolume Name:KillZVolume_UAID_F02F74190FD4352002_1212292630 Label:KillZVolume SpatiallyLoaded:1 Bounds:IsValid=true, Min=(X=205.308 Y=-1499.491 Z=-580.659), Max=(X=3155.308 Y=4200.509 Z=-380.659) RuntimeGrid:None EditorOnly:0 RuntimeOnly:0 HLODRelevant:0
 |   |   |- Guid:49059F85476FF94427467E8CBEBCCB1A BaseClass: NativeClass:/Script/Engine.StaticMeshActor Name:StaticMeshActor_1 Label:SM_Cube SpatiallyLoaded:1 Bounds:IsValid=true, Min=(X=0.000 Y=0.000 Z=-50.000), Max=(X=1450.000 Y=3500.000 Z=0.000) RuntimeGrid:None EditorOnly:0 RuntimeOnly:0 HLODRelevant:1 FolderPath:Playground FolderGuid:C73F09FC4215536B1DCE2A9E0A830C70
 |   |   |- Guid:4A28AB964251B141AEDA9D8EF3CFD177 BaseClass: NativeClass:/Script/Engine.StaticMeshActor Name:StaticMeshActor_UAID_F02F74F82882712D02_1674040910 Label:Cube23 SpatiallyLoaded:1 Bounds:IsValid=true, Min=(X=2165.311 Y=6824.625 Z=77.000), Max=(X=2740.311 Y=6831.375 Z=83.000) RuntimeGrid:None EditorOnly:0 RuntimeOnly:0 HLODRelevant:1
 |   |   |- Guid:4C2D4DFB4F8C4C3E3F01BEAFB9CB7AB3 BaseClass: NativeClass:/Script/Engine.ExponentialHeightFog Name:ExponentialHeightFog_0 Label:ExponentialHeightFog SpatiallyLoaded:0 Bounds:IsValid=true, Min=(X=-5600.000 Y=-50.000 Z=-6850.000), Max=(X=-5600.000 Y=-50.000 Z=-6850.000) RuntimeGrid:None EditorOnly:0 RuntimeOnly:0 HLODRelevant:0 FolderPath:Lighting FolderGuid:963EC3EB4002CCE9759E2EBA541A873A
 |   |   |- Guid:4E73DBE74E0488751C709C90D00BBCD6 BaseClass: NativeClass:/Script/Engine.StaticMeshActor Name:StaticMeshActor_UAID_F02F74190FD4342002_1330502444 Label:SM_Cube12 SpatiallyLoaded:1 Bounds:IsValid=true, Min=(X=1810.000 Y=-3490.000 Z=0.000), Max=(X=1910.000 Y=35.000 Z=400.000) RuntimeGrid:None EditorOnly:0 RuntimeOnly:0 HLODRelevant:1 FolderPath:Playground FolderGuid:C73F09FC4215536B1DCE2A9E0A830C70
 |   |   |- Guid:57C71C5C448F19E666BD9F8B71FE241C BaseClass: NativeClass:/Script/Engine.StaticMeshActor Name:StaticMeshActor_UAID_F02F74F828823E2B02_1150458821 Label:Cube10 SpatiallyLoaded:1 Bounds:IsValid=true, Min=(X=3123.436 Y=-3380.000 Z=77.000), Max=(X=3130.186 Y=-3180.000 Z=83.000) RuntimeGrid:None EditorOnly:0 RuntimeOnly:0 HLODRelevant:1
 |   |   |- Guid:6AF365114FEA816D745851A06D43CAE1 BaseClass: NativeClass:/Script/Engine.StaticMeshActor Name:StaticMeshActor_4 Label:SM_Cube6 SpatiallyLoaded:1 Bounds:IsValid=true, Min=(X=2900.000 Y=10.000 Z=0.000), Max=(X=3000.000 Y=3400.000 Z=400.000) RuntimeGrid:None EditorOnly:0 RuntimeOnly:0 HLODRelevant:1 FolderPath:Playground FolderGuid:C73F09FC4215536B1DCE2A9E0A830C70
 |   |   |- Guid:6E1416714F2BEEB8E5516980DC852D24 BaseClass: NativeClass:/Script/Engine.StaticMeshActor Name:StaticMeshActor_UAID_F02F74F828823D2B02_2065424643 Label:Cube8 SpatiallyLoaded:1 Bounds:IsValid=true, Min=(X=2240.375 Y=-3388.375 Z=77.000), Max=(X=2939.625 Y=-3381.625 Z=83.000) RuntimeGrid:None EditorOnly:0 RuntimeOnly:0 HLODRelevant:1
 |   |   |- Guid:70C7639749491510B4600EA432FBBC4D BaseClass: NativeClass:/Script/Engine.StaticMeshActor Name:StaticMeshActor_UAID_F02F74190FD4332002_1425567264 Label:Cube SpatiallyLoaded:1 Bounds:IsValid=true, Min=(X=1804.014 Y=1182.289 Z=-13.289), Max=(X=1929.014 Y=2432.289 Z=411.711) RuntimeGrid:None EditorOnly:0 RuntimeOnly:0 HLODRelevant:1 FolderPath:Playground FolderGuid:C73F09FC4215536B1DCE2A9E0A830C70
 |   |   |- Guid:73708F734EAB371559E7A0A0EE512273 BaseClass: NativeClass:/Script/Engine.StaticMeshActor Name:StaticMeshActor_UAID_F02F74F82882722D02_1262966090 Label:Cube24 SpatiallyLoaded:1 Bounds:IsValid=true, Min=(X=2981.261 Y=3445.889 Z=77.000), Max=(X=3106.261 Y=3452.639 Z=83.000) RuntimeGrid:None EditorOnly:0 RuntimeOnly:0 HLODRelevant:1
 |   |   |- Guid:748D9BCA418BEEEEB5D90DA6FC607D6F BaseClass: NativeClass:/Script/Engine.PostProcessVolume Name:PostProcessVolume_0 Label:PostProcessVolume SpatiallyLoaded:0 Bounds:IsValid=true, Min=(X=0.000 Y=0.000 Z=400.000), Max=(X=200.000 Y=200.000 Z=600.000) RuntimeGrid:None EditorOnly:0 RuntimeOnly:0 HLODRelevant:0 FolderPath:Lighting FolderGuid:963EC3EB4002CCE9759E2EBA541A873A
 |   |   |- Guid:76D8DA6C47A6CCF4B9180ABBDA83589E BaseClass:/Game/Objects/BP_PressurePlate.BP_PressurePlate_C NativeClass:/Script/Engine.Actor Name:BP_PressurePlate_C_UAID_F02F74190FD40F3602_1872369159 Label:BP_PressurePlate SpatiallyLoaded:1 Bounds:IsValid=true, Min=(X=820.000 Y=1618.000 Z=-8.375), Max=(X=932.000 Y=1734.000 Z=220.375) RuntimeGrid:None EditorOnly:0 RuntimeOnly:0 HLODRelevant:1
 |   |   |- Guid:792721794683D7DC68BB66AAF8DE42F7 BaseClass: NativeClass:/Script/Engine.PointLight Name:PointLight_UAID_F02F74F828823D2B02_1853630641 Label:PointLight2 SpatiallyLoaded:1 Bounds:IsValid=true, Min=(X=-975.042 Y=1399.958 Z=-3225.042), Max=(X=6095.042 Y=8470.042 Z=3845.042) RuntimeGrid:None EditorOnly:0 RuntimeOnly:0 HLODRelevant:0
 |   |   |- Guid:7A4C2CCC4A3F0AA7D3C9F9BCFC77E64F BaseClass: NativeClass:/Script/Engine.StaticMeshActor Name:StaticMeshActor_0 Label:SM_Cube5 SpatiallyLoaded:1 Bounds:IsValid=true, Min=(X=-0.000 Y=100.000 Z=0.000), Max=(X=100.000 Y=3400.000 Z=400.000) RuntimeGrid:None EditorOnly:0 RuntimeOnly:0 HLODRelevant:1 FolderPath:Playground FolderGuid:C73F09FC4215536B1DCE2A9E0A830C70
 |   |   |- Guid:7AD130E246C0518B48F55599A29AD7A3 BaseClass: NativeClass:/Script/Engine.DirectionalLight Name:DirectionalLight_0 Label:DirectionalLight SpatiallyLoaded:0 Bounds:IsValid=true, Min=(X=-4398046511104.000 Y=-4398046511104.000 Z=-4398046511104.000), Max=(X=4398046511104.000 Y=4398046511104.000 Z=4398046511104.000) RuntimeGrid:None EditorOnly:0 RuntimeOnly:0 HLODRelevant:0 FolderPath:Lighting FolderGuid:963EC3EB4002CCE9759E2EBA541A873A
 |   |   |- Guid:7CADE706475C80567C7EB49D53E2537B BaseClass: NativeClass:/Script/Engine.StaticMeshActor Name:StaticMeshActor_UAID_F02F74F828823F2B02_1116897006 Label:Cube13 SpatiallyLoaded:1 Bounds:IsValid=true, Min=(X=3123.436 Y=-482.500 Z=77.000), Max=(X=3130.186 Y=42.500 Z=83.000) RuntimeGrid:None EditorOnly:0 RuntimeOnly:0 HLODRelevant:1
 |   |   |- Guid:8B985B394E1290F04C369183E295E0B5 BaseClass: NativeClass:/Script/Engine.StaticMeshActor Name:StaticMeshActor_UAID_F02F74190FD43B2B02_1745833287 Label:SM_Cube19 SpatiallyLoaded:1 Bounds:IsValid=true, Min=(X=10.000 Y=10.000 Z=400.000), Max=(X=3135.000 Y=3510.000 Z=450.000) RuntimeGrid:None EditorOnly:0 RuntimeOnly:0 HLODRelevant:1 FolderPath:Playground FolderGuid:C73F09FC4215536B1DCE2A9E0A830C70
 |   |   |- Guid:8CEEFE774E424009F019CBACF5D3635A BaseClass: NativeClass:/Script/Engine.StaticMeshActor Name:StaticMeshActor_UAID_F02F74F82882722D02_1332050092 Label:Cube26 SpatiallyLoaded:1 Bounds:IsValid=true, Min=(X=2894.436 Y=2918.000 Z=77.000), Max=(X=2901.186 Y=3418.000 Z=83.000) RuntimeGrid:None EditorOnly:0 RuntimeOnly:0 HLODRelevant:1
 |   |   |- Guid:9193D7F544317EA8F77762B2CE870372 BaseClass: NativeClass:/Script/Engine.StaticMeshActor Name:StaticMeshActor_UAID_F02F74F82882712D02_1647717908 Label:Cube21 SpatiallyLoaded:1 Bounds:IsValid=true, Min=(X=3112.436 Y=6138.500 Z=77.000), Max=(X=3119.186 Y=6863.500 Z=83.000) RuntimeGrid:None EditorOnly:0 RuntimeOnly:0 HLODRelevant:1
 |   |   |- Guid:A542C6C94CCD26FF4009E4BABCC016B2 BaseClass: NativeClass:/Script/Engine.StaticMeshActor Name:StaticMeshActor_UAID_F02F74190FD4342002_1127019442 Label:SM_Cube9 SpatiallyLoaded:1 Bounds:IsValid=true, Min=(X=3130.000 Y=-3490.000 Z=0.000), Max=(X=3230.000 Y=35.000 Z=400.000) RuntimeGrid:None EditorOnly:0 RuntimeOnly:0 HLODRelevant:1 FolderPath:Playground FolderGuid:C73F09FC4215536B1DCE2A9E0A830C70
 |   |   |- Guid:A85432D2405A66CC91F10C84E26F67CC BaseClass: NativeClass:/Script/Engine.PointLight Name:PointLight_UAID_F02F74F828823D2B02_1708805639 Label:PointLight SpatiallyLoaded:1 Bounds:IsValid=true, Min=(X=-2845.042 Y=-1785.042 Z=-3225.042), Max=(X=4225.042 Y=5285.042 Z=3845.042) RuntimeGrid:None EditorOnly:0 RuntimeOnly:0 HLODRelevant:0
 |   |   |- Guid:AC25451B4F677F6F24F6E6804577F84E BaseClass: NativeClass:/Script/Engine.StaticMeshActor Name:StaticMeshActor_UAID_F02F74190FD43B2B02_1765804289 Label:SM_Cube21 SpatiallyLoaded:1 Bounds:IsValid=true, Min=(X=1830.000 Y=3510.000 Z=400.000), Max=(X=3255.000 Y=7010.000 Z=450.000) RuntimeGrid:None EditorOnly:0 RuntimeOnly:0 HLODRelevant:1 FolderPath:Playground FolderGuid:C73F09FC4215536B1DCE2A9E0A830C70
 |   |   |- Guid:AD9C84CC4757D01F2002C49748C957F8 BaseClass: NativeClass:/Script/Engine.StaticMeshActor Name:StaticMeshActor_UAID_F02F74190FD4352002_1307222633 Label:Cube4 SpatiallyLoaded:1 Bounds:IsValid=true, Min=(X=2790.000 Y=2920.000 Z=30.000), Max=(X=2890.000 Y=3020.000 Z=130.000) RuntimeGrid:None EditorOnly:0 RuntimeOnly:0 HLODRelevant:1
 |   |   |- Guid:B29A3666444892E1B3E587B26DB47801 BaseClass: NativeClass:/Script/Engine.WorldDataLayers Name:WorldDataLayers Label:WorldDataLayers SpatiallyLoaded:0 Bounds:IsValid=true, Min=(X=0.000 Y=0.000 Z=0.000), Max=(X=0.000 Y=0.000 Z=0.000) RuntimeGrid:None EditorOnly:0 RuntimeOnly:0 HLODRelevant:0
 |   |   |- Guid:B3CD96154164DDB4B69DCCA2899B76EC BaseClass: NativeClass:/Script/Engine.StaticMeshActor Name:StaticMeshActor_6 Label:SM_Cube3 SpatiallyLoaded:1 Bounds:IsValid=true, Min=(X=0.000 Y=3400.000 Z=0.000), Max=(X=2392.750 Y=3500.000 Z=400.000) RuntimeGrid:None EditorOnly:0 RuntimeOnly:0 HLODRelevant:1 FolderPath:Playground FolderGuid:C73F09FC4215536B1DCE2A9E0A830C70
 |   |   |- Guid:B5F6E1574A8611AFD6DED484A11DB4F4 BaseClass: NativeClass:/Script/Engine.StaticMeshActor Name:StaticMeshActor_UAID_F02F74F82882712D02_1635521907 Label:Cube20 SpatiallyLoaded:1 Bounds:IsValid=true, Min=(X=3111.436 Y=4788.000 Z=77.000), Max=(X=3118.186 Y=6138.000 Z=83.000) RuntimeGrid:None EditorOnly:0 RuntimeOnly:0 HLODRelevant:1
 |   |   |- Guid:B7F270E34D5C257B838E79A735084BFA BaseClass: NativeClass:/Script/Engine.StaticMeshActor Name:StaticMeshActor_UAID_F02F74190FD4352002_1301114632 Label:Cube3 SpatiallyLoaded:1 Bounds:IsValid=true, Min=(X=2780.000 Y=510.000 Z=30.000), Max=(X=2880.000 Y=610.000 Z=130.000) RuntimeGrid:None EditorOnly:0 RuntimeOnly:0 HLODRelevant:1
 |   |   |- Guid:B86CB9EB4D932A195E34AB93D995EA69 BaseClass: NativeClass:/Script/Engine.StaticMeshActor Name:StaticMeshActor_UAID_F02F74F82882712D02_1421982904 Label:Cube17 SpatiallyLoaded:1 Bounds:IsValid=true, Min=(X=1751.514 Y=1064.789 Z=-13.289), Max=(X=3001.514 Y=1189.789 Z=411.711) RuntimeGrid:None EditorOnly:0 RuntimeOnly:0 HLODRelevant:1 FolderPath:Playground FolderGuid:C73F09FC4215536B1DCE2A9E0A830C70
 |   |   |- Guid:BA02E4D4404ECD54581F96AF4800E0F4 BaseClass: NativeClass:/Script/Engine.StaticMeshActor Name:StaticMeshActor_UAID_F02F74190FD43B2B02_1760572288 Label:SM_Cube20 SpatiallyLoaded:1 Bounds:IsValid=true, Min=(X=1820.000 Y=-3490.000 Z=400.000), Max=(X=3245.000 Y=10.000 Z=450.000) RuntimeGrid:None EditorOnly:0 RuntimeOnly:0 HLODRelevant:1 FolderPath:Playground FolderGuid:C73F09FC4215536B1DCE2A9E0A830C70
 |   |   |- Guid:BB7CD44E4200686C7988A295888DA6B1 BaseClass: NativeClass:/Script/Engine.StaticMeshActor Name:StaticMeshActor_UAID_F02F74190FD4342002_1611474451 Label:SM_Cube18 SpatiallyLoaded:1 Bounds:IsValid=true, Min=(X=1900.000 Y=6840.000 Z=0.000), Max=(X=3125.000 Y=6940.000 Z=400.000) RuntimeGrid:None EditorOnly:0 RuntimeOnly:0 HLODRelevant:1 FolderPath:Playground FolderGuid:C73F09FC4215536B1DCE2A9E0A830C70
 |   |   |- Guid:BE49C7B14621B0AA38C8628A9D68578C BaseClass: NativeClass:/Script/Engine.StaticMeshActor Name:StaticMeshActor_UAID_F02F74F828823D2B02_2130660644 Label:Cube9 SpatiallyLoaded:1 Bounds:IsValid=true, Min=(X=2936.811 Y=-3388.375 Z=77.000), Max=(X=3136.811 Y=-3381.625 Z=83.000) RuntimeGrid:None EditorOnly:0 RuntimeOnly:0 HLODRelevant:1
 |   |   |- Guid:BE5791B24D0F38C2618D90A2941A4D59 BaseClass: NativeClass:/Script/Engine.StaticMeshActor Name:StaticMeshActor_UAID_F02F74190FD4352002_1309119634 Label:Cube5 SpatiallyLoaded:1 Bounds:IsValid=true, Min=(X=2710.000 Y=6690.000 Z=30.000), Max=(X=2810.000 Y=6790.000 Z=130.000) RuntimeGrid:None EditorOnly:0 RuntimeOnly:0 HLODRelevant:1
 |   |   |- Guid:C274E26B4351A1A873E06785AF7235CE BaseClass: NativeClass:/Script/Engine.StaticMeshActor Name:StaticMeshActor_UAID_F02F74190FD4342002_1215409443 Label:SM_Cube11 SpatiallyLoaded:1 Bounds:IsValid=true, Min=(X=2999.500 Y=10.000 Z=0.000), Max=(X=3130.000 Y=80.000 Z=400.000) RuntimeGrid:None EditorOnly:0 RuntimeOnly:0 HLODRelevant:1 FolderPath:Playground FolderGuid:C73F09FC4215536B1DCE2A9E0A830C70
 |   |   |- Guid:D78B140546268CEB5FC46DBF5346C4DC BaseClass: NativeClass:/Script/Engine.StaticMeshActor Name:StaticMeshActor_UAID_F02F74190FD4342002_1347439445 Label:SM_Cube13 SpatiallyLoaded:1 Bounds:IsValid=true, Min=(X=1910.000 Y=-3490.000 Z=0.000), Max=(X=3135.000 Y=-3390.000 Z=400.000) RuntimeGrid:None EditorOnly:0 RuntimeOnly:0 HLODRelevant:1 FolderPath:Playground FolderGuid:C73F09FC4215536B1DCE2A9E0A830C70
 |   |   |- Guid:D8621D8E4D64169333C71399B4CAB948 BaseClass: NativeClass:/Script/Engine.StaticMeshActor Name:StaticMeshActor_UAID_F02F74F828823F2B02_1150525008 Label:Cube15 SpatiallyLoaded:1 Bounds:IsValid=true, Min=(X=2891.811 Y=1.625 Z=77.000), Max=(X=3141.811 Y=8.375 Z=83.000) RuntimeGrid:None EditorOnly:0 RuntimeOnly:0 HLODRelevant:1
 |   |   |- Guid:DC83E8CA45E99F2CE830B29524D660FB BaseClass: NativeClass:/Script/Engine.StaticMeshActor Name:StaticMeshActor_UAID_F02F74F82882722D02_1182044089 Label:SM_Cube27 SpatiallyLoaded:1 Bounds:IsValid=true, Min=(X=2174.000 Y=5079.000 Z=-50.000), Max=(X=2849.000 Y=5479.000 Z=0.000) RuntimeGrid:None EditorOnly:0 RuntimeOnly:0 HLODRelevant:1 FolderPath:Playground FolderGuid:C73F09FC4215536B1DCE2A9E0A830C70
 |   |   |- Guid:DD5FB6604D7E614B91510B97ACC83D7C BaseClass: NativeClass:/Script/Engine.StaticMeshActor Name:StaticMeshActor_5 Label:SM_Cube2 SpatiallyLoaded:1 Bounds:IsValid=true, Min=(X=0.000 Y=0.000 Z=0.000), Max=(X=2394.750 Y=100.000 Z=400.000) RuntimeGrid:None EditorOnly:0 RuntimeOnly:0 HLODRelevant:1 FolderPath:Playground FolderGuid:C73F09FC4215536B1DCE2A9E0A830C70
 |   |   |- Guid:DDFCF0AF4A1C5AD1FDA8E8A1EC133630 BaseClass: NativeClass:/Script/Engine.StaticMeshActor Name:StaticMeshActor_UAID_F02F74F828823F2B02_1131647007 Label:Cube14 SpatiallyLoaded:1 Bounds:IsValid=true, Min=(X=2893.436 Y=12.500 Z=77.000), Max=(X=2900.186 Y=537.500 Z=83.000) RuntimeGrid:None EditorOnly:0 RuntimeOnly:0 HLODRelevant:1
 |   |   |- Guid:E6B6C107455CC02B0057E084E2B2EEE3 BaseClass: NativeClass:/Script/Engine.StaticMeshActor Name:StaticMeshActor_UAID_F02F74F82882722D02_1311606091 Label:Cube25 SpatiallyLoaded:1 Bounds:IsValid=true, Min=(X=2890.761 Y=3406.889 Z=77.000), Max=(X=2990.761 Y=3413.639 Z=83.000) RuntimeGrid:None EditorOnly:0 RuntimeOnly:0 HLODRelevant:1
 |   |   |- Guid:E6C89E994B2F7139594DA0813B102BF7 BaseClass: NativeClass:/Script/Engine.TriggerBox Name:StaticMeshActor_UAID_A4AE111137DC5EFB00_1110535423 Label:SM_SkySphere SpatiallyLoaded:0 Bounds:IsValid=true, Min=(X=-16000.000 Y=-16000.000 Z=-16000.000), Max=(X=16000.000 Y=16000.000 Z=16000.000) RuntimeGrid:None EditorOnly:0 RuntimeOnly:0 HLODRelevant:0 FolderPath:Lighting FolderGuid:963EC3EB4002CCE9759E2EBA541A873A
 |   |   |- Guid:F30D1F50463D419C42458DAC8810D97E BaseClass: NativeClass:/Script/Engine.StaticMeshActor Name:StaticMeshActor_UAID_F02F74F82882712D02_1538737905 Label:Cube18 SpatiallyLoaded:1 Bounds:IsValid=true, Min=(X=1522.500 Y=3562.500 Z=-11.250), Max=(X=1657.500 Y=3707.500 Z=1.250) RuntimeGrid:None EditorOnly:0 RuntimeOnly:0 HLODRelevant:1
 |   |   |- Guid:F3C8C631449C8CE16498C89D0952B980 BaseClass: NativeClass:/Script/Engine.SkyLight Name:SkyLight_1 Label:SkyLight SpatiallyLoaded:0 Bounds:IsValid=true, Min=(X=0.000 Y=0.000 Z=690.000), Max=(X=0.000 Y=0.000 Z=690.000) RuntimeGrid:None EditorOnly:0 RuntimeOnly:0 HLODRelevant:0 FolderPath:Lighting FolderGuid:963EC3EB4002CCE9759E2EBA541A873A
 |   |   |- Guid:F77AE2DF46CD1AA0137E4DA382E39094 BaseClass: NativeClass:/Script/Engine.StaticMeshActor Name:StaticMeshActor_UAID_F02F74190FD4342002_1611470447 Label:SM_Cube14 SpatiallyLoaded:1 Bounds:IsValid=true, Min=(X=1800.000 Y=5865.000 Z=-50.000), Max=(X=3225.000 Y=6940.000 Z=0.000) RuntimeGrid:None EditorOnly:0 RuntimeOnly:0 HLODRelevant:1 FolderPath:Playground FolderGuid:C73F09FC4215536B1DCE2A9E0A830C70
 |   |   |- Guid:F89D99124330384ED4C21F94758DCA59 BaseClass: NativeClass:/Script/Engine.PointLight Name:PointLight_UAID_F02F74F828823D2B02_1877969642 Label:PointLight3 SpatiallyLoaded:1 Bounds:IsValid=true, Min=(X=-970.042 Y=-5315.042 Z=-3225.042), Max=(X=6100.042 Y=1755.042 Z=3845.042) RuntimeGrid:None EditorOnly:0 RuntimeOnly:0 HLODRelevant:0
 |   |   |- Guid:FDD2DA9149E61E7E1C062CA44F5DCC65 BaseClass: NativeClass:/Script/Engine.StaticMeshActor Name:StaticMeshActor_UAID_F02F74190FD4362002_1741692812 Label:Cube7 SpatiallyLoaded:1 Bounds:IsValid=true, Min=(X=2180.000 Y=6700.000 Z=30.000), Max=(X=2280.000 Y=6800.000 Z=130.000) RuntimeGrid:None EditorOnly:0 RuntimeOnly:0 HLODRelevant:1
 |   |   |- Guid:FFCC744148BC24984D0ABE8CBF2D657E BaseClass: NativeClass:/Script/Engine.StaticMeshActor Name:StaticMeshActor_UAID_F02F74190FD4342002_1095813441 Label:SM_Cube8 SpatiallyLoaded:1 Bounds:IsValid=true, Min=(X=1810.000 Y=-3490.000 Z=-50.000), Max=(X=3235.000 Y=-1690.000 Z=0.000) RuntimeGrid:None EditorOnly:0 RuntimeOnly:0 HLODRelevant:1 FolderPath:Playground FolderGuid:C73F09FC4215536B1DCE2A9E0A830C70
 |   |- [+] Clusters:
 |   |   |- [+] [  0]
 |   |   |   |- Guid:B86CB9EB4D932A195E34AB93D995EA69 BaseClass: NativeClass:/Script/Engine.StaticMeshActor Name:StaticMeshActor_UAID_F02F74F82882712D02_1421982904 Label:Cube17 SpatiallyLoaded:1 Bounds:IsValid=true, Min=(X=1751.514 Y=1064.789 Z=-13.289), Max=(X=3001.514 Y=1189.789 Z=411.711) RuntimeGrid:None EditorOnly:0 RuntimeOnly:0 HLODRelevant:1 FolderPath:Playground FolderGuid:C73F09FC4215536B1DCE2A9E0A830C70
 |   |   |- [+] [  1]
 |   |   |   |- Guid:8CEEFE774E424009F019CBACF5D3635A BaseClass: NativeClass:/Script/Engine.StaticMeshActor Name:StaticMeshActor_UAID_F02F74F82882722D02_1332050092 Label:Cube26 SpatiallyLoaded:1 Bounds:IsValid=true, Min=(X=2894.436 Y=2918.000 Z=77.000), Max=(X=2901.186 Y=3418.000 Z=83.000) RuntimeGrid:None EditorOnly:0 RuntimeOnly:0 HLODRelevant:1
 |   |   |- [+] [  2]
 |   |   |   |- Guid:023D4C4142FE28AD485718AC8A6AB52F BaseClass: NativeClass:/Script/Engine.SkyAtmosphere Name:SkyAtmosphere_0 Label:SkyAtmosphere SpatiallyLoaded:0 Bounds:IsValid=true, Min=(X=0.000 Y=0.000 Z=1020.000), Max=(X=0.000 Y=0.000 Z=1020.000) RuntimeGrid:None EditorOnly:0 RuntimeOnly:0 HLODRelevant:0 FolderPath:Lighting FolderGuid:963EC3EB4002CCE9759E2EBA541A873A
 |   |   |- [+] [  3]
 |   |   |   |- Guid:D78B140546268CEB5FC46DBF5346C4DC BaseClass: NativeClass:/Script/Engine.StaticMeshActor Name:StaticMeshActor_UAID_F02F74190FD4342002_1347439445 Label:SM_Cube13 SpatiallyLoaded:1 Bounds:IsValid=true, Min=(X=1910.000 Y=-3490.000 Z=0.000), Max=(X=3135.000 Y=-3390.000 Z=400.000) RuntimeGrid:None EditorOnly:0 RuntimeOnly:0 HLODRelevant:1 FolderPath:Playground FolderGuid:C73F09FC4215536B1DCE2A9E0A830C70
 |   |   |- [+] [  4]
 |   |   |   |- Guid:E6B6C107455CC02B0057E084E2B2EEE3 BaseClass: NativeClass:/Script/Engine.StaticMeshActor Name:StaticMeshActor_UAID_F02F74F82882722D02_1311606091 Label:Cube25 SpatiallyLoaded:1 Bounds:IsValid=true, Min=(X=2890.761 Y=3406.889 Z=77.000), Max=(X=2990.761 Y=3413.639 Z=83.000) RuntimeGrid:None EditorOnly:0 RuntimeOnly:0 HLODRelevant:1
 |   |   |- [+] [  5]
 |   |   |   |- Guid:092199F945F071647B3C52A64957A7A4 BaseClass: NativeClass:/Script/Engine.StaticMeshActor Name:StaticMeshActor_UAID_F02F74190FD4F71F02_1530152705 Label:SM_Cube4 SpatiallyLoaded:1 Bounds:IsValid=true, Min=(X=1800.000 Y=10.000 Z=-50.000), Max=(X=3225.000 Y=3510.000 Z=0.000) RuntimeGrid:None EditorOnly:0 RuntimeOnly:0 HLODRelevant:1 FolderPath:Playground FolderGuid:C73F09FC4215536B1DCE2A9E0A830C70
 |   |   |- [+] [  6]
 |   |   |   |- Guid:57C71C5C448F19E666BD9F8B71FE241C BaseClass: NativeClass:/Script/Engine.StaticMeshActor Name:StaticMeshActor_UAID_F02F74F828823E2B02_1150458821 Label:Cube10 SpatiallyLoaded:1 Bounds:IsValid=true, Min=(X=3123.436 Y=-3380.000 Z=77.000), Max=(X=3130.186 Y=-3180.000 Z=83.000) RuntimeGrid:None EditorOnly:0 RuntimeOnly:0 HLODRelevant:1
 |   |   |- [+] [  7]
 |   |   |   |- Guid:0A442E1D47DF1DF15D0CCB8D8A257973 BaseClass: NativeClass:/Script/Engine.StaticMeshActor Name:StaticMeshActor_UAID_F02F74F828823E2B02_1201899823 Label:SM_Cube22 SpatiallyLoaded:1 Bounds:IsValid=true, Min=(X=1800.000 Y=-1360.000 Z=-50.000), Max=(X=3225.000 Y=15.000 Z=0.000) RuntimeGrid:None EditorOnly:0 RuntimeOnly:0 HLODRelevant:1 FolderPath:Playground FolderGuid:C73F09FC4215536B1DCE2A9E0A830C70
 |   |   |- [+] [  8]
 |   |   |   |- Guid:7AD130E246C0518B48F55599A29AD7A3 BaseClass: NativeClass:/Script/Engine.DirectionalLight Name:DirectionalLight_0 Label:DirectionalLight SpatiallyLoaded:0 Bounds:IsValid=true, Min=(X=-4398046511104.000 Y=-4398046511104.000 Z=-4398046511104.000), Max=(X=4398046511104.000 Y=4398046511104.000 Z=4398046511104.000) RuntimeGrid:None EditorOnly:0 RuntimeOnly:0 HLODRelevant:0 FolderPath:Lighting FolderGuid:963EC3EB4002CCE9759E2EBA541A873A
 |   |   |- [+] [  9]
 |   |   |   |- Guid:F3C8C631449C8CE16498C89D0952B980 BaseClass: NativeClass:/Script/Engine.SkyLight Name:SkyLight_1 Label:SkyLight SpatiallyLoaded:0 Bounds:IsValid=true, Min=(X=0.000 Y=0.000 Z=690.000), Max=(X=0.000 Y=0.000 Z=690.000) RuntimeGrid:None EditorOnly:0 RuntimeOnly:0 HLODRelevant:0 FolderPath:Lighting FolderGuid:963EC3EB4002CCE9759E2EBA541A873A
 |   |   |- [+] [ 10]
 |   |   |   |- Guid:6AF365114FEA816D745851A06D43CAE1 BaseClass: NativeClass:/Script/Engine.StaticMeshActor Name:StaticMeshActor_4 Label:SM_Cube6 SpatiallyLoaded:1 Bounds:IsValid=true, Min=(X=2900.000 Y=10.000 Z=0.000), Max=(X=3000.000 Y=3400.000 Z=400.000) RuntimeGrid:None EditorOnly:0 RuntimeOnly:0 HLODRelevant:1 FolderPath:Playground FolderGuid:C73F09FC4215536B1DCE2A9E0A830C70
 |   |   |- [+] [ 11]
 |   |   |   |- Guid:AD9C84CC4757D01F2002C49748C957F8 BaseClass: NativeClass:/Script/Engine.StaticMeshActor Name:StaticMeshActor_UAID_F02F74190FD4352002_1307222633 Label:Cube4 SpatiallyLoaded:1 Bounds:IsValid=true, Min=(X=2790.000 Y=2920.000 Z=30.000), Max=(X=2890.000 Y=3020.000 Z=130.000) RuntimeGrid:None EditorOnly:0 RuntimeOnly:0 HLODRelevant:1
 |   |   |- [+] [ 12]
 |   |   |   |- Guid:321C5733467361C24E4B6182F044E558 BaseClass: NativeClass:/Script/Engine.StaticMeshActor Name:StaticMeshActor_UAID_F02F74F828823E2B02_1378886825 Label:SM_Cube24 SpatiallyLoaded:1 Bounds:IsValid=true, Min=(X=1865.000 Y=3510.000 Z=-50.000), Max=(X=3115.000 Y=4760.000 Z=0.000) RuntimeGrid:None EditorOnly:0 RuntimeOnly:0 HLODRelevant:1 FolderPath:Playground FolderGuid:C73F09FC4215536B1DCE2A9E0A830C70
 |   |   |- [+] [ 13]
 |   |   |   |- Guid:9193D7F544317EA8F77762B2CE870372 BaseClass: NativeClass:/Script/Engine.StaticMeshActor Name:StaticMeshActor_UAID_F02F74F82882712D02_1647717908 Label:Cube21 SpatiallyLoaded:1 Bounds:IsValid=true, Min=(X=3112.436 Y=6138.500 Z=77.000), Max=(X=3119.186 Y=6863.500 Z=83.000) RuntimeGrid:None EditorOnly:0 RuntimeOnly:0 HLODRelevant:1
 |   |   |- [+] [ 14]
 |   |   |   |- Guid:4A28AB964251B141AEDA9D8EF3CFD177 BaseClass: NativeClass:/Script/Engine.StaticMeshActor Name:StaticMeshActor_UAID_F02F74F82882712D02_1674040910 Label:Cube23 SpatiallyLoaded:1 Bounds:IsValid=true, Min=(X=2165.311 Y=6824.625 Z=77.000), Max=(X=2740.311 Y=6831.375 Z=83.000) RuntimeGrid:None EditorOnly:0 RuntimeOnly:0 HLODRelevant:1
 |   |   |- [+] [ 15]
 |   |   |   |- Guid:407E135642BB84805B53948E41E94128 BaseClass: NativeClass:/Script/Engine.StaticMeshActor Name:StaticMeshActor_UAID_F02F74F82882712D02_1403085903 Label:Cube16 SpatiallyLoaded:1 Bounds:IsValid=true, Min=(X=1811.514 Y=2399.789 Z=-13.289), Max=(X=3061.514 Y=2524.789 Z=411.711) RuntimeGrid:None EditorOnly:0 RuntimeOnly:0 HLODRelevant:1 FolderPath:Playground FolderGuid:C73F09FC4215536B1DCE2A9E0A830C70
 |   |   |- [+] [ 16]
 |   |   |   |- Guid:1EED308F42A2D943D0A283887640552C BaseClass: NativeClass:/Script/Engine.StaticMeshActor Name:StaticMeshActor_UAID_F02F74F82882712D02_1609046906 Label:Cube19 SpatiallyLoaded:1 Bounds:IsValid=true, Min=(X=3110.436 Y=3440.000 Z=77.000), Max=(X=3117.186 Y=4790.000 Z=83.000) RuntimeGrid:None EditorOnly:0 RuntimeOnly:0 HLODRelevant:1
 |   |   |- [+] [ 17]
 |   |   |   |- Guid:AC25451B4F677F6F24F6E6804577F84E BaseClass: NativeClass:/Script/Engine.StaticMeshActor Name:StaticMeshActor_UAID_F02F74190FD43B2B02_1765804289 Label:SM_Cube21 SpatiallyLoaded:1 Bounds:IsValid=true, Min=(X=1830.000 Y=3510.000 Z=400.000), Max=(X=3255.000 Y=7010.000 Z=450.000) RuntimeGrid:None EditorOnly:0 RuntimeOnly:0 HLODRelevant:1 FolderPath:Playground FolderGuid:C73F09FC4215536B1DCE2A9E0A830C70
 |   |   |- [+] [ 18]
 |   |   |   |- Guid:8B985B394E1290F04C369183E295E0B5 BaseClass: NativeClass:/Script/Engine.StaticMeshActor Name:StaticMeshActor_UAID_F02F74190FD43B2B02_1745833287 Label:SM_Cube19 SpatiallyLoaded:1 Bounds:IsValid=true, Min=(X=10.000 Y=10.000 Z=400.000), Max=(X=3135.000 Y=3510.000 Z=450.000) RuntimeGrid:None EditorOnly:0 RuntimeOnly:0 HLODRelevant:1 FolderPath:Playground FolderGuid:C73F09FC4215536B1DCE2A9E0A830C70
 |   |   |- [+] [ 19]
 |   |   |   |- Guid:B29A3666444892E1B3E587B26DB47801 BaseClass: NativeClass:/Script/Engine.WorldDataLayers Name:WorldDataLayers Label:WorldDataLayers SpatiallyLoaded:0 Bounds:IsValid=true, Min=(X=0.000 Y=0.000 Z=0.000), Max=(X=0.000 Y=0.000 Z=0.000) RuntimeGrid:None EditorOnly:0 RuntimeOnly:0 HLODRelevant:0
 |   |   |- [+] [ 20]
 |   |   |   |- Guid:6E1416714F2BEEB8E5516980DC852D24 BaseClass: NativeClass:/Script/Engine.StaticMeshActor Name:StaticMeshActor_UAID_F02F74F828823D2B02_2065424643 Label:Cube8 SpatiallyLoaded:1 Bounds:IsValid=true, Min=(X=2240.375 Y=-3388.375 Z=77.000), Max=(X=2939.625 Y=-3381.625 Z=83.000) RuntimeGrid:None EditorOnly:0 RuntimeOnly:0 HLODRelevant:1
 |   |   |- [+] [ 21]
 |   |   |   |- Guid:F77AE2DF46CD1AA0137E4DA382E39094 BaseClass: NativeClass:/Script/Engine.StaticMeshActor Name:StaticMeshActor_UAID_F02F74190FD4342002_1611470447 Label:SM_Cube14 SpatiallyLoaded:1 Bounds:IsValid=true, Min=(X=1800.000 Y=5865.000 Z=-50.000), Max=(X=3225.000 Y=6940.000 Z=0.000) RuntimeGrid:None EditorOnly:0 RuntimeOnly:0 HLODRelevant:1 FolderPath:Playground FolderGuid:C73F09FC4215536B1DCE2A9E0A830C70
 |   |   |- [+] [ 22]
 |   |   |   |- Guid:C274E26B4351A1A873E06785AF7235CE BaseClass: NativeClass:/Script/Engine.StaticMeshActor Name:StaticMeshActor_UAID_F02F74190FD4342002_1215409443 Label:SM_Cube11 SpatiallyLoaded:1 Bounds:IsValid=true, Min=(X=2999.500 Y=10.000 Z=0.000), Max=(X=3130.000 Y=80.000 Z=400.000) RuntimeGrid:None EditorOnly:0 RuntimeOnly:0 HLODRelevant:1 FolderPath:Playground FolderGuid:C73F09FC4215536B1DCE2A9E0A830C70
 |   |   |- [+] [ 23]
 |   |   |   |- Guid:45F4772940758F30FBB10F9FC8AA1ADB BaseClass: NativeClass:/Script/Engine.KillZVolume Name:KillZVolume_UAID_F02F74190FD4352002_1212292630 Label:KillZVolume SpatiallyLoaded:1 Bounds:IsValid=true, Min=(X=205.308 Y=-1499.491 Z=-580.659), Max=(X=3155.308 Y=4200.509 Z=-380.659) RuntimeGrid:None EditorOnly:0 RuntimeOnly:0 HLODRelevant:0
 |   |   |- [+] [ 24]
 |   |   |   |- Guid:BB7CD44E4200686C7988A295888DA6B1 BaseClass: NativeClass:/Script/Engine.StaticMeshActor Name:StaticMeshActor_UAID_F02F74190FD4342002_1611474451 Label:SM_Cube18 SpatiallyLoaded:1 Bounds:IsValid=true, Min=(X=1900.000 Y=6840.000 Z=0.000), Max=(X=3125.000 Y=6940.000 Z=400.000) RuntimeGrid:None EditorOnly:0 RuntimeOnly:0 HLODRelevant:1 FolderPath:Playground FolderGuid:C73F09FC4215536B1DCE2A9E0A830C70
 |   |   |- [+] [ 25]
 |   |   |   |- Guid:0506C0CB4EAFB3F831D254B0AFBFD542 BaseClass: NativeClass:/Script/Engine.VolumetricCloud Name:VolumetricCloud_0 Label:VolumetricCloud SpatiallyLoaded:0 Bounds:IsValid=true, Min=(X=0.000 Y=0.000 Z=820.000), Max=(X=0.000 Y=0.000 Z=820.000) RuntimeGrid:None EditorOnly:0 RuntimeOnly:0 HLODRelevant:0 FolderPath:Lighting FolderGuid:963EC3EB4002CCE9759E2EBA541A873A
 |   |   |- [+] [ 26]
 |   |   |   |- Guid:4C2D4DFB4F8C4C3E3F01BEAFB9CB7AB3 BaseClass: NativeClass:/Script/Engine.ExponentialHeightFog Name:ExponentialHeightFog_0 Label:ExponentialHeightFog SpatiallyLoaded:0 Bounds:IsValid=true, Min=(X=-5600.000 Y=-50.000 Z=-6850.000), Max=(X=-5600.000 Y=-50.000 Z=-6850.000) RuntimeGrid:None EditorOnly:0 RuntimeOnly:0 HLODRelevant:0 FolderPath:Lighting FolderGuid:963EC3EB4002CCE9759E2EBA541A873A
 |   |   |- [+] [ 27]
 |   |   |   |- Guid:73708F734EAB371559E7A0A0EE512273 BaseClass: NativeClass:/Script/Engine.StaticMeshActor Name:StaticMeshActor_UAID_F02F74F82882722D02_1262966090 Label:Cube24 SpatiallyLoaded:1 Bounds:IsValid=true, Min=(X=2981.261 Y=3445.889 Z=77.000), Max=(X=3106.261 Y=3452.639 Z=83.000) RuntimeGrid:None EditorOnly:0 RuntimeOnly:0 HLODRelevant:1
 |   |   |- [+] [ 28]
 |   |   |   |- Guid:B5F6E1574A8611AFD6DED484A11DB4F4 BaseClass: NativeClass:/Script/Engine.StaticMeshActor Name:StaticMeshActor_UAID_F02F74F82882712D02_1635521907 Label:Cube20 SpatiallyLoaded:1 Bounds:IsValid=true, Min=(X=3111.436 Y=4788.000 Z=77.000), Max=(X=3118.186 Y=6138.000 Z=83.000) RuntimeGrid:None EditorOnly:0 RuntimeOnly:0 HLODRelevant:1
 |   |   |- [+] [ 29]
 |   |   |   |- Guid:B7F270E34D5C257B838E79A735084BFA BaseClass: NativeClass:/Script/Engine.StaticMeshActor Name:StaticMeshActor_UAID_F02F74190FD4352002_1301114632 Label:Cube3 SpatiallyLoaded:1 Bounds:IsValid=true, Min=(X=2780.000 Y=510.000 Z=30.000), Max=(X=2880.000 Y=610.000 Z=130.000) RuntimeGrid:None EditorOnly:0 RuntimeOnly:0 HLODRelevant:1
 |   |   |- [+] [ 30]
 |   |   |   |- Guid:FDD2DA9149E61E7E1C062CA44F5DCC65 BaseClass: NativeClass:/Script/Engine.StaticMeshActor Name:StaticMeshActor_UAID_F02F74190FD4362002_1741692812 Label:Cube7 SpatiallyLoaded:1 Bounds:IsValid=true, Min=(X=2180.000 Y=6700.000 Z=30.000), Max=(X=2280.000 Y=6800.000 Z=130.000) RuntimeGrid:None EditorOnly:0 RuntimeOnly:0 HLODRelevant:1
 |   |   |- [+] [ 31]
 |   |   |   |- Guid:49059F85476FF94427467E8CBEBCCB1A BaseClass: NativeClass:/Script/Engine.StaticMeshActor Name:StaticMeshActor_1 Label:SM_Cube SpatiallyLoaded:1 Bounds:IsValid=true, Min=(X=0.000 Y=0.000 Z=-50.000), Max=(X=1450.000 Y=3500.000 Z=0.000) RuntimeGrid:None EditorOnly:0 RuntimeOnly:0 HLODRelevant:1 FolderPath:Playground FolderGuid:C73F09FC4215536B1DCE2A9E0A830C70
 |   |   |- [+] [ 32]
 |   |   |   |- Guid:17544FC1468D482C5A0B2197AC3D63BB BaseClass: NativeClass:/Script/Engine.StaticMeshActor Name:StaticMeshActor_UAID_F02F74F828823F2B02_1096894005 Label:Cube12 SpatiallyLoaded:1 Bounds:IsValid=true, Min=(X=3123.436 Y=-1830.000 Z=77.000), Max=(X=3130.186 Y=-480.000 Z=83.000) RuntimeGrid:None EditorOnly:0 RuntimeOnly:0 HLODRelevant:1
 |   |   |- [+] [ 33]
 |   |   |   |- Guid:70C7639749491510B4600EA432FBBC4D BaseClass: NativeClass:/Script/Engine.StaticMeshActor Name:StaticMeshActor_UAID_F02F74190FD4332002_1425567264 Label:Cube SpatiallyLoaded:1 Bounds:IsValid=true, Min=(X=1804.014 Y=1182.289 Z=-13.289), Max=(X=1929.014 Y=2432.289 Z=411.711) RuntimeGrid:None EditorOnly:0 RuntimeOnly:0 HLODRelevant:1 FolderPath:Playground FolderGuid:C73F09FC4215536B1DCE2A9E0A830C70
 |   |   |- [+] [ 34]
 |   |   |   |- Guid:BE49C7B14621B0AA38C8628A9D68578C BaseClass: NativeClass:/Script/Engine.StaticMeshActor Name:StaticMeshActor_UAID_F02F74F828823D2B02_2130660644 Label:Cube9 SpatiallyLoaded:1 Bounds:IsValid=true, Min=(X=2936.811 Y=-3388.375 Z=77.000), Max=(X=3136.811 Y=-3381.625 Z=83.000) RuntimeGrid:None EditorOnly:0 RuntimeOnly:0 HLODRelevant:1
 |   |   |- [+] [ 35]
 |   |   |   |- Guid:A85432D2405A66CC91F10C84E26F67CC BaseClass: NativeClass:/Script/Engine.PointLight Name:PointLight_UAID_F02F74F828823D2B02_1708805639 Label:PointLight SpatiallyLoaded:1 Bounds:IsValid=true, Min=(X=-2845.042 Y=-1785.042 Z=-3225.042), Max=(X=4225.042 Y=5285.042 Z=3845.042) RuntimeGrid:None EditorOnly:0 RuntimeOnly:0 HLODRelevant:0
 |   |   |- [+] [ 36]
 |   |   |   |- Guid:FFCC744148BC24984D0ABE8CBF2D657E BaseClass: NativeClass:/Script/Engine.StaticMeshActor Name:StaticMeshActor_UAID_F02F74190FD4342002_1095813441 Label:SM_Cube8 SpatiallyLoaded:1 Bounds:IsValid=true, Min=(X=1810.000 Y=-3490.000 Z=-50.000), Max=(X=3235.000 Y=-1690.000 Z=0.000) RuntimeGrid:None EditorOnly:0 RuntimeOnly:0 HLODRelevant:1 FolderPath:Playground FolderGuid:C73F09FC4215536B1DCE2A9E0A830C70
 |   |   |- [+] [ 37]
 |   |   |   |- Guid:748D9BCA418BEEEEB5D90DA6FC607D6F BaseClass: NativeClass:/Script/Engine.PostProcessVolume Name:PostProcessVolume_0 Label:PostProcessVolume SpatiallyLoaded:0 Bounds:IsValid=true, Min=(X=0.000 Y=0.000 Z=400.000), Max=(X=200.000 Y=200.000 Z=600.000) RuntimeGrid:None EditorOnly:0 RuntimeOnly:0 HLODRelevant:0 FolderPath:Lighting FolderGuid:963EC3EB4002CCE9759E2EBA541A873A
 |   |   |- [+] [ 38]
 |   |   |   |- Guid:BE5791B24D0F38C2618D90A2941A4D59 BaseClass: NativeClass:/Script/Engine.StaticMeshActor Name:StaticMeshActor_UAID_F02F74190FD4352002_1309119634 Label:Cube5 SpatiallyLoaded:1 Bounds:IsValid=true, Min=(X=2710.000 Y=6690.000 Z=30.000), Max=(X=2810.000 Y=6790.000 Z=130.000) RuntimeGrid:None EditorOnly:0 RuntimeOnly:0 HLODRelevant:1
 |   |   |- [+] [ 39]
 |   |   |   |- Guid:3D4D00E64A1436FB4D2750BC320B5FC0 BaseClass: NativeClass:/Script/Engine.StaticMeshActor Name:StaticMeshActor_UAID_F02F74190FD4342002_1611472448 Label:SM_Cube15 SpatiallyLoaded:1 Bounds:IsValid=true, Min=(X=3120.000 Y=3415.000 Z=0.000), Max=(X=3220.000 Y=6940.000 Z=400.000) RuntimeGrid:None EditorOnly:0 RuntimeOnly:0 HLODRelevant:1 FolderPath:Playground FolderGuid:C73F09FC4215536B1DCE2A9E0A830C70
 |   |   |- [+] [ 40]
 |   |   |   |- Guid:01F28550446B21BABC8234A2CE5DD49E BaseClass: NativeClass:/Script/Engine.TextRenderActor Name:TextRenderActor_1 Label:TextRenderActor SpatiallyLoaded:1 Bounds:IsValid=true, Min=(X=-0.100 Y=1100.000 Z=65.013), Max=(X=-0.100 Y=2392.308 Z=215.013) RuntimeGrid:None EditorOnly:0 RuntimeOnly:0 HLODRelevant:0
 |   |   |- [+] [ 41]
 |   |   |   |- Guid:F30D1F50463D419C42458DAC8810D97E BaseClass: NativeClass:/Script/Engine.StaticMeshActor Name:StaticMeshActor_UAID_F02F74F82882712D02_1538737905 Label:Cube18 SpatiallyLoaded:1 Bounds:IsValid=true, Min=(X=1522.500 Y=3562.500 Z=-11.250), Max=(X=1657.500 Y=3707.500 Z=1.250) RuntimeGrid:None EditorOnly:0 RuntimeOnly:0 HLODRelevant:1
 |   |   |- [+] [ 42]
 |   |   |   |- Guid:152699444197AA5182250FB8E5F1D8BC BaseClass: NativeClass:/Script/Engine.StaticMeshActor Name:StaticMeshActor_UAID_F02F74190FD4342002_1611473450 Label:SM_Cube17 SpatiallyLoaded:1 Bounds:IsValid=true, Min=(X=1800.000 Y=3415.000 Z=0.000), Max=(X=1900.000 Y=6940.000 Z=400.000) RuntimeGrid:None EditorOnly:0 RuntimeOnly:0 HLODRelevant:1 FolderPath:Playground FolderGuid:C73F09FC4215536B1DCE2A9E0A830C70
 |   |   |- [+] [ 43]
 |   |   |   |- Guid:D8621D8E4D64169333C71399B4CAB948 BaseClass: NativeClass:/Script/Engine.StaticMeshActor Name:StaticMeshActor_UAID_F02F74F828823F2B02_1150525008 Label:Cube15 SpatiallyLoaded:1 Bounds:IsValid=true, Min=(X=2891.811 Y=1.625 Z=77.000), Max=(X=3141.811 Y=8.375 Z=83.000) RuntimeGrid:None EditorOnly:0 RuntimeOnly:0 HLODRelevant:1
 |   |   |- [+] [ 44]
 |   |   |   |- Guid:1C9E2DA141A88B052B46F99EBB98AEAE BaseClass: NativeClass:/Script/Engine.TriggerBox Name:TriggerBox_UAID_F02F74190FD4352002_1092580629 Label:TriggerBox SpatiallyLoaded:1 Bounds:IsValid=true, Min=(X=2699.800 Y=1290.300 Z=-11.800), Max=(X=3000.200 Y=2289.700 Z=351.800) RuntimeGrid:None EditorOnly:0 RuntimeOnly:0 HLODRelevant:0
 |   |   |- [+] [ 45]
 |   |   |   |- Guid:36F4B04C46B736A58273F58CE4F5129A BaseClass: NativeClass:/Script/Engine.StaticMeshActor Name:StaticMeshActor_UAID_F02F74F82882712D02_1661017909 Label:Cube22 SpatiallyLoaded:1 Bounds:IsValid=true, Min=(X=2388.311 Y=6823.625 Z=77.000), Max=(X=3113.311 Y=6830.375 Z=83.000) RuntimeGrid:None EditorOnly:0 RuntimeOnly:0 HLODRelevant:1
 |   |   |- [+] [ 46]
 |   |   |   |- Guid:1E3D833346A53B3CEA6B308258D60FFA BaseClass: NativeClass:/Script/Engine.StaticMeshActor Name:StaticMeshActor_UAID_F02F74190FD4342002_1611472449 Label:SM_Cube16 SpatiallyLoaded:1 Bounds:IsValid=true, Min=(X=2989.500 Y=3370.000 Z=0.000), Max=(X=3120.000 Y=3440.000 Z=400.000) RuntimeGrid:None EditorOnly:0 RuntimeOnly:0 HLODRelevant:1 FolderPath:Playground FolderGuid:C73F09FC4215536B1DCE2A9E0A830C70
 |   |   |- [+] [ 47]
 |   |   |   |- Guid:DDFCF0AF4A1C5AD1FDA8E8A1EC133630 BaseClass: NativeClass:/Script/Engine.StaticMeshActor Name:StaticMeshActor_UAID_F02F74F828823F2B02_1131647007 Label:Cube14 SpatiallyLoaded:1 Bounds:IsValid=true, Min=(X=2893.436 Y=12.500 Z=77.000), Max=(X=2900.186 Y=537.500 Z=83.000) RuntimeGrid:None EditorOnly:0 RuntimeOnly:0 HLODRelevant:1
 |   |   |- [+] [ 48]
 |   |   |   |- Guid:3D20820F4A2C384A539AD98FD72E6A85 BaseClass: NativeClass:/Script/Engine.PlayerStart Name:PlayerStart_0 Label:PlayerStart SpatiallyLoaded:0 Bounds:IsValid=true, Min=(X=370.000 Y=1760.000 Z=0.013), Max=(X=450.000 Y=1840.000 Z=184.013) RuntimeGrid:None EditorOnly:0 RuntimeOnly:0 HLODRelevant:0
 |   |   |- [+] [ 49]
 |   |   |   |- Guid:4E73DBE74E0488751C709C90D00BBCD6 BaseClass: NativeClass:/Script/Engine.StaticMeshActor Name:StaticMeshActor_UAID_F02F74190FD4342002_1330502444 Label:SM_Cube12 SpatiallyLoaded:1 Bounds:IsValid=true, Min=(X=1810.000 Y=-3490.000 Z=0.000), Max=(X=1910.000 Y=35.000 Z=400.000) RuntimeGrid:None EditorOnly:0 RuntimeOnly:0 HLODRelevant:1 FolderPath:Playground FolderGuid:C73F09FC4215536B1DCE2A9E0A830C70
 |   |   |- [+] [ 50]
 |   |   |   |- Guid:DC83E8CA45E99F2CE830B29524D660FB BaseClass: NativeClass:/Script/Engine.StaticMeshActor Name:StaticMeshActor_UAID_F02F74F82882722D02_1182044089 Label:SM_Cube27 SpatiallyLoaded:1 Bounds:IsValid=true, Min=(X=2174.000 Y=5079.000 Z=-50.000), Max=(X=2849.000 Y=5479.000 Z=0.000) RuntimeGrid:None EditorOnly:0 RuntimeOnly:0 HLODRelevant:1 FolderPath:Playground FolderGuid:C73F09FC4215536B1DCE2A9E0A830C70
 |   |   |- [+] [ 51]
 |   |   |   |- Guid:7CADE706475C80567C7EB49D53E2537B BaseClass: NativeClass:/Script/Engine.StaticMeshActor Name:StaticMeshActor_UAID_F02F74F828823F2B02_1116897006 Label:Cube13 SpatiallyLoaded:1 Bounds:IsValid=true, Min=(X=3123.436 Y=-482.500 Z=77.000), Max=(X=3130.186 Y=42.500 Z=83.000) RuntimeGrid:None EditorOnly:0 RuntimeOnly:0 HLODRelevant:1
 |   |   |- [+] [ 52]
 |   |   |   |- Guid:BA02E4D4404ECD54581F96AF4800E0F4 BaseClass: NativeClass:/Script/Engine.StaticMeshActor Name:StaticMeshActor_UAID_F02F74190FD43B2B02_1760572288 Label:SM_Cube20 SpatiallyLoaded:1 Bounds:IsValid=true, Min=(X=1820.000 Y=-3490.000 Z=400.000), Max=(X=3245.000 Y=10.000 Z=450.000) RuntimeGrid:None EditorOnly:0 RuntimeOnly:0 HLODRelevant:1 FolderPath:Playground FolderGuid:C73F09FC4215536B1DCE2A9E0A830C70
 |   |   |- [+] [ 53]
 |   |   |   |- Guid:A542C6C94CCD26FF4009E4BABCC016B2 BaseClass: NativeClass:/Script/Engine.StaticMeshActor Name:StaticMeshActor_UAID_F02F74190FD4342002_1127019442 Label:SM_Cube9 SpatiallyLoaded:1 Bounds:IsValid=true, Min=(X=3130.000 Y=-3490.000 Z=0.000), Max=(X=3230.000 Y=35.000 Z=400.000) RuntimeGrid:None EditorOnly:0 RuntimeOnly:0 HLODRelevant:1 FolderPath:Playground FolderGuid:C73F09FC4215536B1DCE2A9E0A830C70
 |   |   |- [+] [ 54]
 |   |   |   |- Guid:251434C146F9D5D886AF92B9A597A0BC BaseClass: NativeClass:/Script/Engine.StaticMeshActor Name:StaticMeshActor_UAID_F02F74F828823E2B02_1184461822 Label:Cube11 SpatiallyLoaded:1 Bounds:IsValid=true, Min=(X=3123.436 Y=-3180.000 Z=77.000), Max=(X=3130.186 Y=-1830.000 Z=83.000) RuntimeGrid:None EditorOnly:0 RuntimeOnly:0 HLODRelevant:1
 |   |   |- [+] [ 55]
 |   |   |   |- Guid:792721794683D7DC68BB66AAF8DE42F7 BaseClass: NativeClass:/Script/Engine.PointLight Name:PointLight_UAID_F02F74F828823D2B02_1853630641 Label:PointLight2 SpatiallyLoaded:1 Bounds:IsValid=true, Min=(X=-975.042 Y=1399.958 Z=-3225.042), Max=(X=6095.042 Y=8470.042 Z=3845.042) RuntimeGrid:None EditorOnly:0 RuntimeOnly:0 HLODRelevant:0
 |   |   |- [+] [ 56]
 |   |   |   |- Guid:F89D99124330384ED4C21F94758DCA59 BaseClass: NativeClass:/Script/Engine.PointLight Name:PointLight_UAID_F02F74F828823D2B02_1877969642 Label:PointLight3 SpatiallyLoaded:1 Bounds:IsValid=true, Min=(X=-970.042 Y=-5315.042 Z=-3225.042), Max=(X=6100.042 Y=1755.042 Z=3845.042) RuntimeGrid:None EditorOnly:0 RuntimeOnly:0 HLODRelevant:0
 |   |   |- [+] [ 57]
 |   |   |   |- Guid:DD5FB6604D7E614B91510B97ACC83D7C BaseClass: NativeClass:/Script/Engine.StaticMeshActor Name:StaticMeshActor_5 Label:SM_Cube2 SpatiallyLoaded:1 Bounds:IsValid=true, Min=(X=0.000 Y=0.000 Z=0.000), Max=(X=2394.750 Y=100.000 Z=400.000) RuntimeGrid:None EditorOnly:0 RuntimeOnly:0 HLODRelevant:1 FolderPath:Playground FolderGuid:C73F09FC4215536B1DCE2A9E0A830C70
 |   |   |- [+] [ 58]
 |   |   |   |- Guid:7A4C2CCC4A3F0AA7D3C9F9BCFC77E64F BaseClass: NativeClass:/Script/Engine.StaticMeshActor Name:StaticMeshActor_0 Label:SM_Cube5 SpatiallyLoaded:1 Bounds:IsValid=true, Min=(X=-0.000 Y=100.000 Z=0.000), Max=(X=100.000 Y=3400.000 Z=400.000) RuntimeGrid:None EditorOnly:0 RuntimeOnly:0 HLODRelevant:1 FolderPath:Playground FolderGuid:C73F09FC4215536B1DCE2A9E0A830C70
 |   |   |- [+] [ 59]
 |   |   |   |- Guid:B3CD96154164DDB4B69DCCA2899B76EC BaseClass: NativeClass:/Script/Engine.StaticMeshActor Name:StaticMeshActor_6 Label:SM_Cube3 SpatiallyLoaded:1 Bounds:IsValid=true, Min=(X=0.000 Y=3400.000 Z=0.000), Max=(X=2392.750 Y=3500.000 Z=400.000) RuntimeGrid:None EditorOnly:0 RuntimeOnly:0 HLODRelevant:1 FolderPath:Playground FolderGuid:C73F09FC4215536B1DCE2A9E0A830C70
 |   |   |- [+] [ 60]
 |   |   |   |- Guid:E6C89E994B2F7139594DA0813B102BF7 BaseClass: NativeClass:/Script/Engine.TriggerBox Name:StaticMeshActor_UAID_A4AE111137DC5EFB00_1110535423 Label:SM_SkySphere SpatiallyLoaded:0 Bounds:IsValid=true, Min=(X=-16000.000 Y=-16000.000 Z=-16000.000), Max=(X=16000.000 Y=16000.000 Z=16000.000) RuntimeGrid:None EditorOnly:0 RuntimeOnly:0 HLODRelevant:0 FolderPath:Lighting FolderGuid:963EC3EB4002CCE9759E2EBA541A873A
 |   |   |- [+] [ 61]
 |   |   |   |- Guid:76D8DA6C47A6CCF4B9180ABBDA83589E BaseClass:/Game/Objects/BP_PressurePlate.BP_PressurePlate_C NativeClass:/Script/Engine.Actor Name:BP_PressurePlate_C_UAID_F02F74190FD40F3602_1872369159 Label:BP_PressurePlate SpatiallyLoaded:1 Bounds:IsValid=true, Min=(X=820.000 Y=1618.000 Z=-8.375), Max=(X=932.000 Y=1734.000 Z=220.375) RuntimeGrid:None EditorOnly:0 RuntimeOnly:0 HLODRelevant:1
 |- ContainerInstances:
 |- [+] MainContainer:
 |   |-        ID: 0x0000000000000000
 |   |-    Bounds: IsValid=false, Min=(X=0.000 Y=0.000 Z=0.000), Max=(X=0.000 Y=0.000 Z=0.000)
 |   |- Transform: 0.000000,0.000000,0.000000|0.000000,0.000000,-0.000000|1.000000,1.000000,1.000000
 |   |- Container: /Game/Levels/AndLevel
----------------------------------------------------------------------------------------------------------------
AndLevel - Persistent Level
----------------------------------------------------------------------------------------------------------------
Always loaded Actor Count: 70 

----------------------------------------------------------------------------------------------------------------
AndLevel - Runtime Spatial Hash - Streaming Grid - MainGrid
----------------------------------------------------------------------------------------------------------------
            Origin: X=0.000 Y=0.000 Z=0.000
         Cell Size: 12800
      World Bounds: IsValid=false, Min=(X=0.000 Y=0.000 Z=0.000), Max=(X=0.000 Y=0.000 Z=0.000)
     Loading Range: 25600.00
Block Slow Loading: No
 ClientOnlyVisible: No

[+] Grid Levels: 1
 |- Level  0: Cell Count    0 | Cell Size   12800 | Actor Count    0 (0.0%)

[+] Content of Grid Level 0

