[+] Containers:
 |- [+] Container: /Game/Levels/AND_OR_Tutorial
 |   |- [+] ActorDescs:
 |   |   |- Guid:0B7AB5124E41FD563495D29700C525CF BaseClass:/Game/Objects/BP_Wire.BP_Wire_C NativeClass:/Script/Engine.Actor Name:BP_Wire_C_UAID_7085C2CB42D7E91D02_1703916150 Label:BP_Wire2 SpatiallyLoaded:1 Bounds:IsValid=true, Min=(X=0.000 Y=0.000 Z=0.000), Max=(X=0.000 Y=0.000 Z=0.000) RuntimeGrid:None EditorOnly:0 RuntimeOnly:0 HLODRelevant:0
 |   |   |- Guid:245DE648469D2A7A2D46A4A26392BA7C BaseClass: NativeClass:/Script/Engine.StaticMeshActor Name:StaticMeshActor_UAID_7085C2CB42D7E91D02_1377397142 Label:Wall_400x304 SpatiallyLoaded:1 Bounds:IsValid=true, Min=(X=1190.000 Y=2090.000 Z=0.000), Max=(X=2490.000 Y=2110.000 Z=300.000) RuntimeGrid:None EditorOnly:0 RuntimeOnly:0 HLODRelevant:1
 |   |   |- Guid:24D87D4547FF2C7F5FC228BA2D34D96F BaseClass: NativeClass:/Script/Engine.StaticMeshActor Name:StaticMeshActor_UAID_7085C2CB42D7DA1E02_1430091556 Label:SM_tempDoor SpatiallyLoaded:1 Bounds:IsValid=true, Min=(X=3540.000 Y=2030.000 Z=0.000), Max=(X=3640.000 Y=2705.000 Z=700.000) RuntimeGrid:None EditorOnly:0 RuntimeOnly:0 HLODRelevant:1 FolderPath:Playground FolderGuid:2A921B52439E7531AE5401AF45FD0EC0
 |   |   |- Guid:288F7ABA425DA00DAFD8A6A1040D4130 BaseClass:/Game/Objects/SpinningLight.SpinningLight_C NativeClass:/Script/Engine.Actor Name:SpinningLight_C_UAID_7085C2CB42D7AF2602_1928395435 Label:SpinningLight4 SpatiallyLoaded:1 Bounds:IsValid=true, Min=(X=1155.500 Y=-2627.533 Z=-705.161), Max=(X=2810.567 Y=-972.467 Z=949.906) RuntimeGrid:None EditorOnly:0 RuntimeOnly:0 HLODRelevant:0
 |   |   |- Guid:29CF4B3F4FF2C2EFA5A6C9BA7E7E4E44 BaseClass: NativeClass:/Script/Engine.StaticMeshActor Name:StaticMeshActor_UAID_7085C2CB42D7E81D02_1290014956 Label:Wall_Door_400x300 SpatiallyLoaded:1 Bounds:IsValid=true, Min=(X=1190.000 Y=1610.000 Z=0.000), Max=(X=1210.000 Y=2110.000 Z=353.250) RuntimeGrid:None EditorOnly:0 RuntimeOnly:0 HLODRelevant:1
 |   |   |- Guid:2C5CDC054FC90642870E3E9BD614DFD9 BaseClass: NativeClass:/Script/Engine.StaticMeshActor Name:StaticMeshActor_UAID_7085C2CB42D7D71B02_1430799865 Label:SM_ChamferCube SpatiallyLoaded:1 Bounds:IsValid=true, Min=(X=500.000 Y=930.000 Z=160.013), Max=(X=600.000 Y=1030.000 Z=260.013) RuntimeGrid:None EditorOnly:0 RuntimeOnly:0 HLODRelevant:0
 |   |   |- Guid:2E5C527A49ACCEB33510989729E78A60 BaseClass:/Game/Objects/SpinningLight.SpinningLight_C NativeClass:/Script/Engine.Actor Name:SpinningLight_C_UAID_7085C2CB42D7AF2602_1933952437 Label:SpinningLight6 SpatiallyLoaded:1 Bounds:IsValid=true, Min=(X=1155.500 Y=-3727.533 Z=-705.161), Max=(X=2810.567 Y=-2072.467 Z=949.906) RuntimeGrid:None EditorOnly:0 RuntimeOnly:0 HLODRelevant:0
 |   |   |- Guid:330EE27E41469DC0BFCDE5BCF7E8E759 BaseClass: NativeClass:/Script/Engine.ExponentialHeightFog Name:ExponentialHeightFog_UAID_7085C2CB42D7D71B02_1430806871 Label:ExponentialHeightFog SpatiallyLoaded:0 Bounds:IsValid=true, Min=(X=-5600.000 Y=-50.000 Z=-6850.000), Max=(X=-5600.000 Y=-50.000 Z=-6850.000) RuntimeGrid:None EditorOnly:0 RuntimeOnly:0 HLODRelevant:0 FolderPath:Lighting FolderGuid:5635185844B0E190F74950934FE67D09
 |   |   |- Guid:3616EB3C47C465EB162A2690EC38688B BaseClass:/Game/Objects/BP_Wire.BP_Wire_C NativeClass:/Script/Engine.Actor Name:BP_Wire_C_UAID_7085C2CB42D7E91D02_1591879149 Label:BP_Wire SpatiallyLoaded:1 Bounds:IsValid=true, Min=(X=0.000 Y=0.000 Z=0.000), Max=(X=0.000 Y=0.000 Z=0.000) RuntimeGrid:None EditorOnly:0 RuntimeOnly:0 HLODRelevant:0
 |   |   |- Guid:370C66C0486DA3F8988832A49C3C0CB6 BaseClass: NativeClass:/Script/Engine.StaticMeshActor Name:StaticMeshActor_UAID_7085C2CB42D7E91D02_1389460143 Label:Wall_Door_400x301 SpatiallyLoaded:1 Bounds:IsValid=true, Min=(X=1260.000 Y=2850.000 Z=0.000), Max=(X=1280.000 Y=3350.000 Z=353.250) RuntimeGrid:None EditorOnly:0 RuntimeOnly:0 HLODRelevant:1
 |   |   |- Guid:37F02FBC403CF3EC3A191DA8EB56D3F8 BaseClass:/Game/Objects/SpinningLight1.SpinningLight1_C NativeClass:/Script/Engine.Actor Name:SpinningLight1_C_UAID_7085C2CB42D7AF2602_1892563432 Label:SpinningLight1 SpatiallyLoaded:1 Bounds:IsValid=true, Min=(X=2005.500 Y=-2127.533 Z=-705.161), Max=(X=3660.567 Y=-472.467 Z=949.906) RuntimeGrid:None EditorOnly:0 RuntimeOnly:0 HLODRelevant:0
 |   |   |- Guid:388EE23540A4D76AAEEDE09D7385BED6 BaseClass: NativeClass:/Script/Engine.StaticMeshActor Name:StaticMeshActor_UAID_7085C2CB42D74E2202_1535908130 Label:SM_Cube13 SpatiallyLoaded:1 Bounds:IsValid=true, Min=(X=0.000 Y=-4750.000 Z=-50.000), Max=(X=3650.000 Y=0.000 Z=0.000) RuntimeGrid:None EditorOnly:0 RuntimeOnly:0 HLODRelevant:1 FolderPath:Playground FolderGuid:2A921B52439E7531AE5401AF45FD0EC0
 |   |   |- Guid:399CF52D4B267AE482DC1185673F52B5 BaseClass: NativeClass:/Script/Engine.StaticMeshActor Name:StaticMeshActor_UAID_7085C2CB42D7D71B02_1430798864 Label:SM_Cube3 SpatiallyLoaded:1 Bounds:IsValid=true, Min=(X=0.000 Y=4650.000 Z=0.000), Max=(X=3650.000 Y=4750.000 Z=1275.000) RuntimeGrid:None EditorOnly:0 RuntimeOnly:0 HLODRelevant:1 FolderPath:Playground FolderGuid:2A921B52439E7531AE5401AF45FD0EC0
 |   |   |- Guid:3A0C3C6B455BFF9D58B3AE8F79958EAC BaseClass: NativeClass:/Script/Engine.PostProcessVolume Name:PostProcessVolume_UAID_7085C2CB42D7D71B02_1430811875 Label:PostProcessVolume SpatiallyLoaded:0 Bounds:IsValid=true, Min=(X=0.000 Y=0.000 Z=400.000), Max=(X=200.000 Y=200.000 Z=600.000) RuntimeGrid:None EditorOnly:0 RuntimeOnly:0 HLODRelevant:0 FolderPath:Lighting FolderGuid:5635185844B0E190F74950934FE67D09
 |   |   |- Guid:3EE4AEC4448B3741263FCEB7D092917A BaseClass: NativeClass:/Script/Engine.SpotLight Name:SpotLight_UAID_7085C2CB42D74E2202_1691060132 Label:SpotLight SpatiallyLoaded:1 Bounds:IsValid=true, Min=(X=804.308 Y=-5195.692 Z=-491.384), Max=(X=2895.692 Y=-3104.308 Z=1600.000) RuntimeGrid:None EditorOnly:0 RuntimeOnly:0 HLODRelevant:0
 |   |   |- Guid:425C59CF4E0F3C37228DA3A0138DCCDD BaseClass:/Game/Objects/BP_Plate.BP_Plate_C NativeClass:/Script/Engine.Actor Name:BP_Plate_C_UAID_7085C2CB42D7E81D02_1964189960 Label:BP_Plate2 SpatiallyLoaded:1 Bounds:IsValid=true, Min=(X=1689.524 Y=1390.397 Z=-12.500), Max=(X=2940.078 Y=2570.078 Z=100.000) RuntimeGrid:None EditorOnly:0 RuntimeOnly:0 HLODRelevant:0
 |   |   |- Guid:43EA9A304325398EF6288495D8F7040A BaseClass: NativeClass:/Script/Engine.TextRenderActor Name:TextRenderActor_UAID_7085C2CB42D7D71B02_1430810874 Label:TextRenderActor SpatiallyLoaded:1 Bounds:IsValid=true, Min=(X=-0.100 Y=230.000 Z=10.013), Max=(X=-0.100 Y=3945.384 Z=1210.013) RuntimeGrid:None EditorOnly:0 RuntimeOnly:0 HLODRelevant:0
 |   |   |- Guid:4960824D482D197089FE8B92680047D4 BaseClass: NativeClass:/Script/Engine.StaticMeshActor Name:StaticMeshActor_UAID_7085C2CB42D74E2202_1517111129 Label:SM_Cube12 SpatiallyLoaded:1 Bounds:IsValid=true, Min=(X=0.000 Y=-4750.000 Z=0.000), Max=(X=100.000 Y=0.000 Z=1275.000) RuntimeGrid:None EditorOnly:0 RuntimeOnly:0 HLODRelevant:1 FolderPath:Playground FolderGuid:2A921B52439E7531AE5401AF45FD0EC0
 |   |   |- Guid:54820E5D4F80AC077B56018F4665CD68 BaseClass:/Game/Objects/BP_Plate.BP_Plate_C NativeClass:/Script/Engine.Actor Name:BP_Plate_C_UAID_7085C2CB42D7E81D02_1929704959 Label:BP_Plate SpatiallyLoaded:1 Bounds:IsValid=true, Min=(X=1739.524 Y=239.922 Z=-12.500), Max=(X=2990.078 Y=1419.603 Z=100.000) RuntimeGrid:None EditorOnly:0 RuntimeOnly:0 HLODRelevant:0
 |   |   |- Guid:56AC30DA4FD2DC57FB176EAFD832C77B BaseClass:/Game/Objects/SpinningLight1.SpinningLight1_C NativeClass:/Script/Engine.Actor Name:SpinningLight1_C_UAID_7085C2CB42D7AF2602_1938163438 Label:SpinningLight7 SpatiallyLoaded:1 Bounds:IsValid=true, Min=(X=1905.500 Y=-3077.533 Z=-705.161), Max=(X=3560.567 Y=-1422.467 Z=949.906) RuntimeGrid:None EditorOnly:0 RuntimeOnly:0 HLODRelevant:0
 |   |   |- Guid:5892FC8C40850DE309B35D900BC0536B BaseClass:/Game/Objects/BP_Wire.BP_Wire_C NativeClass:/Script/Engine.Actor Name:BP_Wire_C_UAID_7085C2CB42D7E91D02_1762758152 Label:BP_Wire4 SpatiallyLoaded:1 Bounds:IsValid=true, Min=(X=0.000 Y=0.000 Z=0.000), Max=(X=0.000 Y=0.000 Z=0.000) RuntimeGrid:None EditorOnly:0 RuntimeOnly:0 HLODRelevant:0
 |   |   |- Guid:59F3168A4A9F00B1F5F21DBDDCA447FD BaseClass: NativeClass:/Script/Engine.WorldDataLayers Name:WorldDataLayers Label:WorldDataLayers SpatiallyLoaded:0 Bounds:IsValid=true, Min=(X=0.000 Y=0.000 Z=0.000), Max=(X=0.000 Y=0.000 Z=0.000) RuntimeGrid:None EditorOnly:0 RuntimeOnly:0 HLODRelevant:0
 |   |   |- Guid:60411E504A1B21BE15AF5D8EAE0E3A4D BaseClass:/Game/Objects/BP_Wire.BP_Wire_C NativeClass:/Script/Engine.Actor Name:BP_Wire_C_UAID_7085C2CB42D7E91D02_1742243151 Label:BP_Wire3 SpatiallyLoaded:1 Bounds:IsValid=true, Min=(X=0.000 Y=0.000 Z=0.000), Max=(X=0.000 Y=0.000 Z=0.000) RuntimeGrid:None EditorOnly:0 RuntimeOnly:0 HLODRelevant:0
 |   |   |- Guid:6573C9A14B4E6673CD8B699907F420BB BaseClass:/Game/Objects/BP_Wire.BP_Wire_C NativeClass:/Script/Engine.Actor Name:BP_Wire_C_UAID_7085C2CB42D7EA1D02_1137161303 Label:BP_Wire6 SpatiallyLoaded:1 Bounds:IsValid=true, Min=(X=0.000 Y=0.000 Z=0.000), Max=(X=0.000 Y=0.000 Z=0.000) RuntimeGrid:None EditorOnly:0 RuntimeOnly:0 HLODRelevant:0
 |   |   |- Guid:6B1832094BE322D238F6948132F631AA BaseClass: NativeClass:/Script/Engine.PointLight Name:PointLight_UAID_7085C2CB42D7D91E02_1118669370 Label:PointLight SpatiallyLoaded:1 Bounds:IsValid=true, Min=(X=780.000 Y=410.000 Z=-520.000), Max=(X=2780.000 Y=2410.000 Z=1480.000) RuntimeGrid:None EditorOnly:0 RuntimeOnly:0 HLODRelevant:0
 |   |   |- Guid:7108DD4F42DE5CCD85BE1BA01060F1E0 BaseClass:/Game/Objects/SpinningLight1.SpinningLight1_C NativeClass:/Script/Engine.Actor Name:SpinningLight1_C_UAID_7085C2CB42D7AF2602_1918076433 Label:SpinningLight2 SpatiallyLoaded:1 Bounds:IsValid=true, Min=(X=555.500 Y=-3177.533 Z=-705.161), Max=(X=2210.567 Y=-1522.467 Z=949.906) RuntimeGrid:None EditorOnly:0 RuntimeOnly:0 HLODRelevant:0
 |   |   |- Guid:73B5751B432F441DDCE2F385B9ABDFEF BaseClass: NativeClass:/Script/Engine.StaticMeshActor Name:StaticMeshActor_UAID_7085C2CB42D7D91E02_1970967378 Label:SM_Cube9 SpatiallyLoaded:1 Bounds:IsValid=true, Min=(X=3540.000 Y=1500.000 Z=650.000), Max=(X=3640.000 Y=3500.000 Z=1275.000) RuntimeGrid:None EditorOnly:0 RuntimeOnly:0 HLODRelevant:1 FolderPath:Playground FolderGuid:2A921B52439E7531AE5401AF45FD0EC0
 |   |   |- Guid:746E3DF04BAFAB147FBFCBB2BC9F20EE BaseClass: NativeClass:/Script/Engine.StaticMeshActor Name:StaticMeshActor_UAID_7085C2CB42D7E91D02_1231137140 Label:Wall_400x204 SpatiallyLoaded:1 Bounds:IsValid=true, Min=(X=1190.000 Y=730.000 Z=0.000), Max=(X=1210.000 Y=1630.000 Z=350.000) RuntimeGrid:None EditorOnly:0 RuntimeOnly:0 HLODRelevant:1
 |   |   |- Guid:7B3A4B4B45BF0981AA1BCD8F7519028C BaseClass: NativeClass:/Script/Engine.PointLight Name:PointLight_UAID_7085C2CB42D7B62602_1189142662 Label:PointLight4 SpatiallyLoaded:1 Bounds:IsValid=true, Min=(X=-1534.315 Y=-5884.315 Z=-1234.315), Max=(X=5734.315 Y=1384.315 Z=6034.315) RuntimeGrid:None EditorOnly:0 RuntimeOnly:0 HLODRelevant:0
 |   |   |- Guid:7B4892804046D7C71D7061B1F4BC6490 BaseClass: NativeClass:/Script/Engine.StaticMeshActor Name:StaticMeshActor_UAID_7085C2CB42D7B62602_1102672658 Label:Cylinder4 SpatiallyLoaded:1 Bounds:IsValid=true, Min=(X=1025.000 Y=-2225.000 Z=0.000), Max=(X=1275.000 Y=-1975.000 Z=400.000) RuntimeGrid:None EditorOnly:0 RuntimeOnly:0 HLODRelevant:1
 |   |   |- Guid:7C7066DB4685768101CDEDB9472C0C90 BaseClass: NativeClass:/Script/Engine.StaticMeshActor Name:StaticMeshActor_UAID_7085C2CB42D74E2202_1419872127 Label:SM_Cube10 SpatiallyLoaded:1 Bounds:IsValid=true, Min=(X=2475.000 Y=0.000 Z=0.000), Max=(X=3650.000 Y=100.000 Z=1275.000) RuntimeGrid:None EditorOnly:0 RuntimeOnly:0 HLODRelevant:1 FolderPath:Playground FolderGuid:2A921B52439E7531AE5401AF45FD0EC0
 |   |   |- Guid:7D6556CF48C9E0945761329E1B851543 BaseClass: NativeClass:/Script/Engine.PlayerStart Name:PlayerStart_UAID_7085C2CB42D7D71B02_1430802868 Label:PlayerStart SpatiallyLoaded:0 Bounds:IsValid=true, Min=(X=1890.000 Y=-540.000 Z=3.000), Max=(X=1970.000 Y=-460.000 Z=187.000) RuntimeGrid:None EditorOnly:0 RuntimeOnly:0 HLODRelevant:0
 |   |   |- Guid:85C32F884A1DADEB5265D4B246C975A9 BaseClass: NativeClass:/Script/Engine.StaticMeshActor Name:StaticMeshActor_UAID_7085C2CB42D7D71B02_1430807872 Label:SM_Cube5 SpatiallyLoaded:1 Bounds:IsValid=true, Min=(X=-0.000 Y=100.000 Z=0.000), Max=(X=100.000 Y=4675.000 Z=1275.000) RuntimeGrid:None EditorOnly:0 RuntimeOnly:0 HLODRelevant:1 FolderPath:Playground FolderGuid:2A921B52439E7531AE5401AF45FD0EC0
 |   |   |- Guid:86147C53488DD423322750B40E3BEF4A BaseClass:/Game/Objects/BP_Wire.BP_Wire_C NativeClass:/Script/Engine.Actor Name:BP_Wire_C_UAID_7085C2CB42D7E91D02_1803175153 Label:BP_Wire5 SpatiallyLoaded:1 Bounds:IsValid=true, Min=(X=0.000 Y=0.000 Z=0.000), Max=(X=0.000 Y=0.000 Z=0.000) RuntimeGrid:None EditorOnly:0 RuntimeOnly:0 HLODRelevant:0
 |   |   |- Guid:870D7625423639F219B6F4834118EF70 BaseClass: NativeClass:/Script/Engine.StaticMeshActor Name:StaticMeshActor_UAID_7085C2CB42D7B52602_2007222481 Label:Cylinder3 SpatiallyLoaded:1 Bounds:IsValid=true, Min=(X=1325.000 Y=-2575.000 Z=0.000), Max=(X=1575.000 Y=-2325.000 Z=300.000) RuntimeGrid:None EditorOnly:0 RuntimeOnly:0 HLODRelevant:1
 |   |   |- Guid:8A1BB58D49304B0E7406159508373344 BaseClass: NativeClass:/Script/Engine.StaticMeshActor Name:StaticMeshActor_UAID_7085C2CB42D7D71B02_1430796863 Label:SM_SkySphere SpatiallyLoaded:0 Bounds:IsValid=true, Min=(X=-1638400.000 Y=-1638400.000 Z=-1638400.000), Max=(X=1638400.000 Y=1638400.000 Z=1638400.000) RuntimeGrid:None EditorOnly:0 RuntimeOnly:0 HLODRelevant:1 FolderPath:Lighting FolderGuid:5635185844B0E190F74950934FE67D09
 |   |   |- Guid:8ECA520C40BECB66465D80A12E2F03BF BaseClass: NativeClass:/Script/Engine.StaticMeshActor Name:StaticMeshActor_UAID_7085C2CB42D7E91D02_1131856138 Label:Wall_400x301 SpatiallyLoaded:1 Bounds:IsValid=true, Min=(X=1260.000 Y=4130.000 Z=0.000), Max=(X=2360.000 Y=4150.000 Z=300.000) RuntimeGrid:None EditorOnly:0 RuntimeOnly:0 HLODRelevant:1
 |   |   |- Guid:8FC1B2114428D36E2CCF19A3702DFD57 BaseClass:/Game/LevelControllers/Test_DemoLogic.Test_DemoLogic_C NativeClass:/Script/Engine.Actor Name:Test_DemoLogic_C_UAID_7085C2CB42D7EA1D02_1794731304 Label:Test_DemoLogic SpatiallyLoaded:1 Bounds:IsValid=true, Min=(X=-230.000 Y=2610.000 Z=-400.000), Max=(X=-130.000 Y=2710.000 Z=-300.000) RuntimeGrid:None EditorOnly:0 RuntimeOnly:0 HLODRelevant:0
 |   |   |- Guid:92E14F2146C5DD3826D3C28E83EC6A97 BaseClass: NativeClass:/Script/Engine.StaticMeshActor Name:StaticMeshActor_UAID_7085C2CB42D7E71D02_1587153777 Label:Wall_400x201 SpatiallyLoaded:1 Bounds:IsValid=true, Min=(X=2480.000 Y=730.000 Z=0.000), Max=(X=2500.000 Y=2130.000 Z=350.000) RuntimeGrid:None EditorOnly:0 RuntimeOnly:0 HLODRelevant:1
 |   |   |- Guid:955E76764F6306612651F8A5BA8E6048 BaseClass: NativeClass:/Script/Engine.StaticMeshActor Name:StaticMeshActor_UAID_7085C2CB42D7E91D02_1412872144 Label:Wall_400x305 SpatiallyLoaded:1 Bounds:IsValid=true, Min=(X=1270.000 Y=3330.000 Z=0.000), Max=(X=1290.000 Y=4130.000 Z=300.000) RuntimeGrid:None EditorOnly:0 RuntimeOnly:0 HLODRelevant:1
 |   |   |- Guid:98BC552642CC349CDFF057A6DF97D9D0 BaseClass: NativeClass:/Script/Engine.StaticMeshActor Name:StaticMeshActor_UAID_7085C2CB42D7E81D02_1496240957 Label:Wall_400x203 SpatiallyLoaded:1 Bounds:IsValid=true, Min=(X=1190.000 Y=750.000 Z=0.000), Max=(X=2490.000 Y=770.000 Z=350.000) RuntimeGrid:None EditorOnly:0 RuntimeOnly:0 HLODRelevant:1
 |   |   |- Guid:9ECE907E45B906B94808539AA1B63A6A BaseClass: NativeClass:/Script/Engine.StaticMeshActor Name:StaticMeshActor_UAID_7085C2CB42D7D71B02_1430818881 Label:SM_ChamferCube2 SpatiallyLoaded:1 Bounds:IsValid=true, Min=(X=672.077 Y=2782.077 Z=0.013), Max=(X=787.923 Y=2897.923 Z=100.013) RuntimeGrid:None EditorOnly:0 RuntimeOnly:0 HLODRelevant:0
 |   |   |- Guid:9FB034924CA10A81464B829CFF81F7A0 BaseClass: NativeClass:/Script/Engine.StaticMeshActor Name:StaticMeshActor_UAID_7085C2CB42D7B62602_1146729661 Label:Cylinder7 SpatiallyLoaded:1 Bounds:IsValid=true, Min=(X=1825.000 Y=-1475.000 Z=0.000), Max=(X=2075.000 Y=-1225.000 Z=400.000) RuntimeGrid:None EditorOnly:0 RuntimeOnly:0 HLODRelevant:1
 |   |   |- Guid:A6B963D34E94CFFE45CC9D932A5AD1A3 BaseClass: NativeClass:/Script/Engine.StaticMeshActor Name:StaticMeshActor_UAID_7085C2CB42D7D91E02_1951756376 Label:SM_Cube7 SpatiallyLoaded:1 Bounds:IsValid=true, Min=(X=3540.000 Y=2700.000 Z=0.000), Max=(X=3640.000 Y=4700.000 Z=1275.000) RuntimeGrid:None EditorOnly:0 RuntimeOnly:0 HLODRelevant:1 FolderPath:Playground FolderGuid:2A921B52439E7531AE5401AF45FD0EC0
 |   |   |- Guid:A6CABF0D4CE809C8C8600BBA4713A6D0 BaseClass: NativeClass:/Script/Engine.StaticMeshActor Name:StaticMeshActor_UAID_7085C2CB42D7B62602_1129496660 Label:Cylinder6 SpatiallyLoaded:1 Bounds:IsValid=true, Min=(X=1325.000 Y=-1475.000 Z=0.000), Max=(X=1575.000 Y=-1225.000 Z=500.000) RuntimeGrid:None EditorOnly:0 RuntimeOnly:0 HLODRelevant:1
 |   |   |- Guid:AA6621974EE5DFE7FA46D48C69EB6DE4 BaseClass:/Game/Objects/SpinningLight.SpinningLight_C NativeClass:/Script/Engine.Actor Name:SpinningLight_C_UAID_7085C2CB42D7AF2602_1765548427 Label:SpinningLight SpatiallyLoaded:1 Bounds:IsValid=true, Min=(X=405.500 Y=-2127.533 Z=-705.161), Max=(X=2060.567 Y=-472.467 Z=949.906) RuntimeGrid:None EditorOnly:0 RuntimeOnly:0 HLODRelevant:0
 |   |   |- Guid:AB2F115D416B0B6D97EAB0A313E536EA BaseClass: NativeClass:/Script/Engine.StaticMeshActor Name:StaticMeshActor_UAID_7085C2CB42D7E91D02_1140661139 Label:Wall_400x302 SpatiallyLoaded:1 Bounds:IsValid=true, Min=(X=2340.000 Y=2830.000 Z=0.000), Max=(X=2360.000 Y=4130.000 Z=300.000) RuntimeGrid:None EditorOnly:0 RuntimeOnly:0 HLODRelevant:1
 |   |   |- Guid:B155EEBA4BD2F11BF7F239823F6F83BB BaseClass: NativeClass:/Script/Engine.StaticMeshActor Name:StaticMeshActor_UAID_7085C2CB42D7E81D02_2086841961 Label:Wall_400x300 SpatiallyLoaded:1 Bounds:IsValid=true, Min=(X=1260.000 Y=2830.000 Z=0.000), Max=(X=2360.000 Y=2850.000 Z=300.000) RuntimeGrid:None EditorOnly:0 RuntimeOnly:0 HLODRelevant:1
 |   |   |- Guid:B28A97F64AE3C57AE0B4A990D23DA5EF BaseClass: NativeClass:/Script/Engine.StaticMeshActor Name:StaticMeshActor_UAID_7085C2CB42D7B52602_1911781479 Label:Cylinder SpatiallyLoaded:1 Bounds:IsValid=true, Min=(X=1825.000 Y=-2325.000 Z=0.000), Max=(X=2075.000 Y=-2075.000 Z=100.000) RuntimeGrid:None EditorOnly:0 RuntimeOnly:0 HLODRelevant:1
 |   |   |- Guid:B46BDCB34F55CF687CA9E0A194407D6F BaseClass: NativeClass:/Script/Engine.StaticMeshActor Name:StaticMeshActor_UAID_7085C2CB42D7D71B02_1430801867 Label:SM_ChamferCube3 SpatiallyLoaded:1 Bounds:IsValid=true, Min=(X=481.699 Y=2271.699 Z=0.013), Max=(X=618.301 Y=2408.301 Z=100.013) RuntimeGrid:None EditorOnly:0 RuntimeOnly:0 HLODRelevant:0
 |   |   |- Guid:B5B98517413DE811685A29B9A66C6F26 BaseClass: NativeClass:/Script/Engine.StaticMeshActor Name:StaticMeshActor_UAID_7085C2CB42D7DB1E02_1099407733 Label:SM_Cube7 SpatiallyLoaded:1 Bounds:IsValid=true, Min=(X=3540.000 Y=2710.000 Z=0.000), Max=(X=3640.000 Y=4710.000 Z=1275.000) RuntimeGrid:None EditorOnly:0 RuntimeOnly:0 HLODRelevant:1 FolderPath:Playground FolderGuid:2A921B52439E7531AE5401AF45FD0EC0
 |   |   |- Guid:B7B7C2A2480375FD4237DDA4A95ABCC8 BaseClass: NativeClass:/Script/Engine.StaticMeshActor Name:StaticMeshActor_UAID_7085C2CB42D7B62602_1122907659 Label:Cylinder5 SpatiallyLoaded:1 Bounds:IsValid=true, Min=(X=975.000 Y=-1775.000 Z=0.000), Max=(X=1225.000 Y=-1525.000 Z=400.000) RuntimeGrid:None EditorOnly:0 RuntimeOnly:0 HLODRelevant:1
 |   |   |- Guid:B823E95A4D59FF3BB8DAA2B27CE0BBFA BaseClass: NativeClass:/Script/Engine.StaticMeshActor Name:StaticMeshActor_UAID_7085C2CB42D74E2202_1628675131 Label:SM_Cube14 SpatiallyLoaded:1 Bounds:IsValid=true, Min=(X=-0.000 Y=-4850.000 Z=0.000), Max=(X=3650.000 Y=-4750.000 Z=1275.000) RuntimeGrid:None EditorOnly:0 RuntimeOnly:0 HLODRelevant:1 FolderPath:Playground FolderGuid:2A921B52439E7531AE5401AF45FD0EC0
 |   |   |- Guid:BFC458D44323E8E92E741E9D99B4B1B7 BaseClass: NativeClass:/Script/Engine.StaticMeshActor Name:StaticMeshActor_UAID_7085C2CB42D7D71B02_1430809873 Label:SM_Cube2 SpatiallyLoaded:1 Bounds:IsValid=true, Min=(X=0.000 Y=0.000 Z=0.000), Max=(X=1175.000 Y=100.000 Z=1275.000) RuntimeGrid:None EditorOnly:0 RuntimeOnly:0 HLODRelevant:1 FolderPath:Playground FolderGuid:2A921B52439E7531AE5401AF45FD0EC0
 |   |   |- Guid:C1367E5F4B1C64918F58ACA827CEEDBF BaseClass: NativeClass:/Script/Engine.VolumetricCloud Name:VolumetricCloud_UAID_7085C2CB42D7D71B02_1430814878 Label:VolumetricCloud SpatiallyLoaded:0 Bounds:IsValid=true, Min=(X=0.000 Y=0.000 Z=820.000), Max=(X=0.000 Y=0.000 Z=820.000) RuntimeGrid:None EditorOnly:0 RuntimeOnly:0 HLODRelevant:0 FolderPath:Lighting FolderGuid:5635185844B0E190F74950934FE67D09
 |   |   |- Guid:C3F9C283437339330A069F85601E7568 BaseClass: NativeClass:/Script/Engine.StaticMeshActor Name:StaticMeshActor_UAID_7085C2CB42D7D71B02_1430805870 Label:SM_Cube SpatiallyLoaded:1 Bounds:IsValid=true, Min=(X=0.000 Y=0.000 Z=-50.000), Max=(X=3650.000 Y=4750.000 Z=0.000) RuntimeGrid:None EditorOnly:0 RuntimeOnly:0 HLODRelevant:1 FolderPath:Playground FolderGuid:2A921B52439E7531AE5401AF45FD0EC0
 |   |   |- Guid:C7A4D39140BFA5DE76263EAC7CA0A699 BaseClass: NativeClass:/Script/Engine.RectLight Name:RectLight_UAID_7085C2CB42D7D91E02_1278735375 Label:RectLight SpatiallyLoaded:1 Bounds:IsValid=true, Min=(X=-3538.803 Y=-858.803 Z=-2528.803), Max=(X=2838.803 Y=5518.803 Z=3848.803) RuntimeGrid:None EditorOnly:0 RuntimeOnly:0 HLODRelevant:0
 |   |   |- Guid:C8AF9BB2485A2E1DD3A324B39A45DD43 BaseClass: NativeClass:/Script/Engine.StaticMeshActor Name:StaticMeshActor_UAID_7085C2CB42D7D91E02_1097446369 Label:SM_Cube4 SpatiallyLoaded:1 Bounds:IsValid=true, Min=(X=0.000 Y=0.000 Z=1240.000), Max=(X=3650.000 Y=4750.000 Z=1290.000) RuntimeGrid:None EditorOnly:0 RuntimeOnly:0 HLODRelevant:1 FolderPath:Playground FolderGuid:2A921B52439E7531AE5401AF45FD0EC0
 |   |   |- Guid:C9489537425A349823C698929E769B22 BaseClass:/Game/Objects/SpinningLight.SpinningLight_C NativeClass:/Script/Engine.Actor Name:SpinningLight_C_UAID_7085C2CB42D7AF2602_1930695436 Label:SpinningLight5 SpatiallyLoaded:1 Bounds:IsValid=true, Min=(X=1905.500 Y=-4127.533 Z=-705.161), Max=(X=3560.567 Y=-2472.467 Z=949.906) RuntimeGrid:None EditorOnly:0 RuntimeOnly:0 HLODRelevant:0
 |   |   |- Guid:CAB69A45474ABB507123A984E056CB64 BaseClass: NativeClass:/Script/Engine.PointLight Name:PointLight_UAID_7085C2CB42D7D91E02_1183449373 Label:PointLight3 SpatiallyLoaded:1 Bounds:IsValid=true, Min=(X=1590.000 Y=1350.000 Z=-460.000), Max=(X=3590.000 Y=3350.000 Z=1540.000) RuntimeGrid:None EditorOnly:0 RuntimeOnly:0 HLODRelevant:0
 |   |   |- Guid:CAC8EEA3426B37FEA6F6C68C291D4314 BaseClass: NativeClass:/Script/Engine.StaticMeshActor Name:StaticMeshActor_UAID_7085C2CB42D7B62602_1294901664 Label:Cylinder9 SpatiallyLoaded:1 Bounds:IsValid=true, Min=(X=2375.000 Y=-2325.000 Z=0.000), Max=(X=2625.000 Y=-2075.000 Z=300.000) RuntimeGrid:None EditorOnly:0 RuntimeOnly:0 HLODRelevant:1
 |   |   |- Guid:CC4ABC38488F42AE42E058890E915C5B BaseClass: NativeClass:/Script/Engine.StaticMeshActor Name:StaticMeshActor_UAID_7085C2CB42D7D71B02_1430812876 Label:SM_Cube6 SpatiallyLoaded:1 Bounds:IsValid=true, Min=(X=3540.000 Y=100.000 Z=0.000), Max=(X=3640.000 Y=2100.000 Z=1275.000) RuntimeGrid:None EditorOnly:0 RuntimeOnly:0 HLODRelevant:1 FolderPath:Playground FolderGuid:2A921B52439E7531AE5401AF45FD0EC0
 |   |   |- Guid:D03959A54DFB406E52A9DA8F55BA1D1E BaseClass:/Game/Objects/BP_BigBall.BP_BigBall_C NativeClass:/Script/Engine.Actor Name:BP_BigBall_C_UAID_7085C2CB42D7E91D02_1845246154 Label:BP_BigBall2 SpatiallyLoaded:1 Bounds:IsValid=true, Min=(X=1480.000 Y=3090.000 Z=140.000), Max=(X=1680.000 Y=3290.000 Z=340.000) RuntimeGrid:None EditorOnly:0 RuntimeOnly:0 HLODRelevant:0
 |   |   |- Guid:E0F435BF4AC0473C37C767A789E90CF4 BaseClass:/Game/Objects/BP_BigBall.BP_BigBall_C NativeClass:/Script/Engine.Actor Name:BP_BigBall_C_UAID_7085C2CB42D7E71D02_2067485778 Label:BP_BigBall SpatiallyLoaded:1 Bounds:IsValid=true, Min=(X=1480.000 Y=1520.000 Z=140.000), Max=(X=1680.000 Y=1720.000 Z=340.000) RuntimeGrid:None EditorOnly:0 RuntimeOnly:0 HLODRelevant:0
 |   |   |- Guid:E9183DBE4136EE7C36633F8F15D5BAB4 BaseClass: NativeClass:/Script/Engine.SkyLight Name:SkyLight_UAID_7085C2CB42D7D71B02_1430804869 Label:SkyLight SpatiallyLoaded:0 Bounds:IsValid=true, Min=(X=0.000 Y=0.000 Z=690.000), Max=(X=0.000 Y=0.000 Z=690.000) RuntimeGrid:None EditorOnly:0 RuntimeOnly:0 HLODRelevant:0 FolderPath:Lighting FolderGuid:5635185844B0E190F74950934FE67D09
 |   |   |- Guid:EA82E13042DCFE1DBD4116B9942E4EE7 BaseClass: NativeClass:/Script/Engine.PointLight Name:PointLight_UAID_7085C2CB42D7D91E02_1178756372 Label:PointLight2 SpatiallyLoaded:1 Bounds:IsValid=true, Min=(X=780.000 Y=2400.000 Z=-520.000), Max=(X=2780.000 Y=4400.000 Z=1480.000) RuntimeGrid:None EditorOnly:0 RuntimeOnly:0 HLODRelevant:0
 |   |   |- Guid:EEFCDEF84C3B690D6E49228FBB7216BA BaseClass: NativeClass:/Script/Engine.StaticMeshActor Name:StaticMeshActor_UAID_7085C2CB42D7B52602_1972026480 Label:Cylinder2 SpatiallyLoaded:1 Bounds:IsValid=true, Min=(X=1425.000 Y=-2025.000 Z=0.000), Max=(X=1675.000 Y=-1775.000 Z=200.000) RuntimeGrid:None EditorOnly:0 RuntimeOnly:0 HLODRelevant:1
 |   |   |- Guid:F69A67C341DEFCAF58618B966B6AE4F2 BaseClass: NativeClass:/Script/Engine.StaticMeshActor Name:StaticMeshActor_UAID_7085C2CB42D7E91D02_1327331141 Label:Wall_400x303 SpatiallyLoaded:1 Bounds:IsValid=true, Min=(X=1190.000 Y=730.000 Z=0.000), Max=(X=2490.000 Y=750.000 Z=300.000) RuntimeGrid:None EditorOnly:0 RuntimeOnly:0 HLODRelevant:1
 |   |   |- Guid:F6E4C98145CCA307CBD3659CB4F0F1A4 BaseClass:/Game/Objects/SpinningLight1.SpinningLight1_C NativeClass:/Script/Engine.Actor Name:SpinningLight1_C_UAID_7085C2CB42D7AF2602_1923944434 Label:SpinningLight3 SpatiallyLoaded:1 Bounds:IsValid=true, Min=(X=455.500 Y=-4277.533 Z=-705.161), Max=(X=2110.567 Y=-2622.467 Z=949.906) RuntimeGrid:None EditorOnly:0 RuntimeOnly:0 HLODRelevant:0
 |   |   |- Guid:F6F859C24A1DE5622261BDBA09CA82CC BaseClass: NativeClass:/Script/Engine.SkyAtmosphere Name:SkyAtmosphere_UAID_7085C2CB42D7D71B02_1430816879 Label:SkyAtmosphere SpatiallyLoaded:0 Bounds:IsValid=true, Min=(X=0.000 Y=0.000 Z=1020.000), Max=(X=0.000 Y=0.000 Z=1020.000) RuntimeGrid:None EditorOnly:0 RuntimeOnly:0 HLODRelevant:0 FolderPath:Lighting FolderGuid:5635185844B0E190F74950934FE67D09
 |   |   |- Guid:F8D40DDB4BAB99C875A7A2A11841E027 BaseClass: NativeClass:/Script/Engine.StaticMeshActor Name:StaticMeshActor_UAID_7085C2CB42D7E81D02_1230851955 Label:Wall_400x202 SpatiallyLoaded:1 Bounds:IsValid=true, Min=(X=1190.000 Y=2110.000 Z=0.000), Max=(X=2490.000 Y=2130.000 Z=350.000) RuntimeGrid:None EditorOnly:0 RuntimeOnly:0 HLODRelevant:1
 |   |   |- Guid:FC0C05624F66AB41BDD371A5A77266D5 BaseClass: NativeClass:/Script/Engine.StaticMeshActor Name:StaticMeshActor_UAID_7085C2CB42D74E2202_1468903128 Label:SM_Cube11 SpatiallyLoaded:1 Bounds:IsValid=true, Min=(X=3550.000 Y=-4750.000 Z=0.000), Max=(X=3650.000 Y=0.000 Z=1275.000) RuntimeGrid:None EditorOnly:0 RuntimeOnly:0 HLODRelevant:1 FolderPath:Playground FolderGuid:2A921B52439E7531AE5401AF45FD0EC0
 |   |   |- Guid:FC0D2B644FB8E7C46EA9359D86DCF88E BaseClass:/Game/Objects/BP_Plate.BP_Plate_C NativeClass:/Script/Engine.Actor Name:BP_Plate_C_UAID_7085C2CB42D7E91D02_1430359145 Label:BP_Plate3 SpatiallyLoaded:1 Bounds:IsValid=true, Min=(X=1610.397 Y=3099.524 Z=-12.500), Max=(X=2790.078 Y=4350.078 Z=100.000) RuntimeGrid:None EditorOnly:0 RuntimeOnly:0 HLODRelevant:0
 |   |   |- Guid:FFDD9D9D427B1AB561CF7AAD9042120E BaseClass: NativeClass:/Script/Engine.StaticMeshActor Name:StaticMeshActor_UAID_7085C2CB42D7B62602_1274704663 Label:Cylinder8 SpatiallyLoaded:1 Bounds:IsValid=true, Min=(X=2175.000 Y=-1825.000 Z=0.000), Max=(X=2425.000 Y=-1575.000 Z=300.000) RuntimeGrid:None EditorOnly:0 RuntimeOnly:0 HLODRelevant:1
 |   |- [+] Clusters:
 |   |   |- [+] [  0]
 |   |   |   |- Guid:C1367E5F4B1C64918F58ACA827CEEDBF BaseClass: NativeClass:/Script/Engine.VolumetricCloud Name:VolumetricCloud_UAID_7085C2CB42D7D71B02_1430814878 Label:VolumetricCloud SpatiallyLoaded:0 Bounds:IsValid=true, Min=(X=0.000 Y=0.000 Z=820.000), Max=(X=0.000 Y=0.000 Z=820.000) RuntimeGrid:None EditorOnly:0 RuntimeOnly:0 HLODRelevant:0 FolderPath:Lighting FolderGuid:5635185844B0E190F74950934FE67D09
 |   |   |- [+] [  1]
 |   |   |   |- Guid:399CF52D4B267AE482DC1185673F52B5 BaseClass: NativeClass:/Script/Engine.StaticMeshActor Name:StaticMeshActor_UAID_7085C2CB42D7D71B02_1430798864 Label:SM_Cube3 SpatiallyLoaded:1 Bounds:IsValid=true, Min=(X=0.000 Y=4650.000 Z=0.000), Max=(X=3650.000 Y=4750.000 Z=1275.000) RuntimeGrid:None EditorOnly:0 RuntimeOnly:0 HLODRelevant:1 FolderPath:Playground FolderGuid:2A921B52439E7531AE5401AF45FD0EC0
 |   |   |- [+] [  2]
 |   |   |   |- Guid:FC0D2B644FB8E7C46EA9359D86DCF88E BaseClass:/Game/Objects/BP_Plate.BP_Plate_C NativeClass:/Script/Engine.Actor Name:BP_Plate_C_UAID_7085C2CB42D7E91D02_1430359145 Label:BP_Plate3 SpatiallyLoaded:1 Bounds:IsValid=true, Min=(X=1610.397 Y=3099.524 Z=-12.500), Max=(X=2790.078 Y=4350.078 Z=100.000) RuntimeGrid:None EditorOnly:0 RuntimeOnly:0 HLODRelevant:0
 |   |   |- [+] [  3]
 |   |   |   |- Guid:4960824D482D197089FE8B92680047D4 BaseClass: NativeClass:/Script/Engine.StaticMeshActor Name:StaticMeshActor_UAID_7085C2CB42D74E2202_1517111129 Label:SM_Cube12 SpatiallyLoaded:1 Bounds:IsValid=true, Min=(X=0.000 Y=-4750.000 Z=0.000), Max=(X=100.000 Y=0.000 Z=1275.000) RuntimeGrid:None EditorOnly:0 RuntimeOnly:0 HLODRelevant:1 FolderPath:Playground FolderGuid:2A921B52439E7531AE5401AF45FD0EC0
 |   |   |- [+] [  4]
 |   |   |   |- Guid:2C5CDC054FC90642870E3E9BD614DFD9 BaseClass: NativeClass:/Script/Engine.StaticMeshActor Name:StaticMeshActor_UAID_7085C2CB42D7D71B02_1430799865 Label:SM_ChamferCube SpatiallyLoaded:1 Bounds:IsValid=true, Min=(X=500.000 Y=930.000 Z=160.013), Max=(X=600.000 Y=1030.000 Z=260.013) RuntimeGrid:None EditorOnly:0 RuntimeOnly:0 HLODRelevant:0
 |   |   |- [+] [  5]
 |   |   |   |- Guid:3EE4AEC4448B3741263FCEB7D092917A BaseClass: NativeClass:/Script/Engine.SpotLight Name:SpotLight_UAID_7085C2CB42D74E2202_1691060132 Label:SpotLight SpatiallyLoaded:1 Bounds:IsValid=true, Min=(X=804.308 Y=-5195.692 Z=-491.384), Max=(X=2895.692 Y=-3104.308 Z=1600.000) RuntimeGrid:None EditorOnly:0 RuntimeOnly:0 HLODRelevant:0
 |   |   |- [+] [  6]
 |   |   |   |- Guid:7C7066DB4685768101CDEDB9472C0C90 BaseClass: NativeClass:/Script/Engine.StaticMeshActor Name:StaticMeshActor_UAID_7085C2CB42D74E2202_1419872127 Label:SM_Cube10 SpatiallyLoaded:1 Bounds:IsValid=true, Min=(X=2475.000 Y=0.000 Z=0.000), Max=(X=3650.000 Y=100.000 Z=1275.000) RuntimeGrid:None EditorOnly:0 RuntimeOnly:0 HLODRelevant:1 FolderPath:Playground FolderGuid:2A921B52439E7531AE5401AF45FD0EC0
 |   |   |- [+] [  7]
 |   |   |   |- Guid:F69A67C341DEFCAF58618B966B6AE4F2 BaseClass: NativeClass:/Script/Engine.StaticMeshActor Name:StaticMeshActor_UAID_7085C2CB42D7E91D02_1327331141 Label:Wall_400x303 SpatiallyLoaded:1 Bounds:IsValid=true, Min=(X=1190.000 Y=730.000 Z=0.000), Max=(X=2490.000 Y=750.000 Z=300.000) RuntimeGrid:None EditorOnly:0 RuntimeOnly:0 HLODRelevant:1
 |   |   |- [+] [  8]
 |   |   |   |- Guid:F6F859C24A1DE5622261BDBA09CA82CC BaseClass: NativeClass:/Script/Engine.SkyAtmosphere Name:SkyAtmosphere_UAID_7085C2CB42D7D71B02_1430816879 Label:SkyAtmosphere SpatiallyLoaded:0 Bounds:IsValid=true, Min=(X=0.000 Y=0.000 Z=1020.000), Max=(X=0.000 Y=0.000 Z=1020.000) RuntimeGrid:None EditorOnly:0 RuntimeOnly:0 HLODRelevant:0 FolderPath:Lighting FolderGuid:5635185844B0E190F74950934FE67D09
 |   |   |- [+] [  9]
 |   |   |   |- Guid:B823E95A4D59FF3BB8DAA2B27CE0BBFA BaseClass: NativeClass:/Script/Engine.StaticMeshActor Name:StaticMeshActor_UAID_7085C2CB42D74E2202_1628675131 Label:SM_Cube14 SpatiallyLoaded:1 Bounds:IsValid=true, Min=(X=-0.000 Y=-4850.000 Z=0.000), Max=(X=3650.000 Y=-4750.000 Z=1275.000) RuntimeGrid:None EditorOnly:0 RuntimeOnly:0 HLODRelevant:1 FolderPath:Playground FolderGuid:2A921B52439E7531AE5401AF45FD0EC0
 |   |   |- [+] [ 10]
 |   |   |   |- Guid:92E14F2146C5DD3826D3C28E83EC6A97 BaseClass: NativeClass:/Script/Engine.StaticMeshActor Name:StaticMeshActor_UAID_7085C2CB42D7E71D02_1587153777 Label:Wall_400x201 SpatiallyLoaded:1 Bounds:IsValid=true, Min=(X=2480.000 Y=730.000 Z=0.000), Max=(X=2500.000 Y=2130.000 Z=350.000) RuntimeGrid:None EditorOnly:0 RuntimeOnly:0 HLODRelevant:1
 |   |   |- [+] [ 11]
 |   |   |   |- Guid:0B7AB5124E41FD563495D29700C525CF BaseClass:/Game/Objects/BP_Wire.BP_Wire_C NativeClass:/Script/Engine.Actor Name:BP_Wire_C_UAID_7085C2CB42D7E91D02_1703916150 Label:BP_Wire2 SpatiallyLoaded:1 Bounds:IsValid=true, Min=(X=0.000 Y=0.000 Z=0.000), Max=(X=0.000 Y=0.000 Z=0.000) RuntimeGrid:None EditorOnly:0 RuntimeOnly:0 HLODRelevant:0
 |   |   |- [+] [ 12]
 |   |   |   |- Guid:29CF4B3F4FF2C2EFA5A6C9BA7E7E4E44 BaseClass: NativeClass:/Script/Engine.StaticMeshActor Name:StaticMeshActor_UAID_7085C2CB42D7E81D02_1290014956 Label:Wall_Door_400x300 SpatiallyLoaded:1 Bounds:IsValid=true, Min=(X=1190.000 Y=1610.000 Z=0.000), Max=(X=1210.000 Y=2110.000 Z=353.250) RuntimeGrid:None EditorOnly:0 RuntimeOnly:0 HLODRelevant:1
 |   |   |- [+] [ 13]
 |   |   |   |- Guid:AB2F115D416B0B6D97EAB0A313E536EA BaseClass: NativeClass:/Script/Engine.StaticMeshActor Name:StaticMeshActor_UAID_7085C2CB42D7E91D02_1140661139 Label:Wall_400x302 SpatiallyLoaded:1 Bounds:IsValid=true, Min=(X=2340.000 Y=2830.000 Z=0.000), Max=(X=2360.000 Y=4130.000 Z=300.000) RuntimeGrid:None EditorOnly:0 RuntimeOnly:0 HLODRelevant:1
 |   |   |- [+] [ 14]
 |   |   |   |- Guid:73B5751B432F441DDCE2F385B9ABDFEF BaseClass: NativeClass:/Script/Engine.StaticMeshActor Name:StaticMeshActor_UAID_7085C2CB42D7D91E02_1970967378 Label:SM_Cube9 SpatiallyLoaded:1 Bounds:IsValid=true, Min=(X=3540.000 Y=1500.000 Z=650.000), Max=(X=3640.000 Y=3500.000 Z=1275.000) RuntimeGrid:None EditorOnly:0 RuntimeOnly:0 HLODRelevant:1 FolderPath:Playground FolderGuid:2A921B52439E7531AE5401AF45FD0EC0
 |   |   |- [+] [ 15]
 |   |   |   |- Guid:330EE27E41469DC0BFCDE5BCF7E8E759 BaseClass: NativeClass:/Script/Engine.ExponentialHeightFog Name:ExponentialHeightFog_UAID_7085C2CB42D7D71B02_1430806871 Label:ExponentialHeightFog SpatiallyLoaded:0 Bounds:IsValid=true, Min=(X=-5600.000 Y=-50.000 Z=-6850.000), Max=(X=-5600.000 Y=-50.000 Z=-6850.000) RuntimeGrid:None EditorOnly:0 RuntimeOnly:0 HLODRelevant:0 FolderPath:Lighting FolderGuid:5635185844B0E190F74950934FE67D09
 |   |   |- [+] [ 16]
 |   |   |   |- Guid:E9183DBE4136EE7C36633F8F15D5BAB4 BaseClass: NativeClass:/Script/Engine.SkyLight Name:SkyLight_UAID_7085C2CB42D7D71B02_1430804869 Label:SkyLight SpatiallyLoaded:0 Bounds:IsValid=true, Min=(X=0.000 Y=0.000 Z=690.000), Max=(X=0.000 Y=0.000 Z=690.000) RuntimeGrid:None EditorOnly:0 RuntimeOnly:0 HLODRelevant:0 FolderPath:Lighting FolderGuid:5635185844B0E190F74950934FE67D09
 |   |   |- [+] [ 17]
 |   |   |   |- Guid:8A1BB58D49304B0E7406159508373344 BaseClass: NativeClass:/Script/Engine.StaticMeshActor Name:StaticMeshActor_UAID_7085C2CB42D7D71B02_1430796863 Label:SM_SkySphere SpatiallyLoaded:0 Bounds:IsValid=true, Min=(X=-1638400.000 Y=-1638400.000 Z=-1638400.000), Max=(X=1638400.000 Y=1638400.000 Z=1638400.000) RuntimeGrid:None EditorOnly:0 RuntimeOnly:0 HLODRelevant:1 FolderPath:Lighting FolderGuid:5635185844B0E190F74950934FE67D09
 |   |   |- [+] [ 18]
 |   |   |   |- Guid:7D6556CF48C9E0945761329E1B851543 BaseClass: NativeClass:/Script/Engine.PlayerStart Name:PlayerStart_UAID_7085C2CB42D7D71B02_1430802868 Label:PlayerStart SpatiallyLoaded:0 Bounds:IsValid=true, Min=(X=1890.000 Y=-540.000 Z=3.000), Max=(X=1970.000 Y=-460.000 Z=187.000) RuntimeGrid:None EditorOnly:0 RuntimeOnly:0 HLODRelevant:0
 |   |   |- [+] [ 19]
 |   |   |   |- Guid:CAB69A45474ABB507123A984E056CB64 BaseClass: NativeClass:/Script/Engine.PointLight Name:PointLight_UAID_7085C2CB42D7D91E02_1183449373 Label:PointLight3 SpatiallyLoaded:1 Bounds:IsValid=true, Min=(X=1590.000 Y=1350.000 Z=-460.000), Max=(X=3590.000 Y=3350.000 Z=1540.000) RuntimeGrid:None EditorOnly:0 RuntimeOnly:0 HLODRelevant:0
 |   |   |- [+] [ 20]
 |   |   |   |- Guid:24D87D4547FF2C7F5FC228BA2D34D96F BaseClass: NativeClass:/Script/Engine.StaticMeshActor Name:StaticMeshActor_UAID_7085C2CB42D7DA1E02_1430091556 Label:SM_tempDoor SpatiallyLoaded:1 Bounds:IsValid=true, Min=(X=3540.000 Y=2030.000 Z=0.000), Max=(X=3640.000 Y=2705.000 Z=700.000) RuntimeGrid:None EditorOnly:0 RuntimeOnly:0 HLODRelevant:1 FolderPath:Playground FolderGuid:2A921B52439E7531AE5401AF45FD0EC0
 |   |   |- [+] [ 21]
 |   |   |   |- Guid:B155EEBA4BD2F11BF7F239823F6F83BB BaseClass: NativeClass:/Script/Engine.StaticMeshActor Name:StaticMeshActor_UAID_7085C2CB42D7E81D02_2086841961 Label:Wall_400x300 SpatiallyLoaded:1 Bounds:IsValid=true, Min=(X=1260.000 Y=2830.000 Z=0.000), Max=(X=2360.000 Y=2850.000 Z=300.000) RuntimeGrid:None EditorOnly:0 RuntimeOnly:0 HLODRelevant:1
 |   |   |- [+] [ 22]
 |   |   |   |- Guid:EA82E13042DCFE1DBD4116B9942E4EE7 BaseClass: NativeClass:/Script/Engine.PointLight Name:PointLight_UAID_7085C2CB42D7D91E02_1178756372 Label:PointLight2 SpatiallyLoaded:1 Bounds:IsValid=true, Min=(X=780.000 Y=2400.000 Z=-520.000), Max=(X=2780.000 Y=4400.000 Z=1480.000) RuntimeGrid:None EditorOnly:0 RuntimeOnly:0 HLODRelevant:0
 |   |   |- [+] [ 23]
 |   |   |   |- Guid:3A0C3C6B455BFF9D58B3AE8F79958EAC BaseClass: NativeClass:/Script/Engine.PostProcessVolume Name:PostProcessVolume_UAID_7085C2CB42D7D71B02_1430811875 Label:PostProcessVolume SpatiallyLoaded:0 Bounds:IsValid=true, Min=(X=0.000 Y=0.000 Z=400.000), Max=(X=200.000 Y=200.000 Z=600.000) RuntimeGrid:None EditorOnly:0 RuntimeOnly:0 HLODRelevant:0 FolderPath:Lighting FolderGuid:5635185844B0E190F74950934FE67D09
 |   |   |- [+] [ 24]
 |   |   |   |- Guid:6573C9A14B4E6673CD8B699907F420BB BaseClass:/Game/Objects/BP_Wire.BP_Wire_C NativeClass:/Script/Engine.Actor Name:BP_Wire_C_UAID_7085C2CB42D7EA1D02_1137161303 Label:BP_Wire6 SpatiallyLoaded:1 Bounds:IsValid=true, Min=(X=0.000 Y=0.000 Z=0.000), Max=(X=0.000 Y=0.000 Z=0.000) RuntimeGrid:None EditorOnly:0 RuntimeOnly:0 HLODRelevant:0
 |   |   |- [+] [ 25]
 |   |   |   |- Guid:D03959A54DFB406E52A9DA8F55BA1D1E BaseClass:/Game/Objects/BP_BigBall.BP_BigBall_C NativeClass:/Script/Engine.Actor Name:BP_BigBall_C_UAID_7085C2CB42D7E91D02_1845246154 Label:BP_BigBall2 SpatiallyLoaded:1 Bounds:IsValid=true, Min=(X=1480.000 Y=3090.000 Z=140.000), Max=(X=1680.000 Y=3290.000 Z=340.000) RuntimeGrid:None EditorOnly:0 RuntimeOnly:0 HLODRelevant:0
 |   |   |- [+] [ 26]
 |   |   |   |- Guid:37F02FBC403CF3EC3A191DA8EB56D3F8 BaseClass:/Game/Objects/SpinningLight1.SpinningLight1_C NativeClass:/Script/Engine.Actor Name:SpinningLight1_C_UAID_7085C2CB42D7AF2602_1892563432 Label:SpinningLight1 SpatiallyLoaded:1 Bounds:IsValid=true, Min=(X=2005.500 Y=-2127.533 Z=-705.161), Max=(X=3660.567 Y=-472.467 Z=949.906) RuntimeGrid:None EditorOnly:0 RuntimeOnly:0 HLODRelevant:0
 |   |   |- [+] [ 27]
 |   |   |   |- Guid:7108DD4F42DE5CCD85BE1BA01060F1E0 BaseClass:/Game/Objects/SpinningLight1.SpinningLight1_C NativeClass:/Script/Engine.Actor Name:SpinningLight1_C_UAID_7085C2CB42D7AF2602_1918076433 Label:SpinningLight2 SpatiallyLoaded:1 Bounds:IsValid=true, Min=(X=555.500 Y=-3177.533 Z=-705.161), Max=(X=2210.567 Y=-1522.467 Z=949.906) RuntimeGrid:None EditorOnly:0 RuntimeOnly:0 HLODRelevant:0
 |   |   |- [+] [ 28]
 |   |   |   |- Guid:F6E4C98145CCA307CBD3659CB4F0F1A4 BaseClass:/Game/Objects/SpinningLight1.SpinningLight1_C NativeClass:/Script/Engine.Actor Name:SpinningLight1_C_UAID_7085C2CB42D7AF2602_1923944434 Label:SpinningLight3 SpatiallyLoaded:1 Bounds:IsValid=true, Min=(X=455.500 Y=-4277.533 Z=-705.161), Max=(X=2110.567 Y=-2622.467 Z=949.906) RuntimeGrid:None EditorOnly:0 RuntimeOnly:0 HLODRelevant:0
 |   |   |- [+] [ 29]
 |   |   |   |- Guid:6B1832094BE322D238F6948132F631AA BaseClass: NativeClass:/Script/Engine.PointLight Name:PointLight_UAID_7085C2CB42D7D91E02_1118669370 Label:PointLight SpatiallyLoaded:1 Bounds:IsValid=true, Min=(X=780.000 Y=410.000 Z=-520.000), Max=(X=2780.000 Y=2410.000 Z=1480.000) RuntimeGrid:None EditorOnly:0 RuntimeOnly:0 HLODRelevant:0
 |   |   |- [+] [ 30]
 |   |   |   |- Guid:CC4ABC38488F42AE42E058890E915C5B BaseClass: NativeClass:/Script/Engine.StaticMeshActor Name:StaticMeshActor_UAID_7085C2CB42D7D71B02_1430812876 Label:SM_Cube6 SpatiallyLoaded:1 Bounds:IsValid=true, Min=(X=3540.000 Y=100.000 Z=0.000), Max=(X=3640.000 Y=2100.000 Z=1275.000) RuntimeGrid:None EditorOnly:0 RuntimeOnly:0 HLODRelevant:1 FolderPath:Playground FolderGuid:2A921B52439E7531AE5401AF45FD0EC0
 |   |   |- [+] [ 31]
 |   |   |   |- Guid:FC0C05624F66AB41BDD371A5A77266D5 BaseClass: NativeClass:/Script/Engine.StaticMeshActor Name:StaticMeshActor_UAID_7085C2CB42D74E2202_1468903128 Label:SM_Cube11 SpatiallyLoaded:1 Bounds:IsValid=true, Min=(X=3550.000 Y=-4750.000 Z=0.000), Max=(X=3650.000 Y=0.000 Z=1275.000) RuntimeGrid:None EditorOnly:0 RuntimeOnly:0 HLODRelevant:1 FolderPath:Playground FolderGuid:2A921B52439E7531AE5401AF45FD0EC0
 |   |   |- [+] [ 32]
 |   |   |   |- Guid:C7A4D39140BFA5DE76263EAC7CA0A699 BaseClass: NativeClass:/Script/Engine.RectLight Name:RectLight_UAID_7085C2CB42D7D91E02_1278735375 Label:RectLight SpatiallyLoaded:1 Bounds:IsValid=true, Min=(X=-3538.803 Y=-858.803 Z=-2528.803), Max=(X=2838.803 Y=5518.803 Z=3848.803) RuntimeGrid:None EditorOnly:0 RuntimeOnly:0 HLODRelevant:0
 |   |   |- [+] [ 33]
 |   |   |   |- Guid:60411E504A1B21BE15AF5D8EAE0E3A4D BaseClass:/Game/Objects/BP_Wire.BP_Wire_C NativeClass:/Script/Engine.Actor Name:BP_Wire_C_UAID_7085C2CB42D7E91D02_1742243151 Label:BP_Wire3 SpatiallyLoaded:1 Bounds:IsValid=true, Min=(X=0.000 Y=0.000 Z=0.000), Max=(X=0.000 Y=0.000 Z=0.000) RuntimeGrid:None EditorOnly:0 RuntimeOnly:0 HLODRelevant:0
 |   |   |- [+] [ 34]
 |   |   |   |- Guid:3616EB3C47C465EB162A2690EC38688B BaseClass:/Game/Objects/BP_Wire.BP_Wire_C NativeClass:/Script/Engine.Actor Name:BP_Wire_C_UAID_7085C2CB42D7E91D02_1591879149 Label:BP_Wire SpatiallyLoaded:1 Bounds:IsValid=true, Min=(X=0.000 Y=0.000 Z=0.000), Max=(X=0.000 Y=0.000 Z=0.000) RuntimeGrid:None EditorOnly:0 RuntimeOnly:0 HLODRelevant:0
 |   |   |- [+] [ 35]
 |   |   |   |- Guid:C3F9C283437339330A069F85601E7568 BaseClass: NativeClass:/Script/Engine.StaticMeshActor Name:StaticMeshActor_UAID_7085C2CB42D7D71B02_1430805870 Label:SM_Cube SpatiallyLoaded:1 Bounds:IsValid=true, Min=(X=0.000 Y=0.000 Z=-50.000), Max=(X=3650.000 Y=4750.000 Z=0.000) RuntimeGrid:None EditorOnly:0 RuntimeOnly:0 HLODRelevant:1 FolderPath:Playground FolderGuid:2A921B52439E7531AE5401AF45FD0EC0
 |   |   |- [+] [ 36]
 |   |   |   |- Guid:746E3DF04BAFAB147FBFCBB2BC9F20EE BaseClass: NativeClass:/Script/Engine.StaticMeshActor Name:StaticMeshActor_UAID_7085C2CB42D7E91D02_1231137140 Label:Wall_400x204 SpatiallyLoaded:1 Bounds:IsValid=true, Min=(X=1190.000 Y=730.000 Z=0.000), Max=(X=1210.000 Y=1630.000 Z=350.000) RuntimeGrid:None EditorOnly:0 RuntimeOnly:0 HLODRelevant:1
 |   |   |- [+] [ 37]
 |   |   |   |- Guid:E0F435BF4AC0473C37C767A789E90CF4 BaseClass:/Game/Objects/BP_BigBall.BP_BigBall_C NativeClass:/Script/Engine.Actor Name:BP_BigBall_C_UAID_7085C2CB42D7E71D02_2067485778 Label:BP_BigBall SpatiallyLoaded:1 Bounds:IsValid=true, Min=(X=1480.000 Y=1520.000 Z=140.000), Max=(X=1680.000 Y=1720.000 Z=340.000) RuntimeGrid:None EditorOnly:0 RuntimeOnly:0 HLODRelevant:0
 |   |   |- [+] [ 38]
 |   |   |   |- Guid:56AC30DA4FD2DC57FB176EAFD832C77B BaseClass:/Game/Objects/SpinningLight1.SpinningLight1_C NativeClass:/Script/Engine.Actor Name:SpinningLight1_C_UAID_7085C2CB42D7AF2602_1938163438 Label:SpinningLight7 SpatiallyLoaded:1 Bounds:IsValid=true, Min=(X=1905.500 Y=-3077.533 Z=-705.161), Max=(X=3560.567 Y=-1422.467 Z=949.906) RuntimeGrid:None EditorOnly:0 RuntimeOnly:0 HLODRelevant:0
 |   |   |- [+] [ 39]
 |   |   |   |- Guid:B5B98517413DE811685A29B9A66C6F26 BaseClass: NativeClass:/Script/Engine.StaticMeshActor Name:StaticMeshActor_UAID_7085C2CB42D7DB1E02_1099407733 Label:SM_Cube7 SpatiallyLoaded:1 Bounds:IsValid=true, Min=(X=3540.000 Y=2710.000 Z=0.000), Max=(X=3640.000 Y=4710.000 Z=1275.000) RuntimeGrid:None EditorOnly:0 RuntimeOnly:0 HLODRelevant:1 FolderPath:Playground FolderGuid:2A921B52439E7531AE5401AF45FD0EC0
 |   |   |- [+] [ 40]
 |   |   |   |- Guid:AA6621974EE5DFE7FA46D48C69EB6DE4 BaseClass:/Game/Objects/SpinningLight.SpinningLight_C NativeClass:/Script/Engine.Actor Name:SpinningLight_C_UAID_7085C2CB42D7AF2602_1765548427 Label:SpinningLight SpatiallyLoaded:1 Bounds:IsValid=true, Min=(X=405.500 Y=-2127.533 Z=-705.161), Max=(X=2060.567 Y=-472.467 Z=949.906) RuntimeGrid:None EditorOnly:0 RuntimeOnly:0 HLODRelevant:0
 |   |   |- [+] [ 41]
 |   |   |   |- Guid:9ECE907E45B906B94808539AA1B63A6A BaseClass: NativeClass:/Script/Engine.StaticMeshActor Name:StaticMeshActor_UAID_7085C2CB42D7D71B02_1430818881 Label:SM_ChamferCube2 SpatiallyLoaded:1 Bounds:IsValid=true, Min=(X=672.077 Y=2782.077 Z=0.013), Max=(X=787.923 Y=2897.923 Z=100.013) RuntimeGrid:None EditorOnly:0 RuntimeOnly:0 HLODRelevant:0
 |   |   |- [+] [ 42]
 |   |   |   |- Guid:C9489537425A349823C698929E769B22 BaseClass:/Game/Objects/SpinningLight.SpinningLight_C NativeClass:/Script/Engine.Actor Name:SpinningLight_C_UAID_7085C2CB42D7AF2602_1930695436 Label:SpinningLight5 SpatiallyLoaded:1 Bounds:IsValid=true, Min=(X=1905.500 Y=-4127.533 Z=-705.161), Max=(X=3560.567 Y=-2472.467 Z=949.906) RuntimeGrid:None EditorOnly:0 RuntimeOnly:0 HLODRelevant:0
 |   |   |- [+] [ 43]
 |   |   |   |- Guid:F8D40DDB4BAB99C875A7A2A11841E027 BaseClass: NativeClass:/Script/Engine.StaticMeshActor Name:StaticMeshActor_UAID_7085C2CB42D7E81D02_1230851955 Label:Wall_400x202 SpatiallyLoaded:1 Bounds:IsValid=true, Min=(X=1190.000 Y=2110.000 Z=0.000), Max=(X=2490.000 Y=2130.000 Z=350.000) RuntimeGrid:None EditorOnly:0 RuntimeOnly:0 HLODRelevant:1
 |   |   |- [+] [ 44]
 |   |   |   |- Guid:98BC552642CC349CDFF057A6DF97D9D0 BaseClass: NativeClass:/Script/Engine.StaticMeshActor Name:StaticMeshActor_UAID_7085C2CB42D7E81D02_1496240957 Label:Wall_400x203 SpatiallyLoaded:1 Bounds:IsValid=true, Min=(X=1190.000 Y=750.000 Z=0.000), Max=(X=2490.000 Y=770.000 Z=350.000) RuntimeGrid:None EditorOnly:0 RuntimeOnly:0 HLODRelevant:1
 |   |   |- [+] [ 45]
 |   |   |   |- Guid:BFC458D44323E8E92E741E9D99B4B1B7 BaseClass: NativeClass:/Script/Engine.StaticMeshActor Name:StaticMeshActor_UAID_7085C2CB42D7D71B02_1430809873 Label:SM_Cube2 SpatiallyLoaded:1 Bounds:IsValid=true, Min=(X=0.000 Y=0.000 Z=0.000), Max=(X=1175.000 Y=100.000 Z=1275.000) RuntimeGrid:None EditorOnly:0 RuntimeOnly:0 HLODRelevant:1 FolderPath:Playground FolderGuid:2A921B52439E7531AE5401AF45FD0EC0
 |   |   |- [+] [ 46]
 |   |   |   |- Guid:288F7ABA425DA00DAFD8A6A1040D4130 BaseClass:/Game/Objects/SpinningLight.SpinningLight_C NativeClass:/Script/Engine.Actor Name:SpinningLight_C_UAID_7085C2CB42D7AF2602_1928395435 Label:SpinningLight4 SpatiallyLoaded:1 Bounds:IsValid=true, Min=(X=1155.500 Y=-2627.533 Z=-705.161), Max=(X=2810.567 Y=-972.467 Z=949.906) RuntimeGrid:None EditorOnly:0 RuntimeOnly:0 HLODRelevant:0
 |   |   |- [+] [ 47]
 |   |   |   |- Guid:54820E5D4F80AC077B56018F4665CD68 BaseClass:/Game/Objects/BP_Plate.BP_Plate_C NativeClass:/Script/Engine.Actor Name:BP_Plate_C_UAID_7085C2CB42D7E81D02_1929704959 Label:BP_Plate SpatiallyLoaded:1 Bounds:IsValid=true, Min=(X=1739.524 Y=239.922 Z=-12.500), Max=(X=2990.078 Y=1419.603 Z=100.000) RuntimeGrid:None EditorOnly:0 RuntimeOnly:0 HLODRelevant:0
 |   |   |- [+] [ 48]
 |   |   |   |- Guid:B46BDCB34F55CF687CA9E0A194407D6F BaseClass: NativeClass:/Script/Engine.StaticMeshActor Name:StaticMeshActor_UAID_7085C2CB42D7D71B02_1430801867 Label:SM_ChamferCube3 SpatiallyLoaded:1 Bounds:IsValid=true, Min=(X=481.699 Y=2271.699 Z=0.013), Max=(X=618.301 Y=2408.301 Z=100.013) RuntimeGrid:None EditorOnly:0 RuntimeOnly:0 HLODRelevant:0
 |   |   |- [+] [ 49]
 |   |   |   |- Guid:245DE648469D2A7A2D46A4A26392BA7C BaseClass: NativeClass:/Script/Engine.StaticMeshActor Name:StaticMeshActor_UAID_7085C2CB42D7E91D02_1377397142 Label:Wall_400x304 SpatiallyLoaded:1 Bounds:IsValid=true, Min=(X=1190.000 Y=2090.000 Z=0.000), Max=(X=2490.000 Y=2110.000 Z=300.000) RuntimeGrid:None EditorOnly:0 RuntimeOnly:0 HLODRelevant:1
 |   |   |- [+] [ 50]
 |   |   |   |- Guid:370C66C0486DA3F8988832A49C3C0CB6 BaseClass: NativeClass:/Script/Engine.StaticMeshActor Name:StaticMeshActor_UAID_7085C2CB42D7E91D02_1389460143 Label:Wall_Door_400x301 SpatiallyLoaded:1 Bounds:IsValid=true, Min=(X=1260.000 Y=2850.000 Z=0.000), Max=(X=1280.000 Y=3350.000 Z=353.250) RuntimeGrid:None EditorOnly:0 RuntimeOnly:0 HLODRelevant:1
 |   |   |- [+] [ 51]
 |   |   |   |- Guid:5892FC8C40850DE309B35D900BC0536B BaseClass:/Game/Objects/BP_Wire.BP_Wire_C NativeClass:/Script/Engine.Actor Name:BP_Wire_C_UAID_7085C2CB42D7E91D02_1762758152 Label:BP_Wire4 SpatiallyLoaded:1 Bounds:IsValid=true, Min=(X=0.000 Y=0.000 Z=0.000), Max=(X=0.000 Y=0.000 Z=0.000) RuntimeGrid:None EditorOnly:0 RuntimeOnly:0 HLODRelevant:0
 |   |   |- [+] [ 52]
 |   |   |   |- Guid:955E76764F6306612651F8A5BA8E6048 BaseClass: NativeClass:/Script/Engine.StaticMeshActor Name:StaticMeshActor_UAID_7085C2CB42D7E91D02_1412872144 Label:Wall_400x305 SpatiallyLoaded:1 Bounds:IsValid=true, Min=(X=1270.000 Y=3330.000 Z=0.000), Max=(X=1290.000 Y=4130.000 Z=300.000) RuntimeGrid:None EditorOnly:0 RuntimeOnly:0 HLODRelevant:1
 |   |   |- [+] [ 53]
 |   |   |   |- Guid:43EA9A304325398EF6288495D8F7040A BaseClass: NativeClass:/Script/Engine.TextRenderActor Name:TextRenderActor_UAID_7085C2CB42D7D71B02_1430810874 Label:TextRenderActor SpatiallyLoaded:1 Bounds:IsValid=true, Min=(X=-0.100 Y=230.000 Z=10.013), Max=(X=-0.100 Y=3945.384 Z=1210.013) RuntimeGrid:None EditorOnly:0 RuntimeOnly:0 HLODRelevant:0
 |   |   |- [+] [ 54]
 |   |   |   |- Guid:59F3168A4A9F00B1F5F21DBDDCA447FD BaseClass: NativeClass:/Script/Engine.WorldDataLayers Name:WorldDataLayers Label:WorldDataLayers SpatiallyLoaded:0 Bounds:IsValid=true, Min=(X=0.000 Y=0.000 Z=0.000), Max=(X=0.000 Y=0.000 Z=0.000) RuntimeGrid:None EditorOnly:0 RuntimeOnly:0 HLODRelevant:0
 |   |   |- [+] [ 55]
 |   |   |   |- Guid:8ECA520C40BECB66465D80A12E2F03BF BaseClass: NativeClass:/Script/Engine.StaticMeshActor Name:StaticMeshActor_UAID_7085C2CB42D7E91D02_1131856138 Label:Wall_400x301 SpatiallyLoaded:1 Bounds:IsValid=true, Min=(X=1260.000 Y=4130.000 Z=0.000), Max=(X=2360.000 Y=4150.000 Z=300.000) RuntimeGrid:None EditorOnly:0 RuntimeOnly:0 HLODRelevant:1
 |   |   |- [+] [ 56]
 |   |   |   |- Guid:A6B963D34E94CFFE45CC9D932A5AD1A3 BaseClass: NativeClass:/Script/Engine.StaticMeshActor Name:StaticMeshActor_UAID_7085C2CB42D7D91E02_1951756376 Label:SM_Cube7 SpatiallyLoaded:1 Bounds:IsValid=true, Min=(X=3540.000 Y=2700.000 Z=0.000), Max=(X=3640.000 Y=4700.000 Z=1275.000) RuntimeGrid:None EditorOnly:0 RuntimeOnly:0 HLODRelevant:1 FolderPath:Playground FolderGuid:2A921B52439E7531AE5401AF45FD0EC0
 |   |   |- [+] [ 57]
 |   |   |   |- Guid:8FC1B2114428D36E2CCF19A3702DFD57 BaseClass:/Game/LevelControllers/Test_DemoLogic.Test_DemoLogic_C NativeClass:/Script/Engine.Actor Name:Test_DemoLogic_C_UAID_7085C2CB42D7EA1D02_1794731304 Label:Test_DemoLogic SpatiallyLoaded:1 Bounds:IsValid=true, Min=(X=-230.000 Y=2610.000 Z=-400.000), Max=(X=-130.000 Y=2710.000 Z=-300.000) RuntimeGrid:None EditorOnly:0 RuntimeOnly:0 HLODRelevant:0
 |   |   |- [+] [ 58]
 |   |   |   |- Guid:86147C53488DD423322750B40E3BEF4A BaseClass:/Game/Objects/BP_Wire.BP_Wire_C NativeClass:/Script/Engine.Actor Name:BP_Wire_C_UAID_7085C2CB42D7E91D02_1803175153 Label:BP_Wire5 SpatiallyLoaded:1 Bounds:IsValid=true, Min=(X=0.000 Y=0.000 Z=0.000), Max=(X=0.000 Y=0.000 Z=0.000) RuntimeGrid:None EditorOnly:0 RuntimeOnly:0 HLODRelevant:0
 |   |   |- [+] [ 59]
 |   |   |   |- Guid:388EE23540A4D76AAEEDE09D7385BED6 BaseClass: NativeClass:/Script/Engine.StaticMeshActor Name:StaticMeshActor_UAID_7085C2CB42D74E2202_1535908130 Label:SM_Cube13 SpatiallyLoaded:1 Bounds:IsValid=true, Min=(X=0.000 Y=-4750.000 Z=-50.000), Max=(X=3650.000 Y=0.000 Z=0.000) RuntimeGrid:None EditorOnly:0 RuntimeOnly:0 HLODRelevant:1 FolderPath:Playground FolderGuid:2A921B52439E7531AE5401AF45FD0EC0
 |   |   |- [+] [ 60]
 |   |   |   |- Guid:C8AF9BB2485A2E1DD3A324B39A45DD43 BaseClass: NativeClass:/Script/Engine.StaticMeshActor Name:StaticMeshActor_UAID_7085C2CB42D7D91E02_1097446369 Label:SM_Cube4 SpatiallyLoaded:1 Bounds:IsValid=true, Min=(X=0.000 Y=0.000 Z=1240.000), Max=(X=3650.000 Y=4750.000 Z=1290.000) RuntimeGrid:None EditorOnly:0 RuntimeOnly:0 HLODRelevant:1 FolderPath:Playground FolderGuid:2A921B52439E7531AE5401AF45FD0EC0
 |   |   |- [+] [ 61]
 |   |   |   |- Guid:425C59CF4E0F3C37228DA3A0138DCCDD BaseClass:/Game/Objects/BP_Plate.BP_Plate_C NativeClass:/Script/Engine.Actor Name:BP_Plate_C_UAID_7085C2CB42D7E81D02_1964189960 Label:BP_Plate2 SpatiallyLoaded:1 Bounds:IsValid=true, Min=(X=1689.524 Y=1390.397 Z=-12.500), Max=(X=2940.078 Y=2570.078 Z=100.000) RuntimeGrid:None EditorOnly:0 RuntimeOnly:0 HLODRelevant:0
 |   |   |- [+] [ 62]
 |   |   |   |- Guid:85C32F884A1DADEB5265D4B246C975A9 BaseClass: NativeClass:/Script/Engine.StaticMeshActor Name:StaticMeshActor_UAID_7085C2CB42D7D71B02_1430807872 Label:SM_Cube5 SpatiallyLoaded:1 Bounds:IsValid=true, Min=(X=-0.000 Y=100.000 Z=0.000), Max=(X=100.000 Y=4675.000 Z=1275.000) RuntimeGrid:None EditorOnly:0 RuntimeOnly:0 HLODRelevant:1 FolderPath:Playground FolderGuid:2A921B52439E7531AE5401AF45FD0EC0
 |   |   |- [+] [ 63]
 |   |   |   |- Guid:2E5C527A49ACCEB33510989729E78A60 BaseClass:/Game/Objects/SpinningLight.SpinningLight_C NativeClass:/Script/Engine.Actor Name:SpinningLight_C_UAID_7085C2CB42D7AF2602_1933952437 Label:SpinningLight6 SpatiallyLoaded:1 Bounds:IsValid=true, Min=(X=1155.500 Y=-3727.533 Z=-705.161), Max=(X=2810.567 Y=-2072.467 Z=949.906) RuntimeGrid:None EditorOnly:0 RuntimeOnly:0 HLODRelevant:0
 |   |   |- [+] [ 64]
 |   |   |   |- Guid:B28A97F64AE3C57AE0B4A990D23DA5EF BaseClass: NativeClass:/Script/Engine.StaticMeshActor Name:StaticMeshActor_UAID_7085C2CB42D7B52602_1911781479 Label:Cylinder SpatiallyLoaded:1 Bounds:IsValid=true, Min=(X=1825.000 Y=-2325.000 Z=0.000), Max=(X=2075.000 Y=-2075.000 Z=100.000) RuntimeGrid:None EditorOnly:0 RuntimeOnly:0 HLODRelevant:1
 |   |   |- [+] [ 65]
 |   |   |   |- Guid:EEFCDEF84C3B690D6E49228FBB7216BA BaseClass: NativeClass:/Script/Engine.StaticMeshActor Name:StaticMeshActor_UAID_7085C2CB42D7B52602_1972026480 Label:Cylinder2 SpatiallyLoaded:1 Bounds:IsValid=true, Min=(X=1425.000 Y=-2025.000 Z=0.000), Max=(X=1675.000 Y=-1775.000 Z=200.000) RuntimeGrid:None EditorOnly:0 RuntimeOnly:0 HLODRelevant:1
 |   |   |- [+] [ 66]
 |   |   |   |- Guid:870D7625423639F219B6F4834118EF70 BaseClass: NativeClass:/Script/Engine.StaticMeshActor Name:StaticMeshActor_UAID_7085C2CB42D7B52602_2007222481 Label:Cylinder3 SpatiallyLoaded:1 Bounds:IsValid=true, Min=(X=1325.000 Y=-2575.000 Z=0.000), Max=(X=1575.000 Y=-2325.000 Z=300.000) RuntimeGrid:None EditorOnly:0 RuntimeOnly:0 HLODRelevant:1
 |   |   |- [+] [ 67]
 |   |   |   |- Guid:7B4892804046D7C71D7061B1F4BC6490 BaseClass: NativeClass:/Script/Engine.StaticMeshActor Name:StaticMeshActor_UAID_7085C2CB42D7B62602_1102672658 Label:Cylinder4 SpatiallyLoaded:1 Bounds:IsValid=true, Min=(X=1025.000 Y=-2225.000 Z=0.000), Max=(X=1275.000 Y=-1975.000 Z=400.000) RuntimeGrid:None EditorOnly:0 RuntimeOnly:0 HLODRelevant:1
 |   |   |- [+] [ 68]
 |   |   |   |- Guid:B7B7C2A2480375FD4237DDA4A95ABCC8 BaseClass: NativeClass:/Script/Engine.StaticMeshActor Name:StaticMeshActor_UAID_7085C2CB42D7B62602_1122907659 Label:Cylinder5 SpatiallyLoaded:1 Bounds:IsValid=true, Min=(X=975.000 Y=-1775.000 Z=0.000), Max=(X=1225.000 Y=-1525.000 Z=400.000) RuntimeGrid:None EditorOnly:0 RuntimeOnly:0 HLODRelevant:1
 |   |   |- [+] [ 69]
 |   |   |   |- Guid:A6CABF0D4CE809C8C8600BBA4713A6D0 BaseClass: NativeClass:/Script/Engine.StaticMeshActor Name:StaticMeshActor_UAID_7085C2CB42D7B62602_1129496660 Label:Cylinder6 SpatiallyLoaded:1 Bounds:IsValid=true, Min=(X=1325.000 Y=-1475.000 Z=0.000), Max=(X=1575.000 Y=-1225.000 Z=500.000) RuntimeGrid:None EditorOnly:0 RuntimeOnly:0 HLODRelevant:1
 |   |   |- [+] [ 70]
 |   |   |   |- Guid:9FB034924CA10A81464B829CFF81F7A0 BaseClass: NativeClass:/Script/Engine.StaticMeshActor Name:StaticMeshActor_UAID_7085C2CB42D7B62602_1146729661 Label:Cylinder7 SpatiallyLoaded:1 Bounds:IsValid=true, Min=(X=1825.000 Y=-1475.000 Z=0.000), Max=(X=2075.000 Y=-1225.000 Z=400.000) RuntimeGrid:None EditorOnly:0 RuntimeOnly:0 HLODRelevant:1
 |   |   |- [+] [ 71]
 |   |   |   |- Guid:7B3A4B4B45BF0981AA1BCD8F7519028C BaseClass: NativeClass:/Script/Engine.PointLight Name:PointLight_UAID_7085C2CB42D7B62602_1189142662 Label:PointLight4 SpatiallyLoaded:1 Bounds:IsValid=true, Min=(X=-1534.315 Y=-5884.315 Z=-1234.315), Max=(X=5734.315 Y=1384.315 Z=6034.315) RuntimeGrid:None EditorOnly:0 RuntimeOnly:0 HLODRelevant:0
 |   |   |- [+] [ 72]
 |   |   |   |- Guid:FFDD9D9D427B1AB561CF7AAD9042120E BaseClass: NativeClass:/Script/Engine.StaticMeshActor Name:StaticMeshActor_UAID_7085C2CB42D7B62602_1274704663 Label:Cylinder8 SpatiallyLoaded:1 Bounds:IsValid=true, Min=(X=2175.000 Y=-1825.000 Z=0.000), Max=(X=2425.000 Y=-1575.000 Z=300.000) RuntimeGrid:None EditorOnly:0 RuntimeOnly:0 HLODRelevant:1
 |   |   |- [+] [ 73]
 |   |   |   |- Guid:CAC8EEA3426B37FEA6F6C68C291D4314 BaseClass: NativeClass:/Script/Engine.StaticMeshActor Name:StaticMeshActor_UAID_7085C2CB42D7B62602_1294901664 Label:Cylinder9 SpatiallyLoaded:1 Bounds:IsValid=true, Min=(X=2375.000 Y=-2325.000 Z=0.000), Max=(X=2625.000 Y=-2075.000 Z=300.000) RuntimeGrid:None EditorOnly:0 RuntimeOnly:0 HLODRelevant:1
 |- ContainerInstances:
 |- [+] MainContainer:
 |   |-        ID: 0x0000000000000000
 |   |-    Bounds: IsValid=false, Min=(X=0.000 Y=0.000 Z=0.000), Max=(X=0.000 Y=0.000 Z=0.000)
 |   |- Transform: 0.000000,0.000000,0.000000|0.000000,0.000000,-0.000000|1.000000,1.000000,1.000000
 |   |- Container: /Game/Levels/AND_OR_Tutorial
----------------------------------------------------------------------------------------------------------------
AND_OR_Tutorial - Persistent Level
----------------------------------------------------------------------------------------------------------------
Always loaded Actor Count: 82 

----------------------------------------------------------------------------------------------------------------
AND_OR_Tutorial - Runtime Spatial Hash - Streaming Grid - MainGrid
----------------------------------------------------------------------------------------------------------------
            Origin: X=0.000 Y=0.000 Z=0.000
         Cell Size: 12800
      World Bounds: IsValid=false, Min=(X=0.000 Y=0.000 Z=0.000), Max=(X=0.000 Y=0.000 Z=0.000)
     Loading Range: 25600.00
Block Slow Loading: No
 ClientOnlyVisible: No

[+] Grid Levels: 1
 |- Level  0: Cell Count    0 | Cell Size   12800 | Actor Count    0 (0.0%)

[+] Content of Grid Level 0

