[+] Containers:
 |- [+] Container: /Game/Levels/AndLevel
 |   |- [+] ActorDescs:
 |   |   |- Guid:01F28550446B21BABC8234A2CE5DD49E BaseClass: NativeClass:/Script/Engine.TextRenderActor Name:TextRenderActor_1 Label:TextRenderActor SpatiallyLoaded:1 Bounds:IsValid=true, Min=(X=-0.100 Y=1100.000 Z=65.013), Max=(X=-0.100 Y=2392.308 Z=215.013) RuntimeGrid:None EditorOnly:0 RuntimeOnly:0 HLODRelevant:0
 |   |   |- Guid:023D4C4142FE28AD485718AC8A6AB52F BaseClass: NativeClass:/Script/Engine.SkyAtmosphere Name:SkyAtmosphere_0 Label:SkyAtmosphere SpatiallyLoaded:0 Bounds:IsValid=true, Min=(X=0.000 Y=0.000 Z=1020.000), Max=(X=0.000 Y=0.000 Z=1020.000) RuntimeGrid:None EditorOnly:0 RuntimeOnly:0 HLODRelevant:0 FolderPath:Lighting FolderGuid:963EC3EB4002CCE9759E2EBA541A873A
 |   |   |- Guid:0506C0CB4EAFB3F831D254B0AFBFD542 BaseClass: NativeClass:/Script/Engine.VolumetricCloud Name:VolumetricCloud_0 Label:VolumetricCloud SpatiallyLoaded:0 Bounds:IsValid=true, Min=(X=0.000 Y=0.000 Z=820.000), Max=(X=0.000 Y=0.000 Z=820.000) RuntimeGrid:None EditorOnly:0 RuntimeOnly:0 HLODRelevant:0 FolderPath:Lighting FolderGuid:963EC3EB4002CCE9759E2EBA541A873A
 |   |   |- Guid:092199F945F071647B3C52A64957A7A4 BaseClass: NativeClass:/Script/Engine.StaticMeshActor Name:StaticMeshActor_UAID_F02F74190FD4F71F02_1530152705 Label:SM_Cube4 SpatiallyLoaded:1 Bounds:IsValid=true, Min=(X=1800.000 Y=10.000 Z=-50.000), Max=(X=3225.000 Y=3510.000 Z=0.000) RuntimeGrid:None EditorOnly:0 RuntimeOnly:0 HLODRelevant:1 FolderPath:Playground FolderGuid:C73F09FC4215536B1DCE2A9E0A830C70
 |   |   |- Guid:0A442E1D47DF1DF15D0CCB8D8A257973 BaseClass: NativeClass:/Script/Engine.StaticMeshActor Name:StaticMeshActor_UAID_F02F74F828823E2B02_1201899823 Label:SM_Cube22 SpatiallyLoaded:1 Bounds:IsValid=true, Min=(X=1800.000 Y=-1360.000 Z=-50.000), Max=(X=3225.000 Y=15.000 Z=0.000) RuntimeGrid:None EditorOnly:0 RuntimeOnly:0 HLODRelevant:1 FolderPath:Playground FolderGuid:C73F09FC4215536B1DCE2A9E0A830C70
 |   |   |- Guid:152699444197AA5182250FB8E5F1D8BC BaseClass: NativeClass:/Script/Engine.StaticMeshActor Name:StaticMeshActor_UAID_F02F74190FD4342002_1611473450 Label:SM_Cube17 SpatiallyLoaded:1 Bounds:IsValid=true, Min=(X=1800.000 Y=3415.000 Z=0.000), Max=(X=1900.000 Y=6940.000 Z=400.000) RuntimeGrid:None EditorOnly:0 RuntimeOnly:0 HLODRelevant:1 FolderPath:Playground FolderGuid:C73F09FC4215536B1DCE2A9E0A830C70
 |   |   |- Guid:1C9E2DA141A88B052B46F99EBB98AEAE BaseClass: NativeClass:/Script/Engine.TriggerBox Name:TriggerBox_UAID_F02F74190FD4352002_1092580629 Label:TriggerBox SpatiallyLoaded:1 Bounds:IsValid=true, Min=(X=2699.800 Y=1290.300 Z=-11.800), Max=(X=3000.200 Y=2289.700 Z=351.800) RuntimeGrid:None EditorOnly:0 RuntimeOnly:0 HLODRelevant:0
 |   |   |- Guid:1E3D833346A53B3CEA6B308258D60FFA BaseClass: NativeClass:/Script/Engine.StaticMeshActor Name:StaticMeshActor_UAID_F02F74190FD4342002_1611472449 Label:SM_Cube16 SpatiallyLoaded:1 Bounds:IsValid=true, Min=(X=2989.500 Y=3370.000 Z=0.000), Max=(X=3120.000 Y=3440.000 Z=400.000) RuntimeGrid:None EditorOnly:0 RuntimeOnly:0 HLODRelevant:1 FolderPath:Playground FolderGuid:C73F09FC4215536B1DCE2A9E0A830C70
 |   |   |- Guid:321C5733467361C24E4B6182F044E558 BaseClass: NativeClass:/Script/Engine.StaticMeshActor Name:StaticMeshActor_UAID_F02F74F828823E2B02_1378886825 Label:SM_Cube24 SpatiallyLoaded:1 Bounds:IsValid=true, Min=(X=1865.000 Y=3510.000 Z=-50.000), Max=(X=3115.000 Y=4760.000 Z=0.000) RuntimeGrid:None EditorOnly:0 RuntimeOnly:0 HLODRelevant:1 FolderPath:Playground FolderGuid:C73F09FC4215536B1DCE2A9E0A830C70
 |   |   |- Guid:3D20820F4A2C384A539AD98FD72E6A85 BaseClass: NativeClass:/Script/Engine.PlayerStart Name:PlayerStart_0 Label:PlayerStart SpatiallyLoaded:0 Bounds:IsValid=true, Min=(X=370.000 Y=1760.000 Z=0.013), Max=(X=450.000 Y=1840.000 Z=184.013) RuntimeGrid:None EditorOnly:0 RuntimeOnly:0 HLODRelevant:0
 |   |   |- Guid:3D4D00E64A1436FB4D2750BC320B5FC0 BaseClass: NativeClass:/Script/Engine.StaticMeshActor Name:StaticMeshActor_UAID_F02F74190FD4342002_1611472448 Label:SM_Cube15 SpatiallyLoaded:1 Bounds:IsValid=true, Min=(X=3120.000 Y=3415.000 Z=0.000), Max=(X=3220.000 Y=6940.000 Z=400.000) RuntimeGrid:None EditorOnly:0 RuntimeOnly:0 HLODRelevant:1 FolderPath:Playground FolderGuid:C73F09FC4215536B1DCE2A9E0A830C70
 |   |   |- Guid:45F4772940758F30FBB10F9FC8AA1ADB BaseClass: NativeClass:/Script/Engine.KillZVolume Name:KillZVolume_UAID_F02F74190FD4352002_1212292630 Label:KillZVolume SpatiallyLoaded:1 Bounds:IsValid=true, Min=(X=205.308 Y=-1499.491 Z=-580.659), Max=(X=3155.308 Y=4200.509 Z=-380.659) RuntimeGrid:None EditorOnly:0 RuntimeOnly:0 HLODRelevant:0
 |   |   |- Guid:49059F85476FF94427467E8CBEBCCB1A BaseClass: NativeClass:/Script/Engine.StaticMeshActor Name:StaticMeshActor_1 Label:SM_Cube SpatiallyLoaded:1 Bounds:IsValid=true, Min=(X=0.000 Y=0.000 Z=-50.000), Max=(X=1468.750 Y=3500.000 Z=0.000) RuntimeGrid:None EditorOnly:0 RuntimeOnly:0 HLODRelevant:1 FolderPath:Playground FolderGuid:C73F09FC4215536B1DCE2A9E0A830C70
 |   |   |- Guid:4C2D4DFB4F8C4C3E3F01BEAFB9CB7AB3 BaseClass: NativeClass:/Script/Engine.ExponentialHeightFog Name:ExponentialHeightFog_0 Label:ExponentialHeightFog SpatiallyLoaded:0 Bounds:IsValid=true, Min=(X=-5600.000 Y=-50.000 Z=-6850.000), Max=(X=-5600.000 Y=-50.000 Z=-6850.000) RuntimeGrid:None EditorOnly:0 RuntimeOnly:0 HLODRelevant:0 FolderPath:Lighting FolderGuid:963EC3EB4002CCE9759E2EBA541A873A
 |   |   |- Guid:4D8AB03B4E5A574A0FC76E8B07E706D3 BaseClass:/Game/Objects/BP_Door.BP_Door_C NativeClass:/Script/Engine.Actor Name:BP_Door_C_UAID_F02F74190FD4DC3702_1891729299 Label:BP_Door3 SpatiallyLoaded:1 Bounds:IsValid=true, Min=(X=0.000 Y=0.000 Z=0.000), Max=(X=0.000 Y=0.000 Z=0.000) RuntimeGrid:None EditorOnly:0 RuntimeOnly:0 HLODRelevant:0
 |   |   |- Guid:4E73DBE74E0488751C709C90D00BBCD6 BaseClass: NativeClass:/Script/Engine.StaticMeshActor Name:StaticMeshActor_UAID_F02F74190FD4342002_1330502444 Label:SM_Cube12 SpatiallyLoaded:1 Bounds:IsValid=true, Min=(X=1810.000 Y=-3490.000 Z=0.000), Max=(X=1910.000 Y=35.000 Z=400.000) RuntimeGrid:None EditorOnly:0 RuntimeOnly:0 HLODRelevant:1 FolderPath:Playground FolderGuid:C73F09FC4215536B1DCE2A9E0A830C70
 |   |   |- Guid:5CF43F254F36929FC2E4C49A10E66BC7 BaseClass:/Game/Objects/BP_Door.BP_Door_C NativeClass:/Script/Engine.Actor Name:BP_Door_C_UAID_F02F74190FD4DC3702_1891335298 Label:BP_Door2 SpatiallyLoaded:1 Bounds:IsValid=true, Min=(X=0.000 Y=0.000 Z=0.000), Max=(X=0.000 Y=0.000 Z=0.000) RuntimeGrid:None EditorOnly:0 RuntimeOnly:0 HLODRelevant:0
 |   |   |- Guid:6AF365114FEA816D745851A06D43CAE1 BaseClass: NativeClass:/Script/Engine.StaticMeshActor Name:StaticMeshActor_4 Label:SM_Cube6 SpatiallyLoaded:1 Bounds:IsValid=true, Min=(X=2900.000 Y=10.000 Z=0.000), Max=(X=3000.000 Y=3400.000 Z=400.000) RuntimeGrid:None EditorOnly:0 RuntimeOnly:0 HLODRelevant:1 FolderPath:Playground FolderGuid:C73F09FC4215536B1DCE2A9E0A830C70
 |   |   |- Guid:748D9BCA418BEEEEB5D90DA6FC607D6F BaseClass: NativeClass:/Script/Engine.PostProcessVolume Name:PostProcessVolume_0 Label:PostProcessVolume SpatiallyLoaded:0 Bounds:IsValid=true, Min=(X=0.000 Y=0.000 Z=400.000), Max=(X=200.000 Y=200.000 Z=600.000) RuntimeGrid:None EditorOnly:0 RuntimeOnly:0 HLODRelevant:0 FolderPath:Lighting FolderGuid:963EC3EB4002CCE9759E2EBA541A873A
 |   |   |- Guid:792721794683D7DC68BB66AAF8DE42F7 BaseClass: NativeClass:/Script/Engine.PointLight Name:PointLight_UAID_F02F74F828823D2B02_1853630641 Label:PointLight2 SpatiallyLoaded:1 Bounds:IsValid=true, Min=(X=-975.042 Y=1399.958 Z=-3225.042), Max=(X=6095.042 Y=8470.042 Z=3845.042) RuntimeGrid:None EditorOnly:0 RuntimeOnly:0 HLODRelevant:0
 |   |   |- Guid:7A4C2CCC4A3F0AA7D3C9F9BCFC77E64F BaseClass: NativeClass:/Script/Engine.StaticMeshActor Name:StaticMeshActor_0 Label:SM_Cube5 SpatiallyLoaded:1 Bounds:IsValid=true, Min=(X=-0.000 Y=100.000 Z=0.000), Max=(X=100.000 Y=3400.000 Z=400.000) RuntimeGrid:None EditorOnly:0 RuntimeOnly:0 HLODRelevant:1 FolderPath:Playground FolderGuid:C73F09FC4215536B1DCE2A9E0A830C70
 |   |   |- Guid:7AD130E246C0518B48F55599A29AD7A3 BaseClass: NativeClass:/Script/Engine.DirectionalLight Name:DirectionalLight_0 Label:DirectionalLight SpatiallyLoaded:0 Bounds:IsValid=true, Min=(X=-4398046511104.000 Y=-4398046511104.000 Z=-4398046511104.000), Max=(X=4398046511104.000 Y=4398046511104.000 Z=4398046511104.000) RuntimeGrid:None EditorOnly:0 RuntimeOnly:0 HLODRelevant:0 FolderPath:Lighting FolderGuid:963EC3EB4002CCE9759E2EBA541A873A
 |   |   |- Guid:8B985B394E1290F04C369183E295E0B5 BaseClass: NativeClass:/Script/Engine.StaticMeshActor Name:StaticMeshActor_UAID_F02F74190FD43B2B02_1745833287 Label:SM_Cube19 SpatiallyLoaded:1 Bounds:IsValid=true, Min=(X=10.000 Y=10.000 Z=400.000), Max=(X=3135.000 Y=3510.000 Z=450.000) RuntimeGrid:None EditorOnly:0 RuntimeOnly:0 HLODRelevant:1 FolderPath:Playground FolderGuid:C73F09FC4215536B1DCE2A9E0A830C70
 |   |   |- Guid:97A28669403845107AF3AB9F466B968B BaseClass:/Game/Objects/BP_PressurePlate.BP_PressurePlate_C NativeClass:/Script/Engine.Actor Name:BP_PressurePlate_C_UAID_F02F74190FD4DC3702_1675526296 Label:BP_PressurePlate SpatiallyLoaded:1 Bounds:IsValid=true, Min=(X=0.000 Y=0.000 Z=0.000), Max=(X=0.000 Y=0.000 Z=0.000) RuntimeGrid:None EditorOnly:0 RuntimeOnly:0 HLODRelevant:0
 |   |   |- Guid:A542C6C94CCD26FF4009E4BABCC016B2 BaseClass: NativeClass:/Script/Engine.StaticMeshActor Name:StaticMeshActor_UAID_F02F74190FD4342002_1127019442 Label:SM_Cube9 SpatiallyLoaded:1 Bounds:IsValid=true, Min=(X=3130.000 Y=-3490.000 Z=0.000), Max=(X=3230.000 Y=35.000 Z=400.000) RuntimeGrid:None EditorOnly:0 RuntimeOnly:0 HLODRelevant:1 FolderPath:Playground FolderGuid:C73F09FC4215536B1DCE2A9E0A830C70
 |   |   |- Guid:A85432D2405A66CC91F10C84E26F67CC BaseClass: NativeClass:/Script/Engine.PointLight Name:PointLight_UAID_F02F74F828823D2B02_1708805639 Label:PointLight SpatiallyLoaded:1 Bounds:IsValid=true, Min=(X=-2845.042 Y=-1785.042 Z=-3225.042), Max=(X=4225.042 Y=5285.042 Z=3845.042) RuntimeGrid:None EditorOnly:0 RuntimeOnly:0 HLODRelevant:0
 |   |   |- Guid:AC25451B4F677F6F24F6E6804577F84E BaseClass: NativeClass:/Script/Engine.StaticMeshActor Name:StaticMeshActor_UAID_F02F74190FD43B2B02_1765804289 Label:SM_Cube21 SpatiallyLoaded:1 Bounds:IsValid=true, Min=(X=1830.000 Y=3510.000 Z=400.000), Max=(X=3255.000 Y=7010.000 Z=450.000) RuntimeGrid:None EditorOnly:0 RuntimeOnly:0 HLODRelevant:1 Parent:BA02E4D4404ECD54581F96AF4800E0F4 FolderPath:Playground FolderGuid:C73F09FC4215536B1DCE2A9E0A830C70
 |   |   |- Guid:B29A3666444892E1B3E587B26DB47801 BaseClass: NativeClass:/Script/Engine.WorldDataLayers Name:WorldDataLayers Label:WorldDataLayers SpatiallyLoaded:0 Bounds:IsValid=true, Min=(X=0.000 Y=0.000 Z=0.000), Max=(X=0.000 Y=0.000 Z=0.000) RuntimeGrid:None EditorOnly:0 RuntimeOnly:0 HLODRelevant:0
 |   |   |- Guid:B3CD96154164DDB4B69DCCA2899B76EC BaseClass: NativeClass:/Script/Engine.StaticMeshActor Name:StaticMeshActor_6 Label:SM_Cube3 SpatiallyLoaded:1 Bounds:IsValid=true, Min=(X=0.000 Y=3400.000 Z=0.000), Max=(X=2392.750 Y=3500.000 Z=400.000) RuntimeGrid:None EditorOnly:0 RuntimeOnly:0 HLODRelevant:1 FolderPath:Playground FolderGuid:C73F09FC4215536B1DCE2A9E0A830C70
 |   |   |- Guid:BA02E4D4404ECD54581F96AF4800E0F4 BaseClass: NativeClass:/Script/Engine.StaticMeshActor Name:StaticMeshActor_UAID_F02F74190FD43B2B02_1760572288 Label:SM_Cube20 SpatiallyLoaded:1 Bounds:IsValid=true, Min=(X=1820.000 Y=-3490.000 Z=400.000), Max=(X=3245.000 Y=10.000 Z=450.000) RuntimeGrid:None EditorOnly:0 RuntimeOnly:0 HLODRelevant:1 FolderPath:Playground FolderGuid:C73F09FC4215536B1DCE2A9E0A830C70
 |   |   |- Guid:BB7CD44E4200686C7988A295888DA6B1 BaseClass: NativeClass:/Script/Engine.StaticMeshActor Name:StaticMeshActor_UAID_F02F74190FD4342002_1611474451 Label:SM_Cube18 SpatiallyLoaded:1 Bounds:IsValid=true, Min=(X=1900.000 Y=6840.000 Z=0.000), Max=(X=3125.000 Y=6940.000 Z=400.000) RuntimeGrid:None EditorOnly:0 RuntimeOnly:0 HLODRelevant:1 FolderPath:Playground FolderGuid:C73F09FC4215536B1DCE2A9E0A830C70
 |   |   |- Guid:C264FF304DF4D526F22BEC8EA04A9F2C BaseClass:/Game/Objects/BP_Door.BP_Door_C NativeClass:/Script/Engine.Actor Name:BP_Door_C_UAID_F02F74190FD4DC3702_1827229297 Label:BP_Door SpatiallyLoaded:1 Bounds:IsValid=true, Min=(X=0.000 Y=0.000 Z=0.000), Max=(X=0.000 Y=0.000 Z=0.000) RuntimeGrid:None EditorOnly:0 RuntimeOnly:0 HLODRelevant:0
 |   |   |- Guid:C274E26B4351A1A873E06785AF7235CE BaseClass: NativeClass:/Script/Engine.StaticMeshActor Name:StaticMeshActor_UAID_F02F74190FD4342002_1215409443 Label:SM_Cube11 SpatiallyLoaded:1 Bounds:IsValid=true, Min=(X=2999.500 Y=10.000 Z=0.000), Max=(X=3130.000 Y=80.000 Z=400.000) RuntimeGrid:None EditorOnly:0 RuntimeOnly:0 HLODRelevant:1 FolderPath:Playground FolderGuid:C73F09FC4215536B1DCE2A9E0A830C70
 |   |   |- Guid:D78B140546268CEB5FC46DBF5346C4DC BaseClass: NativeClass:/Script/Engine.StaticMeshActor Name:StaticMeshActor_UAID_F02F74190FD4342002_1347439445 Label:SM_Cube13 SpatiallyLoaded:1 Bounds:IsValid=true, Min=(X=1910.000 Y=-3490.000 Z=0.000), Max=(X=3135.000 Y=-3390.000 Z=400.000) RuntimeGrid:None EditorOnly:0 RuntimeOnly:0 HLODRelevant:1 FolderPath:Playground FolderGuid:C73F09FC4215536B1DCE2A9E0A830C70
 |   |   |- Guid:DC83E8CA45E99F2CE830B29524D660FB BaseClass: NativeClass:/Script/Engine.StaticMeshActor Name:StaticMeshActor_UAID_F02F74F82882722D02_1182044089 Label:SM_Cube27 SpatiallyLoaded:1 Bounds:IsValid=true, Min=(X=2174.000 Y=5079.000 Z=-50.000), Max=(X=2849.000 Y=5479.000 Z=0.000) RuntimeGrid:None EditorOnly:0 RuntimeOnly:0 HLODRelevant:1 FolderPath:Playground FolderGuid:C73F09FC4215536B1DCE2A9E0A830C70
 |   |   |- Guid:DD5FB6604D7E614B91510B97ACC83D7C BaseClass: NativeClass:/Script/Engine.StaticMeshActor Name:StaticMeshActor_5 Label:SM_Cube2 SpatiallyLoaded:1 Bounds:IsValid=true, Min=(X=0.000 Y=0.000 Z=0.000), Max=(X=2394.750 Y=100.000 Z=400.000) RuntimeGrid:None EditorOnly:0 RuntimeOnly:0 HLODRelevant:1 FolderPath:Playground FolderGuid:C73F09FC4215536B1DCE2A9E0A830C70
 |   |   |- Guid:E6C89E994B2F7139594DA0813B102BF7 BaseClass: NativeClass:/Script/Engine.TriggerBox Name:StaticMeshActor_UAID_A4AE111137DC5EFB00_1110535423 Label:SM_SkySphere SpatiallyLoaded:0 Bounds:IsValid=true, Min=(X=-16000.000 Y=-16000.000 Z=-16000.000), Max=(X=16000.000 Y=16000.000 Z=16000.000) RuntimeGrid:None EditorOnly:0 RuntimeOnly:0 HLODRelevant:0 FolderPath:Lighting FolderGuid:963EC3EB4002CCE9759E2EBA541A873A
 |   |   |- Guid:F30D1F50463D419C42458DAC8810D97E BaseClass: NativeClass:/Script/Engine.StaticMeshActor Name:StaticMeshActor_UAID_F02F74F82882712D02_1538737905 Label:Cube18 SpatiallyLoaded:1 Bounds:IsValid=true, Min=(X=1522.500 Y=3562.500 Z=-11.250), Max=(X=1657.500 Y=3707.500 Z=1.250) RuntimeGrid:None EditorOnly:0 RuntimeOnly:0 HLODRelevant:1
 |   |   |- Guid:F3C8C631449C8CE16498C89D0952B980 BaseClass: NativeClass:/Script/Engine.SkyLight Name:SkyLight_1 Label:SkyLight SpatiallyLoaded:0 Bounds:IsValid=true, Min=(X=0.000 Y=0.000 Z=690.000), Max=(X=0.000 Y=0.000 Z=690.000) RuntimeGrid:None EditorOnly:0 RuntimeOnly:0 HLODRelevant:0 FolderPath:Lighting FolderGuid:963EC3EB4002CCE9759E2EBA541A873A
 |   |   |- Guid:F77AE2DF46CD1AA0137E4DA382E39094 BaseClass: NativeClass:/Script/Engine.StaticMeshActor Name:StaticMeshActor_UAID_F02F74190FD4342002_1611470447 Label:SM_Cube14 SpatiallyLoaded:1 Bounds:IsValid=true, Min=(X=1800.000 Y=5865.000 Z=-50.000), Max=(X=3225.000 Y=6940.000 Z=0.000) RuntimeGrid:None EditorOnly:0 RuntimeOnly:0 HLODRelevant:1 FolderPath:Playground FolderGuid:C73F09FC4215536B1DCE2A9E0A830C70
 |   |   |- Guid:F89D99124330384ED4C21F94758DCA59 BaseClass: NativeClass:/Script/Engine.PointLight Name:PointLight_UAID_F02F74F828823D2B02_1877969642 Label:PointLight3 SpatiallyLoaded:1 Bounds:IsValid=true, Min=(X=-970.042 Y=-5315.042 Z=-3225.042), Max=(X=6100.042 Y=1755.042 Z=3845.042) RuntimeGrid:None EditorOnly:0 RuntimeOnly:0 HLODRelevant:0
 |   |   |- Guid:FC8EFA804D9778CE7D2459BBB3E2CB6C BaseClass:/Game/Objects/BP_PressurePlate.BP_PressurePlate_C NativeClass:/Script/Engine.Actor Name:BP_PressurePlate_C_UAID_F02F74190FD4DD3702_2124933478 Label:BP_PressurePlate2 SpatiallyLoaded:1 Bounds:IsValid=true, Min=(X=0.000 Y=0.000 Z=0.000), Max=(X=0.000 Y=0.000 Z=0.000) RuntimeGrid:None EditorOnly:0 RuntimeOnly:0 HLODRelevant:0
 |   |   |- Guid:FFCC744148BC24984D0ABE8CBF2D657E BaseClass: NativeClass:/Script/Engine.StaticMeshActor Name:StaticMeshActor_UAID_F02F74190FD4342002_1095813441 Label:SM_Cube8 SpatiallyLoaded:1 Bounds:IsValid=true, Min=(X=1810.000 Y=-3490.000 Z=-50.000), Max=(X=3235.000 Y=-1690.000 Z=0.000) RuntimeGrid:None EditorOnly:0 RuntimeOnly:0 HLODRelevant:1 FolderPath:Playground FolderGuid:C73F09FC4215536B1DCE2A9E0A830C70
 |   |- [+] Clusters:
 |   |   |- [+] [  0]
 |   |   |   |- Guid:023D4C4142FE28AD485718AC8A6AB52F BaseClass: NativeClass:/Script/Engine.SkyAtmosphere Name:SkyAtmosphere_0 Label:SkyAtmosphere SpatiallyLoaded:0 Bounds:IsValid=true, Min=(X=0.000 Y=0.000 Z=1020.000), Max=(X=0.000 Y=0.000 Z=1020.000) RuntimeGrid:None EditorOnly:0 RuntimeOnly:0 HLODRelevant:0 FolderPath:Lighting FolderGuid:963EC3EB4002CCE9759E2EBA541A873A
 |   |   |- [+] [  1]
 |   |   |   |- Guid:D78B140546268CEB5FC46DBF5346C4DC BaseClass: NativeClass:/Script/Engine.StaticMeshActor Name:StaticMeshActor_UAID_F02F74190FD4342002_1347439445 Label:SM_Cube13 SpatiallyLoaded:1 Bounds:IsValid=true, Min=(X=1910.000 Y=-3490.000 Z=0.000), Max=(X=3135.000 Y=-3390.000 Z=400.000) RuntimeGrid:None EditorOnly:0 RuntimeOnly:0 HLODRelevant:1 FolderPath:Playground FolderGuid:C73F09FC4215536B1DCE2A9E0A830C70
 |   |   |- [+] [  2]
 |   |   |   |- Guid:092199F945F071647B3C52A64957A7A4 BaseClass: NativeClass:/Script/Engine.StaticMeshActor Name:StaticMeshActor_UAID_F02F74190FD4F71F02_1530152705 Label:SM_Cube4 SpatiallyLoaded:1 Bounds:IsValid=true, Min=(X=1800.000 Y=10.000 Z=-50.000), Max=(X=3225.000 Y=3510.000 Z=0.000) RuntimeGrid:None EditorOnly:0 RuntimeOnly:0 HLODRelevant:1 FolderPath:Playground FolderGuid:C73F09FC4215536B1DCE2A9E0A830C70
 |   |   |- [+] [  3]
 |   |   |   |- Guid:0A442E1D47DF1DF15D0CCB8D8A257973 BaseClass: NativeClass:/Script/Engine.StaticMeshActor Name:StaticMeshActor_UAID_F02F74F828823E2B02_1201899823 Label:SM_Cube22 SpatiallyLoaded:1 Bounds:IsValid=true, Min=(X=1800.000 Y=-1360.000 Z=-50.000), Max=(X=3225.000 Y=15.000 Z=0.000) RuntimeGrid:None EditorOnly:0 RuntimeOnly:0 HLODRelevant:1 FolderPath:Playground FolderGuid:C73F09FC4215536B1DCE2A9E0A830C70
 |   |   |- [+] [  4]
 |   |   |   |- Guid:7AD130E246C0518B48F55599A29AD7A3 BaseClass: NativeClass:/Script/Engine.DirectionalLight Name:DirectionalLight_0 Label:DirectionalLight SpatiallyLoaded:0 Bounds:IsValid=true, Min=(X=-4398046511104.000 Y=-4398046511104.000 Z=-4398046511104.000), Max=(X=4398046511104.000 Y=4398046511104.000 Z=4398046511104.000) RuntimeGrid:None EditorOnly:0 RuntimeOnly:0 HLODRelevant:0 FolderPath:Lighting FolderGuid:963EC3EB4002CCE9759E2EBA541A873A
 |   |   |- [+] [  5]
 |   |   |   |- Guid:F3C8C631449C8CE16498C89D0952B980 BaseClass: NativeClass:/Script/Engine.SkyLight Name:SkyLight_1 Label:SkyLight SpatiallyLoaded:0 Bounds:IsValid=true, Min=(X=0.000 Y=0.000 Z=690.000), Max=(X=0.000 Y=0.000 Z=690.000) RuntimeGrid:None EditorOnly:0 RuntimeOnly:0 HLODRelevant:0 FolderPath:Lighting FolderGuid:963EC3EB4002CCE9759E2EBA541A873A
 |   |   |- [+] [  6]
 |   |   |   |- Guid:6AF365114FEA816D745851A06D43CAE1 BaseClass: NativeClass:/Script/Engine.StaticMeshActor Name:StaticMeshActor_4 Label:SM_Cube6 SpatiallyLoaded:1 Bounds:IsValid=true, Min=(X=2900.000 Y=10.000 Z=0.000), Max=(X=3000.000 Y=3400.000 Z=400.000) RuntimeGrid:None EditorOnly:0 RuntimeOnly:0 HLODRelevant:1 FolderPath:Playground FolderGuid:C73F09FC4215536B1DCE2A9E0A830C70
 |   |   |- [+] [  7]
 |   |   |   |- Guid:321C5733467361C24E4B6182F044E558 BaseClass: NativeClass:/Script/Engine.StaticMeshActor Name:StaticMeshActor_UAID_F02F74F828823E2B02_1378886825 Label:SM_Cube24 SpatiallyLoaded:1 Bounds:IsValid=true, Min=(X=1865.000 Y=3510.000 Z=-50.000), Max=(X=3115.000 Y=4760.000 Z=0.000) RuntimeGrid:None EditorOnly:0 RuntimeOnly:0 HLODRelevant:1 FolderPath:Playground FolderGuid:C73F09FC4215536B1DCE2A9E0A830C70
 |   |   |- [+] [  8]
 |   |   |   |- Guid:AC25451B4F677F6F24F6E6804577F84E BaseClass: NativeClass:/Script/Engine.StaticMeshActor Name:StaticMeshActor_UAID_F02F74190FD43B2B02_1765804289 Label:SM_Cube21 SpatiallyLoaded:1 Bounds:IsValid=true, Min=(X=1830.000 Y=3510.000 Z=400.000), Max=(X=3255.000 Y=7010.000 Z=450.000) RuntimeGrid:None EditorOnly:0 RuntimeOnly:0 HLODRelevant:1 Parent:BA02E4D4404ECD54581F96AF4800E0F4 FolderPath:Playground FolderGuid:C73F09FC4215536B1DCE2A9E0A830C70
 |   |   |   |- Guid:BA02E4D4404ECD54581F96AF4800E0F4 BaseClass: NativeClass:/Script/Engine.StaticMeshActor Name:StaticMeshActor_UAID_F02F74190FD43B2B02_1760572288 Label:SM_Cube20 SpatiallyLoaded:1 Bounds:IsValid=true, Min=(X=1820.000 Y=-3490.000 Z=400.000), Max=(X=3245.000 Y=10.000 Z=450.000) RuntimeGrid:None EditorOnly:0 RuntimeOnly:0 HLODRelevant:1 FolderPath:Playground FolderGuid:C73F09FC4215536B1DCE2A9E0A830C70
 |   |   |- [+] [  9]
 |   |   |   |- Guid:8B985B394E1290F04C369183E295E0B5 BaseClass: NativeClass:/Script/Engine.StaticMeshActor Name:StaticMeshActor_UAID_F02F74190FD43B2B02_1745833287 Label:SM_Cube19 SpatiallyLoaded:1 Bounds:IsValid=true, Min=(X=10.000 Y=10.000 Z=400.000), Max=(X=3135.000 Y=3510.000 Z=450.000) RuntimeGrid:None EditorOnly:0 RuntimeOnly:0 HLODRelevant:1 FolderPath:Playground FolderGuid:C73F09FC4215536B1DCE2A9E0A830C70
 |   |   |- [+] [ 10]
 |   |   |   |- Guid:B29A3666444892E1B3E587B26DB47801 BaseClass: NativeClass:/Script/Engine.WorldDataLayers Name:WorldDataLayers Label:WorldDataLayers SpatiallyLoaded:0 Bounds:IsValid=true, Min=(X=0.000 Y=0.000 Z=0.000), Max=(X=0.000 Y=0.000 Z=0.000) RuntimeGrid:None EditorOnly:0 RuntimeOnly:0 HLODRelevant:0
 |   |   |- [+] [ 11]
 |   |   |   |- Guid:F77AE2DF46CD1AA0137E4DA382E39094 BaseClass: NativeClass:/Script/Engine.StaticMeshActor Name:StaticMeshActor_UAID_F02F74190FD4342002_1611470447 Label:SM_Cube14 SpatiallyLoaded:1 Bounds:IsValid=true, Min=(X=1800.000 Y=5865.000 Z=-50.000), Max=(X=3225.000 Y=6940.000 Z=0.000) RuntimeGrid:None EditorOnly:0 RuntimeOnly:0 HLODRelevant:1 FolderPath:Playground FolderGuid:C73F09FC4215536B1DCE2A9E0A830C70
 |   |   |- [+] [ 12]
 |   |   |   |- Guid:C274E26B4351A1A873E06785AF7235CE BaseClass: NativeClass:/Script/Engine.StaticMeshActor Name:StaticMeshActor_UAID_F02F74190FD4342002_1215409443 Label:SM_Cube11 SpatiallyLoaded:1 Bounds:IsValid=true, Min=(X=2999.500 Y=10.000 Z=0.000), Max=(X=3130.000 Y=80.000 Z=400.000) RuntimeGrid:None EditorOnly:0 RuntimeOnly:0 HLODRelevant:1 FolderPath:Playground FolderGuid:C73F09FC4215536B1DCE2A9E0A830C70
 |   |   |- [+] [ 13]
 |   |   |   |- Guid:45F4772940758F30FBB10F9FC8AA1ADB BaseClass: NativeClass:/Script/Engine.KillZVolume Name:KillZVolume_UAID_F02F74190FD4352002_1212292630 Label:KillZVolume SpatiallyLoaded:1 Bounds:IsValid=true, Min=(X=205.308 Y=-1499.491 Z=-580.659), Max=(X=3155.308 Y=4200.509 Z=-380.659) RuntimeGrid:None EditorOnly:0 RuntimeOnly:0 HLODRelevant:0
 |   |   |- [+] [ 14]
 |   |   |   |- Guid:BB7CD44E4200686C7988A295888DA6B1 BaseClass: NativeClass:/Script/Engine.StaticMeshActor Name:StaticMeshActor_UAID_F02F74190FD4342002_1611474451 Label:SM_Cube18 SpatiallyLoaded:1 Bounds:IsValid=true, Min=(X=1900.000 Y=6840.000 Z=0.000), Max=(X=3125.000 Y=6940.000 Z=400.000) RuntimeGrid:None EditorOnly:0 RuntimeOnly:0 HLODRelevant:1 FolderPath:Playground FolderGuid:C73F09FC4215536B1DCE2A9E0A830C70
 |   |   |- [+] [ 15]
 |   |   |   |- Guid:0506C0CB4EAFB3F831D254B0AFBFD542 BaseClass: NativeClass:/Script/Engine.VolumetricCloud Name:VolumetricCloud_0 Label:VolumetricCloud SpatiallyLoaded:0 Bounds:IsValid=true, Min=(X=0.000 Y=0.000 Z=820.000), Max=(X=0.000 Y=0.000 Z=820.000) RuntimeGrid:None EditorOnly:0 RuntimeOnly:0 HLODRelevant:0 FolderPath:Lighting FolderGuid:963EC3EB4002CCE9759E2EBA541A873A
 |   |   |- [+] [ 16]
 |   |   |   |- Guid:4C2D4DFB4F8C4C3E3F01BEAFB9CB7AB3 BaseClass: NativeClass:/Script/Engine.ExponentialHeightFog Name:ExponentialHeightFog_0 Label:ExponentialHeightFog SpatiallyLoaded:0 Bounds:IsValid=true, Min=(X=-5600.000 Y=-50.000 Z=-6850.000), Max=(X=-5600.000 Y=-50.000 Z=-6850.000) RuntimeGrid:None EditorOnly:0 RuntimeOnly:0 HLODRelevant:0 FolderPath:Lighting FolderGuid:963EC3EB4002CCE9759E2EBA541A873A
 |   |   |- [+] [ 17]
 |   |   |   |- Guid:49059F85476FF94427467E8CBEBCCB1A BaseClass: NativeClass:/Script/Engine.StaticMeshActor Name:StaticMeshActor_1 Label:SM_Cube SpatiallyLoaded:1 Bounds:IsValid=true, Min=(X=0.000 Y=0.000 Z=-50.000), Max=(X=1468.750 Y=3500.000 Z=0.000) RuntimeGrid:None EditorOnly:0 RuntimeOnly:0 HLODRelevant:1 FolderPath:Playground FolderGuid:C73F09FC4215536B1DCE2A9E0A830C70
 |   |   |- [+] [ 18]
 |   |   |   |- Guid:4D8AB03B4E5A574A0FC76E8B07E706D3 BaseClass:/Game/Objects/BP_Door.BP_Door_C NativeClass:/Script/Engine.Actor Name:BP_Door_C_UAID_F02F74190FD4DC3702_1891729299 Label:BP_Door3 SpatiallyLoaded:1 Bounds:IsValid=true, Min=(X=0.000 Y=0.000 Z=0.000), Max=(X=0.000 Y=0.000 Z=0.000) RuntimeGrid:None EditorOnly:0 RuntimeOnly:0 HLODRelevant:0
 |   |   |- [+] [ 19]
 |   |   |   |- Guid:A85432D2405A66CC91F10C84E26F67CC BaseClass: NativeClass:/Script/Engine.PointLight Name:PointLight_UAID_F02F74F828823D2B02_1708805639 Label:PointLight SpatiallyLoaded:1 Bounds:IsValid=true, Min=(X=-2845.042 Y=-1785.042 Z=-3225.042), Max=(X=4225.042 Y=5285.042 Z=3845.042) RuntimeGrid:None EditorOnly:0 RuntimeOnly:0 HLODRelevant:0
 |   |   |- [+] [ 20]
 |   |   |   |- Guid:FFCC744148BC24984D0ABE8CBF2D657E BaseClass: NativeClass:/Script/Engine.StaticMeshActor Name:StaticMeshActor_UAID_F02F74190FD4342002_1095813441 Label:SM_Cube8 SpatiallyLoaded:1 Bounds:IsValid=true, Min=(X=1810.000 Y=-3490.000 Z=-50.000), Max=(X=3235.000 Y=-1690.000 Z=0.000) RuntimeGrid:None EditorOnly:0 RuntimeOnly:0 HLODRelevant:1 FolderPath:Playground FolderGuid:C73F09FC4215536B1DCE2A9E0A830C70
 |   |   |- [+] [ 21]
 |   |   |   |- Guid:748D9BCA418BEEEEB5D90DA6FC607D6F BaseClass: NativeClass:/Script/Engine.PostProcessVolume Name:PostProcessVolume_0 Label:PostProcessVolume SpatiallyLoaded:0 Bounds:IsValid=true, Min=(X=0.000 Y=0.000 Z=400.000), Max=(X=200.000 Y=200.000 Z=600.000) RuntimeGrid:None EditorOnly:0 RuntimeOnly:0 HLODRelevant:0 FolderPath:Lighting FolderGuid:963EC3EB4002CCE9759E2EBA541A873A
 |   |   |- [+] [ 22]
 |   |   |   |- Guid:3D4D00E64A1436FB4D2750BC320B5FC0 BaseClass: NativeClass:/Script/Engine.StaticMeshActor Name:StaticMeshActor_UAID_F02F74190FD4342002_1611472448 Label:SM_Cube15 SpatiallyLoaded:1 Bounds:IsValid=true, Min=(X=3120.000 Y=3415.000 Z=0.000), Max=(X=3220.000 Y=6940.000 Z=400.000) RuntimeGrid:None EditorOnly:0 RuntimeOnly:0 HLODRelevant:1 FolderPath:Playground FolderGuid:C73F09FC4215536B1DCE2A9E0A830C70
 |   |   |- [+] [ 23]
 |   |   |   |- Guid:01F28550446B21BABC8234A2CE5DD49E BaseClass: NativeClass:/Script/Engine.TextRenderActor Name:TextRenderActor_1 Label:TextRenderActor SpatiallyLoaded:1 Bounds:IsValid=true, Min=(X=-0.100 Y=1100.000 Z=65.013), Max=(X=-0.100 Y=2392.308 Z=215.013) RuntimeGrid:None EditorOnly:0 RuntimeOnly:0 HLODRelevant:0
 |   |   |- [+] [ 24]
 |   |   |   |- Guid:F30D1F50463D419C42458DAC8810D97E BaseClass: NativeClass:/Script/Engine.StaticMeshActor Name:StaticMeshActor_UAID_F02F74F82882712D02_1538737905 Label:Cube18 SpatiallyLoaded:1 Bounds:IsValid=true, Min=(X=1522.500 Y=3562.500 Z=-11.250), Max=(X=1657.500 Y=3707.500 Z=1.250) RuntimeGrid:None EditorOnly:0 RuntimeOnly:0 HLODRelevant:1
 |   |   |- [+] [ 25]
 |   |   |   |- Guid:152699444197AA5182250FB8E5F1D8BC BaseClass: NativeClass:/Script/Engine.StaticMeshActor Name:StaticMeshActor_UAID_F02F74190FD4342002_1611473450 Label:SM_Cube17 SpatiallyLoaded:1 Bounds:IsValid=true, Min=(X=1800.000 Y=3415.000 Z=0.000), Max=(X=1900.000 Y=6940.000 Z=400.000) RuntimeGrid:None EditorOnly:0 RuntimeOnly:0 HLODRelevant:1 FolderPath:Playground FolderGuid:C73F09FC4215536B1DCE2A9E0A830C70
 |   |   |- [+] [ 26]
 |   |   |   |- Guid:1C9E2DA141A88B052B46F99EBB98AEAE BaseClass: NativeClass:/Script/Engine.TriggerBox Name:TriggerBox_UAID_F02F74190FD4352002_1092580629 Label:TriggerBox SpatiallyLoaded:1 Bounds:IsValid=true, Min=(X=2699.800 Y=1290.300 Z=-11.800), Max=(X=3000.200 Y=2289.700 Z=351.800) RuntimeGrid:None EditorOnly:0 RuntimeOnly:0 HLODRelevant:0
 |   |   |- [+] [ 27]
 |   |   |   |- Guid:DC83E8CA45E99F2CE830B29524D660FB BaseClass: NativeClass:/Script/Engine.StaticMeshActor Name:StaticMeshActor_UAID_F02F74F82882722D02_1182044089 Label:SM_Cube27 SpatiallyLoaded:1 Bounds:IsValid=true, Min=(X=2174.000 Y=5079.000 Z=-50.000), Max=(X=2849.000 Y=5479.000 Z=0.000) RuntimeGrid:None EditorOnly:0 RuntimeOnly:0 HLODRelevant:1 FolderPath:Playground FolderGuid:C73F09FC4215536B1DCE2A9E0A830C70
 |   |   |- [+] [ 28]
 |   |   |   |- Guid:1E3D833346A53B3CEA6B308258D60FFA BaseClass: NativeClass:/Script/Engine.StaticMeshActor Name:StaticMeshActor_UAID_F02F74190FD4342002_1611472449 Label:SM_Cube16 SpatiallyLoaded:1 Bounds:IsValid=true, Min=(X=2989.500 Y=3370.000 Z=0.000), Max=(X=3120.000 Y=3440.000 Z=400.000) RuntimeGrid:None EditorOnly:0 RuntimeOnly:0 HLODRelevant:1 FolderPath:Playground FolderGuid:C73F09FC4215536B1DCE2A9E0A830C70
 |   |   |- [+] [ 29]
 |   |   |   |- Guid:3D20820F4A2C384A539AD98FD72E6A85 BaseClass: NativeClass:/Script/Engine.PlayerStart Name:PlayerStart_0 Label:PlayerStart SpatiallyLoaded:0 Bounds:IsValid=true, Min=(X=370.000 Y=1760.000 Z=0.013), Max=(X=450.000 Y=1840.000 Z=184.013) RuntimeGrid:None EditorOnly:0 RuntimeOnly:0 HLODRelevant:0
 |   |   |- [+] [ 30]
 |   |   |   |- Guid:4E73DBE74E0488751C709C90D00BBCD6 BaseClass: NativeClass:/Script/Engine.StaticMeshActor Name:StaticMeshActor_UAID_F02F74190FD4342002_1330502444 Label:SM_Cube12 SpatiallyLoaded:1 Bounds:IsValid=true, Min=(X=1810.000 Y=-3490.000 Z=0.000), Max=(X=1910.000 Y=35.000 Z=400.000) RuntimeGrid:None EditorOnly:0 RuntimeOnly:0 HLODRelevant:1 FolderPath:Playground FolderGuid:C73F09FC4215536B1DCE2A9E0A830C70
 |   |   |- [+] [ 31]
 |   |   |   |- Guid:5CF43F254F36929FC2E4C49A10E66BC7 BaseClass:/Game/Objects/BP_Door.BP_Door_C NativeClass:/Script/Engine.Actor Name:BP_Door_C_UAID_F02F74190FD4DC3702_1891335298 Label:BP_Door2 SpatiallyLoaded:1 Bounds:IsValid=true, Min=(X=0.000 Y=0.000 Z=0.000), Max=(X=0.000 Y=0.000 Z=0.000) RuntimeGrid:None EditorOnly:0 RuntimeOnly:0 HLODRelevant:0
 |   |   |   |- Guid:97A28669403845107AF3AB9F466B968B BaseClass:/Game/Objects/BP_PressurePlate.BP_PressurePlate_C NativeClass:/Script/Engine.Actor Name:BP_PressurePlate_C_UAID_F02F74190FD4DC3702_1675526296 Label:BP_PressurePlate SpatiallyLoaded:1 Bounds:IsValid=true, Min=(X=0.000 Y=0.000 Z=0.000), Max=(X=0.000 Y=0.000 Z=0.000) RuntimeGrid:None EditorOnly:0 RuntimeOnly:0 HLODRelevant:0
 |   |   |   |- Guid:FC8EFA804D9778CE7D2459BBB3E2CB6C BaseClass:/Game/Objects/BP_PressurePlate.BP_PressurePlate_C NativeClass:/Script/Engine.Actor Name:BP_PressurePlate_C_UAID_F02F74190FD4DD3702_2124933478 Label:BP_PressurePlate2 SpatiallyLoaded:1 Bounds:IsValid=true, Min=(X=0.000 Y=0.000 Z=0.000), Max=(X=0.000 Y=0.000 Z=0.000) RuntimeGrid:None EditorOnly:0 RuntimeOnly:0 HLODRelevant:0
 |   |   |- [+] [ 32]
 |   |   |   |- Guid:A542C6C94CCD26FF4009E4BABCC016B2 BaseClass: NativeClass:/Script/Engine.StaticMeshActor Name:StaticMeshActor_UAID_F02F74190FD4342002_1127019442 Label:SM_Cube9 SpatiallyLoaded:1 Bounds:IsValid=true, Min=(X=3130.000 Y=-3490.000 Z=0.000), Max=(X=3230.000 Y=35.000 Z=400.000) RuntimeGrid:None EditorOnly:0 RuntimeOnly:0 HLODRelevant:1 FolderPath:Playground FolderGuid:C73F09FC4215536B1DCE2A9E0A830C70
 |   |   |- [+] [ 33]
 |   |   |   |- Guid:792721794683D7DC68BB66AAF8DE42F7 BaseClass: NativeClass:/Script/Engine.PointLight Name:PointLight_UAID_F02F74F828823D2B02_1853630641 Label:PointLight2 SpatiallyLoaded:1 Bounds:IsValid=true, Min=(X=-975.042 Y=1399.958 Z=-3225.042), Max=(X=6095.042 Y=8470.042 Z=3845.042) RuntimeGrid:None EditorOnly:0 RuntimeOnly:0 HLODRelevant:0
 |   |   |- [+] [ 34]
 |   |   |   |- Guid:F89D99124330384ED4C21F94758DCA59 BaseClass: NativeClass:/Script/Engine.PointLight Name:PointLight_UAID_F02F74F828823D2B02_1877969642 Label:PointLight3 SpatiallyLoaded:1 Bounds:IsValid=true, Min=(X=-970.042 Y=-5315.042 Z=-3225.042), Max=(X=6100.042 Y=1755.042 Z=3845.042) RuntimeGrid:None EditorOnly:0 RuntimeOnly:0 HLODRelevant:0
 |   |   |- [+] [ 35]
 |   |   |   |- Guid:DD5FB6604D7E614B91510B97ACC83D7C BaseClass: NativeClass:/Script/Engine.StaticMeshActor Name:StaticMeshActor_5 Label:SM_Cube2 SpatiallyLoaded:1 Bounds:IsValid=true, Min=(X=0.000 Y=0.000 Z=0.000), Max=(X=2394.750 Y=100.000 Z=400.000) RuntimeGrid:None EditorOnly:0 RuntimeOnly:0 HLODRelevant:1 FolderPath:Playground FolderGuid:C73F09FC4215536B1DCE2A9E0A830C70
 |   |   |- [+] [ 36]
 |   |   |   |- Guid:7A4C2CCC4A3F0AA7D3C9F9BCFC77E64F BaseClass: NativeClass:/Script/Engine.StaticMeshActor Name:StaticMeshActor_0 Label:SM_Cube5 SpatiallyLoaded:1 Bounds:IsValid=true, Min=(X=-0.000 Y=100.000 Z=0.000), Max=(X=100.000 Y=3400.000 Z=400.000) RuntimeGrid:None EditorOnly:0 RuntimeOnly:0 HLODRelevant:1 FolderPath:Playground FolderGuid:C73F09FC4215536B1DCE2A9E0A830C70
 |   |   |- [+] [ 37]
 |   |   |   |- Guid:B3CD96154164DDB4B69DCCA2899B76EC BaseClass: NativeClass:/Script/Engine.StaticMeshActor Name:StaticMeshActor_6 Label:SM_Cube3 SpatiallyLoaded:1 Bounds:IsValid=true, Min=(X=0.000 Y=3400.000 Z=0.000), Max=(X=2392.750 Y=3500.000 Z=400.000) RuntimeGrid:None EditorOnly:0 RuntimeOnly:0 HLODRelevant:1 FolderPath:Playground FolderGuid:C73F09FC4215536B1DCE2A9E0A830C70
 |   |   |- [+] [ 38]
 |   |   |   |- Guid:E6C89E994B2F7139594DA0813B102BF7 BaseClass: NativeClass:/Script/Engine.TriggerBox Name:StaticMeshActor_UAID_A4AE111137DC5EFB00_1110535423 Label:SM_SkySphere SpatiallyLoaded:0 Bounds:IsValid=true, Min=(X=-16000.000 Y=-16000.000 Z=-16000.000), Max=(X=16000.000 Y=16000.000 Z=16000.000) RuntimeGrid:None EditorOnly:0 RuntimeOnly:0 HLODRelevant:0 FolderPath:Lighting FolderGuid:963EC3EB4002CCE9759E2EBA541A873A
 |   |   |- [+] [ 39]
 |   |   |   |- Guid:C264FF304DF4D526F22BEC8EA04A9F2C BaseClass:/Game/Objects/BP_Door.BP_Door_C NativeClass:/Script/Engine.Actor Name:BP_Door_C_UAID_F02F74190FD4DC3702_1827229297 Label:BP_Door SpatiallyLoaded:1 Bounds:IsValid=true, Min=(X=0.000 Y=0.000 Z=0.000), Max=(X=0.000 Y=0.000 Z=0.000) RuntimeGrid:None EditorOnly:0 RuntimeOnly:0 HLODRelevant:0
 |- ContainerInstances:
 |- [+] MainContainer:
 |   |-        ID: 0x0000000000000000
 |   |-    Bounds: IsValid=false, Min=(X=0.000 Y=0.000 Z=0.000), Max=(X=0.000 Y=0.000 Z=0.000)
 |   |- Transform: 0.000000,0.000000,0.000000|0.000000,0.000000,-0.000000|1.000000,1.000000,1.000000
 |   |- Container: /Game/Levels/AndLevel
----------------------------------------------------------------------------------------------------------------
AndLevel - Persistent Level
----------------------------------------------------------------------------------------------------------------
Always loaded Actor Count: 50 

----------------------------------------------------------------------------------------------------------------
AndLevel - Runtime Spatial Hash - Streaming Grid - MainGrid
----------------------------------------------------------------------------------------------------------------
            Origin: X=0.000 Y=0.000 Z=0.000
         Cell Size: 12800
      World Bounds: IsValid=false, Min=(X=0.000 Y=0.000 Z=0.000), Max=(X=0.000 Y=0.000 Z=0.000)
     Loading Range: 25600.00
Block Slow Loading: No
 ClientOnlyVisible: No

[+] Grid Levels: 1
 |- Level  0: Cell Count    0 | Cell Size   12800 | Actor Count    0 (0.0%)

[+] Content of Grid Level 0

